Archive member included to satisfy reference by file (symbol)

/Applications/STM32CubeIDE.app/Contents/Eclipse/plugins/com.st.stm32cube.ide.mcu.externaltools.gnu-tools-for-stm32.10.3-2021.10.macos64_1.0.200.202301161003/tools/bin/../lib/gcc/arm-none-eabi/10.3.1/../../../../arm-none-eabi/lib/thumb/v7e-m+fp/hard/libc_nano.a(lib_a-atoi.o)
                              ./Core/Front_Layer/Parser.o (atoi)
/Applications/STM32CubeIDE.app/Contents/Eclipse/plugins/com.st.stm32cube.ide.mcu.externaltools.gnu-tools-for-stm32.10.3-2021.10.macos64_1.0.200.202301161003/tools/bin/../lib/gcc/arm-none-eabi/10.3.1/../../../../arm-none-eabi/lib/thumb/v7e-m+fp/hard/libc_nano.a(lib_a-errno.o)
                              ./Core/Src/syscalls.o (__errno)
/Applications/STM32CubeIDE.app/Contents/Eclipse/plugins/com.st.stm32cube.ide.mcu.externaltools.gnu-tools-for-stm32.10.3-2021.10.macos64_1.0.200.202301161003/tools/bin/../lib/gcc/arm-none-eabi/10.3.1/../../../../arm-none-eabi/lib/thumb/v7e-m+fp/hard/libc_nano.a(lib_a-exit.o)
                              /Applications/STM32CubeIDE.app/Contents/Eclipse/plugins/com.st.stm32cube.ide.mcu.externaltools.gnu-tools-for-stm32.10.3-2021.10.macos64_1.0.200.202301161003/tools/bin/../lib/gcc/arm-none-eabi/10.3.1/../../../../arm-none-eabi/lib/thumb/v7e-m+fp/hard/crt0.o (exit)
/Applications/STM32CubeIDE.app/Contents/Eclipse/plugins/com.st.stm32cube.ide.mcu.externaltools.gnu-tools-for-stm32.10.3-2021.10.macos64_1.0.200.202301161003/tools/bin/../lib/gcc/arm-none-eabi/10.3.1/../../../../arm-none-eabi/lib/thumb/v7e-m+fp/hard/libc_nano.a(lib_a-impure.o)
                              /Applications/STM32CubeIDE.app/Contents/Eclipse/plugins/com.st.stm32cube.ide.mcu.externaltools.gnu-tools-for-stm32.10.3-2021.10.macos64_1.0.200.202301161003/tools/bin/../lib/gcc/arm-none-eabi/10.3.1/../../../../arm-none-eabi/lib/thumb/v7e-m+fp/hard/libc_nano.a(lib_a-exit.o) (_global_impure_ptr)
/Applications/STM32CubeIDE.app/Contents/Eclipse/plugins/com.st.stm32cube.ide.mcu.externaltools.gnu-tools-for-stm32.10.3-2021.10.macos64_1.0.200.202301161003/tools/bin/../lib/gcc/arm-none-eabi/10.3.1/../../../../arm-none-eabi/lib/thumb/v7e-m+fp/hard/libc_nano.a(lib_a-init.o)
                              /Applications/STM32CubeIDE.app/Contents/Eclipse/plugins/com.st.stm32cube.ide.mcu.externaltools.gnu-tools-for-stm32.10.3-2021.10.macos64_1.0.200.202301161003/tools/bin/../lib/gcc/arm-none-eabi/10.3.1/../../../../arm-none-eabi/lib/thumb/v7e-m+fp/hard/crt0.o (__libc_init_array)
/Applications/STM32CubeIDE.app/Contents/Eclipse/plugins/com.st.stm32cube.ide.mcu.externaltools.gnu-tools-for-stm32.10.3-2021.10.macos64_1.0.200.202301161003/tools/bin/../lib/gcc/arm-none-eabi/10.3.1/../../../../arm-none-eabi/lib/thumb/v7e-m+fp/hard/libc_nano.a(lib_a-memcpy-stub.o)
                              ./Core/Front_Layer/Commands.o (memcpy)
/Applications/STM32CubeIDE.app/Contents/Eclipse/plugins/com.st.stm32cube.ide.mcu.externaltools.gnu-tools-for-stm32.10.3-2021.10.macos64_1.0.200.202301161003/tools/bin/../lib/gcc/arm-none-eabi/10.3.1/../../../../arm-none-eabi/lib/thumb/v7e-m+fp/hard/libc_nano.a(lib_a-memset.o)
                              /Applications/STM32CubeIDE.app/Contents/Eclipse/plugins/com.st.stm32cube.ide.mcu.externaltools.gnu-tools-for-stm32.10.3-2021.10.macos64_1.0.200.202301161003/tools/bin/../lib/gcc/arm-none-eabi/10.3.1/../../../../arm-none-eabi/lib/thumb/v7e-m+fp/hard/crt0.o (memset)
/Applications/STM32CubeIDE.app/Contents/Eclipse/plugins/com.st.stm32cube.ide.mcu.externaltools.gnu-tools-for-stm32.10.3-2021.10.macos64_1.0.200.202301161003/tools/bin/../lib/gcc/arm-none-eabi/10.3.1/../../../../arm-none-eabi/lib/thumb/v7e-m+fp/hard/libc_nano.a(lib_a-printf.o)
                              ./Core/Logic_Layer/errorHandling.o (printf)
/Applications/STM32CubeIDE.app/Contents/Eclipse/plugins/com.st.stm32cube.ide.mcu.externaltools.gnu-tools-for-stm32.10.3-2021.10.macos64_1.0.200.202301161003/tools/bin/../lib/gcc/arm-none-eabi/10.3.1/../../../../arm-none-eabi/lib/thumb/v7e-m+fp/hard/libc_nano.a(lib_a-strcmp.o)
                              ./Core/Front_Layer/Parser.o (strcmp)
/Applications/STM32CubeIDE.app/Contents/Eclipse/plugins/com.st.stm32cube.ide.mcu.externaltools.gnu-tools-for-stm32.10.3-2021.10.macos64_1.0.200.202301161003/tools/bin/../lib/gcc/arm-none-eabi/10.3.1/../../../../arm-none-eabi/lib/thumb/v7e-m+fp/hard/libc_nano.a(lib_a-strtol.o)
                              /Applications/STM32CubeIDE.app/Contents/Eclipse/plugins/com.st.stm32cube.ide.mcu.externaltools.gnu-tools-for-stm32.10.3-2021.10.macos64_1.0.200.202301161003/tools/bin/../lib/gcc/arm-none-eabi/10.3.1/../../../../arm-none-eabi/lib/thumb/v7e-m+fp/hard/libc_nano.a(lib_a-atoi.o) (_strtol_r)
/Applications/STM32CubeIDE.app/Contents/Eclipse/plugins/com.st.stm32cube.ide.mcu.externaltools.gnu-tools-for-stm32.10.3-2021.10.macos64_1.0.200.202301161003/tools/bin/../lib/gcc/arm-none-eabi/10.3.1/../../../../arm-none-eabi/lib/thumb/v7e-m+fp/hard/libc_nano.a(lib_a-ctype_.o)
[...]
Memory Configuration

Name             Origin             Length             Attributes
CCMRAM           0x0000000010000000 0x0000000000010000 xrw
RAM              0x0000000020000000 0x0000000000020000 xrw
FLASH            0x0000000008000000 0x0000000000100000 xr
*default*        0x0000000000000000 0xffffffffffffffff

Linker script and memory map

LOAD /Applications/STM32CubeIDE.app/Contents/Eclipse/plugins/com.st.stm32cube.ide.mcu.externaltools.gnu-tools-for-stm32.10.3-2021.10.macos64_1.0.200.202301161003/tools/bin/../lib/gcc/arm-none-eabi/10.3.1/thumb/v7e-m+fp/hard/crti.o
LOAD /Applications/STM32CubeIDE.app/Contents/Eclipse/plugins/com.st.stm32cube.ide.mcu.externaltools.gnu-tools-for-stm32.10.3-2021.10.macos64_1.0.200.202301161003/tools/bin/../lib/gcc/arm-none-eabi/10.3.1/thumb/v7e-m+fp/hard/crtbegin.o
LOAD /Applications/STM32CubeIDE.app/Contents/Eclipse/plugins/com.st.stm32cube.ide.mcu.externaltools.gnu-tools-for-stm32.10.3-2021.10.macos64_1.0.200.202301161003/tools/bin/../lib/gcc/arm-none-eabi/10.3.1/../../../../arm-none-eabi/lib/thumb/v7e-m+fp/hard/crt0.o
LOAD ./Core/Front_Layer/Commands.o
LOAD ./Core/Front_Layer/Parser.o
LOAD ./Core/Logic_Layer/Logic_Debug.o
LOAD ./Core/Logic_Layer/errorHandling.o
LOAD ./Core/Src/dma.o
LOAD ./Core/Src/gpio.o
LOAD ./Core/Src/main.o
LOAD ./Core/Src/stm32f4xx_hal_msp.o
LOAD ./Core/Src/stm32f4xx_it.o
LOAD ./Core/Src/syscalls.o
LOAD ./Core/Src/sysmem.o
LOAD ./Core/Src/system_stm32f4xx.o
LOAD ./Core/Src/tim.o
LOAD ./Core/Src/usart.o
LOAD ./Core/Startup/startup_stm32f407vgtx.o
LOAD ./Core/ub_lib/drawshapes.o
LOAD ./Core/ub_lib/stm32_ub_vga_screen.o
LOAD ./Drivers/STM32F4xx_HAL_Driver/Src/stm32f4xx_hal.o
LOAD ./Drivers/STM32F4xx_HAL_Driver/Src/stm32f4xx_hal_cortex.o
LOAD ./Drivers/STM32F4xx_HAL_Driver/Src/stm32f4xx_hal_dma.o
LOAD ./Drivers/STM32F4xx_HAL_Driver/Src/stm32f4xx_hal_dma_ex.o
LOAD ./Drivers/STM32F4xx_HAL_Driver/Src/stm32f4xx_hal_exti.o
LOAD ./Drivers/STM32F4xx_HAL_Driver/Src/stm32f4xx_hal_flash.o
LOAD ./Drivers/STM32F4xx_HAL_Driver/Src/stm32f4xx_hal_flash_ex.o
LOAD ./Drivers/STM32F4xx_HAL_Driver/Src/stm32f4xx_hal_flash_ramfunc.o
LOAD ./Drivers/STM32F4xx_HAL_Driver/Src/stm32f4xx_hal_gpio.o
LOAD ./Drivers/STM32F4xx_HAL_Driver/Src/stm32f4xx_hal_pwr.o
LOAD ./Drivers/STM32F4xx_HAL_Driver/Src/stm32f4xx_hal_pwr_ex.o
LOAD ./Drivers/STM32F4xx_HAL_Driver/Src/stm32f4xx_hal_rcc.o
LOAD ./Drivers/STM32F4xx_HAL_Driver/Src/stm32f4xx_hal_rcc_ex.o
LOAD ./Drivers/STM32F4xx_HAL_Driver/Src/stm32f4xx_hal_tim.o
LOAD ./Drivers/STM32F4xx_HAL_Driver/Src/stm32f4xx_hal_tim_ex.o
LOAD ./Drivers/STM32F4xx_HAL_Driver/Src/stm32f4xx_hal_uart.o
START GROUP
LOAD /Applications/STM32CubeIDE.app/Contents/Eclipse/plugins/com.st.stm32cube.ide.mcu.externaltools.gnu-tools-for-stm32.10.3-2021.10.macos64_1.0.200.202301161003/tools/bin/../lib/gcc/arm-none-eabi/10.3.1/../../../../arm-none-eabi/lib/thumb/v7e-m+fp/hard/libc_nano.a
LOAD /Applications/STM32CubeIDE.app/Contents/Eclipse/plugins/com.st.stm32cube.ide.mcu.externaltools.gnu-tools-for-stm32.10.3-2021.10.macos64_1.0.200.202301161003/tools/bin/../lib/gcc/arm-none-eabi/10.3.1/../../../../arm-none-eabi/lib/thumb/v7e-m+fp/hard/libm.a
END GROUP
START GROUP
LOAD /Applications/STM32CubeIDE.app/Contents/Eclipse/plugins/com.st.stm32cube.ide.mcu.externaltools.gnu-tools-for-stm32.10.3-2021.10.macos64_1.0.200.202301161003/tools/bin/../lib/gcc/arm-none-eabi/10.3.1/thumb/v7e-m+fp/hard/libgcc.a
LOAD /Applications/STM32CubeIDE.app/Contents/Eclipse/plugins/com.st.stm32cube.ide.mcu.externaltools.gnu-tools-for-stm32.10.3-2021.10.macos64_1.0.200.202301161003/tools/bin/../lib/gcc/arm-none-eabi/10.3.1/../../../../arm-none-eabi/lib/thumb/v7e-m+fp/hard/libc_nano.a
END GROUP
START GROUP
LOAD /Applications/STM32CubeIDE.app/Contents/Eclipse/plugins/com.st.stm32cube.ide.mcu.externaltools.gnu-tools-for-stm32.10.3-2021.10.macos64_1.0.200.202301161003/tools/bin/../lib/gcc/arm-none-eabi/10.3.1/thumb/v7e-m+fp/hard/libgcc.a
LOAD /Applications/STM32CubeIDE.app/Contents/Eclipse/plugins/com.st.stm32cube.ide.mcu.externaltools.gnu-tools-for-stm32.10.3-2021.10.macos64_1.0.200.202301161003/tools/bin/../lib/gcc/arm-none-eabi/10.3.1/../../../../arm-none-eabi/lib/thumb/v7e-m+fp/hard/libc_nano.a
LOAD /Applications/STM32CubeIDE.app/Contents/Eclipse/plugins/com.st.stm32cube.ide.mcu.externaltools.gnu-tools-for-stm32.10.3-2021.10.macos64_1.0.200.202301161003/tools/bin/../lib/gcc/arm-none-eabi/10.3.1/../../../../arm-none-eabi/lib/thumb/v7e-m+fp/hard/libnosys.a
END GROUP
START GROUP
LOAD /Applications/STM32CubeIDE.app/Contents/Eclipse/plugins/com.st.stm32cube.ide.mcu.externaltools.gnu-tools-for-stm32.10.3-2021.10.macos64_1.0.200.202301161003/tools/bin/../lib/gcc/arm-none-eabi/10.3.1/thumb/v7e-m+fp/hard/libgcc.a
LOAD /Applications/STM32CubeIDE.app/Contents/Eclipse/plugins/com.st.stm32cube.ide.mcu.externaltools.gnu-tools-for-stm32.10.3-2021.10.macos64_1.0.200.202301161003/tools/bin/../lib/gcc/arm-none-eabi/10.3.1/../../../../arm-none-eabi/lib/thumb/v7e-m+fp/hard/libc_nano.a
LOAD /Applications/STM32CubeIDE.app/Contents/Eclipse/plugins/com.st.stm32cube.ide.mcu.externaltools.gnu-tools-for-stm32.10.3-2021.10.macos64_1.0.200.202301161003/tools/bin/../lib/gcc/arm-none-eabi/10.3.1/../../../../arm-none-eabi/lib/thumb/v7e-m+fp/hard/libnosys.a
END GROUP
LOAD /Applications/STM32CubeIDE.app/Contents/Eclipse/plugins/com.st.stm32cube.ide.mcu.externaltools.gnu-tools-for-stm32.10.3-2021.10.macos64_1.0.200.202301161003/tools/bin/../lib/gcc/arm-none-eabi/10.3.1/thumb/v7e-m+fp/hard/crtend.o
LOAD /Applications/STM32CubeIDE.app/Contents/Eclipse/plugins/com.st.stm32cube.ide.mcu.externaltools.gnu-tools-for-stm32.10.3-2021.10.macos64_1.0.200.202301161003/tools/bin/../lib/gcc/arm-none-eabi/10.3.1/thumb/v7e-m+fp/hard/crtn.o
                0x0000000020020000                _estack = (ORIGIN (RAM) + LENGTH (RAM))
                0x0000000000000200                _Min_Heap_Size = 0x200
                0x0000000000000400                _Min_Stack_Size = 0x400

.isr_vector     0x0000000008000000      0x188
                0x0000000008000000                . = ALIGN (0x4)
 *(.isr_vector)
 .isr_vector    0x0000000008000000      0x188 ./Core/Startup/startup_stm32f407vgtx.o
                0x0000000008000000                g_pfnVectors
                0x0000000008000188                . = ALIGN (0x4)

.text           0x0000000008000188     0x5468
                0x0000000008000188                . = ALIGN (0x4)
 *(.text)
 .text          0x0000000008000188       0x40 /Applications/STM32CubeIDE.app/Contents/Eclipse/plugins/com.st.stm32cube.ide.mcu.externaltools.gnu-tools-for-stm32.10.3-2021.10.macos64_1.0.200.202301161003/tools/bin/../lib/gcc/arm-none-eabi/10.3.1/thumb/v7e-m+fp/hard/crtbegin.o
 .text          0x00000000080001c8       0x14 /Applications/STM32CubeIDE.app/Contents/Eclipse/plugins/com.st.stm32cube.ide.mcu.externaltools.gnu-tools-for-stm32.10.3-2021.10.macos64_1.0.200.202301161003/tools/bin/../lib/gcc/arm-none-eabi/10.3.1/../../../../arm-none-eabi/lib/thumb/v7e-m+fp/hard/libc_nano.a(lib_a-strcmp.o)
                0x00000000080001c8                strcmp
 .text          0x00000000080001dc      0x378 /Applications/STM32CubeIDE.app/Contents/Eclipse/plugins/com.st.stm32cube.ide.mcu.externaltools.gnu-tools-for-stm32.10.3-2021.10.macos64_1.0.200.202301161003/tools/bin/../lib/gcc/arm-none-eabi/10.3.1/thumb/v7e-m+fp/hard/libgcc.a(_arm_addsubdf3.o)
                0x00000000080001dc                __aeabi_drsub
                0x00000000080001e4                __subdf3
                0x00000000080001e4                __aeabi_dsub
                0x00000000080001e8                __aeabi_dadd
                0x00000000080001e8                __adddf3
                0x0000000008000460                __aeabi_ui2d
                0x0000000008000460                __floatunsidf
                0x0000000008000480                __floatsidf
                0x0000000008000480                __aeabi_i2d
                0x00000000080004a4                __extendsfdf2
                0x00000000080004a4                __aeabi_f2d
                0x00000000080004e8                __aeabi_ul2d
                0x00000000080004e8                __floatundidf
                0x00000000080004f8                __aeabi_l2d
                0x00000000080004f8                __floatdidf
 .text          0x0000000008000554       0xa0 /Applications/STM32CubeIDE.app/Contents/Eclipse/plugins/com.st.stm32cube.ide.mcu.externaltools.gnu-tools-for-stm32.10.3-2021.10.macos64_1.0.200.202301161003/tools/bin/../lib/gcc/arm-none-eabi/10.3.1/thumb/v7e-m+fp/hard/libgcc.a(_arm_truncdfsf2.o)
                0x0000000008000554                __aeabi_d2f
                0x0000000008000554                __truncdfsf2
 .text          0x00000000080005f4       0x30 /Applications/STM32CubeIDE.app/Contents/Eclipse/plugins/com.st.stm32cube.ide.mcu.externaltools.gnu-tools-for-stm32.10.3-2021.10.macos64_1.0.200.202301161003/tools/bin/../lib/gcc/arm-none-eabi/10.3.1/thumb/v7e-m+fp/hard/libgcc.a(_aeabi_uldivmod.o)
                0x00000000080005f4                __aeabi_uldivmod
 .text          0x0000000008000624      0x2d0 /Applications/STM32CubeIDE.app/Contents/Eclipse/plugins/com.st.stm32cube.ide.mcu.externaltools.gnu-tools-for-stm32.10.3-2021.10.macos64_1.0.200.202301161003/tools/bin/../lib/gcc/arm-none-eabi/10.3.1/thumb/v7e-m+fp/hard/libgcc.a(_udivmoddi4.o)
                0x0000000008000624                __udivmoddi4
 .text          0x00000000080008f4        0x4 /Applications/STM32CubeIDE.app/Contents/Eclipse/plugins/com.st.stm32cube.ide.mcu.externaltools.gnu-tools-for-stm32.10.3-2021.10.macos64_1.0.200.202301161003/tools/bin/../lib/gcc/arm-none-eabi/10.3.1/thumb/v7e-m+fp/hard/libgcc.a(_dvmd_tls.o)
                0x00000000080008f4                __aeabi_ldiv0
                0x00000000080008f4                __aeabi_idiv0
 *(.text*)
 .text.RecieveCommandLijn
                0x00000000080008f8       0xc8 ./Core/Front_Layer/Commands.o
                0x00000000080008f8                RecieveCommandLijn
 .text.RecieveCommandClear
                0x00000000080009c0       0x66 ./Core/Front_Layer/Commands.o
                0x00000000080009c0                RecieveCommandClear
 .text.RecieveCommandRechthoek
                0x0000000008000a26       0xc8 ./Core/Front_Layer/Commands.o
                0x0000000008000a26                RecieveCommandRechthoek
 .text.RecieveCommandTekst
                0x0000000008000aee       0x22 ./Core/Front_Layer/Commands.o
                0x0000000008000aee                RecieveCommandTekst
 .text.RecieveCommandBitmap
                0x0000000008000b10       0x76 ./Core/Front_Layer/Commands.o
                0x0000000008000b10                RecieveCommandBitmap
 .text.RecieveCommandWacht
                0x0000000008000b86       0x5a ./Core/Front_Layer/Commands.o
                0x0000000008000b86                RecieveCommandWacht
 .text.RecieveCommandHerhaal
                0x0000000008000be0       0x76 ./Core/Front_Layer/Commands.o
                0x0000000008000be0                RecieveCommandHerhaal
 .text.RecieveCommandFiguur
                0x0000000008000c56       0x22 ./Core/Front_Layer/Commands.o
                0x0000000008000c56                RecieveCommandFiguur
 .text.RecieveCommandCirkel
                0x0000000008000c78       0x22 ./Core/Front_Layer/Commands.o
                0x0000000008000c78                RecieveCommandCirkel
 .text.ParseOnKomma
                0x0000000008000c9a      0x1d8 ./Core/Front_Layer/Parser.o
                0x0000000008000c9a                ParseOnKomma
 *fill*         0x0000000008000e72        0x2 
 .text.CheckWhatCommand
                0x0000000008000e74       0x78 ./Core/Front_Layer/Parser.o
                0x0000000008000e74                CheckWhatCommand
 .text.CheckWhatColor
                0x0000000008000eec       0x60 ./Core/Front_Layer/Parser.o
                0x0000000008000eec                CheckWhatColor
 .text.DoOnCommand
                0x0000000008000f4c      0x17c ./Core/Front_Layer/Parser.o
                0x0000000008000f4c                DoOnCommand
 .text.MX_DMA_Init
                0x00000000080010c8       0x40 ./Core/Src/dma.o
                0x00000000080010c8                MX_DMA_Init
 .text.MX_GPIO_Init
                0x0000000008001108       0xf0 ./Core/Src/gpio.o
                0x0000000008001108                MX_GPIO_Init
 .text.main     0x00000000080011f8      0x1a8 ./Core/Src/main.o
                0x00000000080011f8                main
 .text.SystemClock_Config
                0x00000000080013a0       0xd4 ./Core/Src/main.o
                0x00000000080013a0                SystemClock_Config
 .text.Error_Handler
                0x0000000008001474        0xe ./Core/Src/main.o
                0x0000000008001474                Error_Handler
 *fill*         0x0000000008001482        0x2 
 .text.HAL_MspInit
                0x0000000008001484       0x50 ./Core/Src/stm32f4xx_hal_msp.o
                0x0000000008001484                HAL_MspInit
 .text.NMI_Handler
                0x00000000080014d4        0xe ./Core/Src/stm32f4xx_it.o
                0x00000000080014d4                NMI_Handler
 .text.HardFault_Handler
                0x00000000080014e2        0x6 ./Core/Src/stm32f4xx_it.o
                0x00000000080014e2                HardFault_Handler
 .text.MemManage_Handler
                0x00000000080014e8        0x6 ./Core/Src/stm32f4xx_it.o
                0x00000000080014e8                MemManage_Handler
 .text.BusFault_Handler
                0x00000000080014ee        0x6 ./Core/Src/stm32f4xx_it.o
                0x00000000080014ee                BusFault_Handler
 .text.UsageFault_Handler
                0x00000000080014f4        0x6 ./Core/Src/stm32f4xx_it.o
                0x00000000080014f4                UsageFault_Handler
 .text.SVC_Handler
                0x00000000080014fa        0xe ./Core/Src/stm32f4xx_it.o
                0x00000000080014fa                SVC_Handler
 .text.DebugMon_Handler
                0x0000000008001508        0xe ./Core/Src/stm32f4xx_it.o
                0x0000000008001508                DebugMon_Handler
 .text.PendSV_Handler
                0x0000000008001516        0xe ./Core/Src/stm32f4xx_it.o
                0x0000000008001516                PendSV_Handler
 .text.SysTick_Handler
                0x0000000008001524        0xc ./Core/Src/stm32f4xx_it.o
                0x0000000008001524                SysTick_Handler
 .text.TIM2_IRQHandler
                0x0000000008001530       0xc4 ./Core/Src/stm32f4xx_it.o
                0x0000000008001530                TIM2_IRQHandler
 .text.USART2_IRQHandler
                0x00000000080015f4       0x7c ./Core/Src/stm32f4xx_it.o
                0x00000000080015f4                USART2_IRQHandler
 .text.DMA2_Stream5_IRQHandler
                0x0000000008001670       0x54 ./Core/Src/stm32f4xx_it.o
                0x0000000008001670                DMA2_Stream5_IRQHandler
 .text.SystemInit
                0x00000000080016c4       0x2c ./Core/Src/system_stm32f4xx.o
                0x00000000080016c4                SystemInit
 .text.MX_TIM1_Init
                0x00000000080016f0       0xa0 ./Core/Src/tim.o
                0x00000000080016f0                MX_TIM1_Init
 .text.MX_TIM2_Init
                0x0000000008001790       0xd0 ./Core/Src/tim.o
                0x0000000008001790                MX_TIM2_Init
 .text.HAL_TIM_Base_MspInit
                0x0000000008001860       0xa4 ./Core/Src/tim.o
                0x0000000008001860                HAL_TIM_Base_MspInit
 .text.HAL_TIM_PWM_MspInit
                0x0000000008001904       0x4c ./Core/Src/tim.o
                0x0000000008001904                HAL_TIM_PWM_MspInit
 .text.HAL_TIM_MspPostInit
                0x0000000008001950       0x70 ./Core/Src/tim.o
                0x0000000008001950                HAL_TIM_MspPostInit
 .text.MX_USART2_UART_Init
                0x00000000080019c0       0x54 ./Core/Src/usart.o
                0x00000000080019c0                MX_USART2_UART_Init
 .text.HAL_UART_MspInit
                0x0000000008001a14       0xa0 ./Core/Src/usart.o
                0x0000000008001a14                HAL_UART_MspInit
 .text.Reset_Handler
                0x0000000008001ab4       0x50 ./Core/Startup/startup_stm32f407vgtx.o
                0x0000000008001ab4                Reset_Handler
 .text.Default_Handler
                0x0000000008001b04        0x2 ./Core/Startup/startup_stm32f407vgtx.o
                0x0000000008001b04                DMA1_Stream3_IRQHandler
                0x0000000008001b04                HASH_RNG_IRQHandler
                0x0000000008001b04                EXTI2_IRQHandler
                0x0000000008001b04                TIM8_CC_IRQHandler
                0x0000000008001b04                TIM1_CC_IRQHandler
                0x0000000008001b04                DMA1_Stream5_IRQHandler
                0x0000000008001b04                PVD_IRQHandler
                0x0000000008001b04                SDIO_IRQHandler
                0x0000000008001b04                TAMP_STAMP_IRQHandler
                0x0000000008001b04                CAN2_RX1_IRQHandler
                0x0000000008001b04                EXTI3_IRQHandler
                0x0000000008001b04                TIM8_TRG_COM_TIM14_IRQHandler
                0x0000000008001b04                TIM1_UP_TIM10_IRQHandler
                0x0000000008001b04                TIM8_UP_TIM13_IRQHandler
                0x0000000008001b04                I2C3_ER_IRQHandler
                0x0000000008001b04                EXTI0_IRQHandler
                0x0000000008001b04                I2C2_EV_IRQHandler
                0x0000000008001b04                DMA1_Stream2_IRQHandler
                0x0000000008001b04                CAN1_RX0_IRQHandler
                0x0000000008001b04                FPU_IRQHandler
                0x0000000008001b04                OTG_HS_WKUP_IRQHandler
                0x0000000008001b04                CAN2_SCE_IRQHandler
                0x0000000008001b04                DMA2_Stream2_IRQHandler
                0x0000000008001b04                SPI1_IRQHandler
                0x0000000008001b04                TIM6_DAC_IRQHandler
                0x0000000008001b04                TIM1_BRK_TIM9_IRQHandler
                0x0000000008001b04                DCMI_IRQHandler
                0x0000000008001b04                CAN2_RX0_IRQHandler
                0x0000000008001b04                DMA2_Stream3_IRQHandler
                0x0000000008001b04                USART6_IRQHandler
                0x0000000008001b04                USART3_IRQHandler
                0x0000000008001b04                CAN1_RX1_IRQHandler
                0x0000000008001b04                UART5_IRQHandler
                0x0000000008001b04                DMA2_Stream0_IRQHandler
                0x0000000008001b04                TIM4_IRQHandler
                0x0000000008001b04                I2C1_EV_IRQHandler
                0x0000000008001b04                DMA1_Stream6_IRQHandler
                0x0000000008001b04                DMA1_Stream1_IRQHandler
                0x0000000008001b04                UART4_IRQHandler
                0x0000000008001b04                TIM3_IRQHandler
                0x0000000008001b04                RCC_IRQHandler
                0x0000000008001b04                TIM8_BRK_TIM12_IRQHandler
                0x0000000008001b04                Default_Handler
                0x0000000008001b04                EXTI15_10_IRQHandler
                0x0000000008001b04                ADC_IRQHandler
                0x0000000008001b04                DMA1_Stream7_IRQHandler
                0x0000000008001b04                TIM7_IRQHandler
                0x0000000008001b04                CAN2_TX_IRQHandler
                0x0000000008001b04                TIM5_IRQHandler
                0x0000000008001b04                DMA2_Stream7_IRQHandler
                0x0000000008001b04                I2C3_EV_IRQHandler
                0x0000000008001b04                EXTI9_5_IRQHandler
                0x0000000008001b04                RTC_WKUP_IRQHandler
                0x0000000008001b04                ETH_WKUP_IRQHandler
                0x0000000008001b04                SPI2_IRQHandler
                0x0000000008001b04                OTG_HS_EP1_IN_IRQHandler
                0x0000000008001b04                DMA1_Stream0_IRQHandler
                0x0000000008001b04                CAN1_TX_IRQHandler
                0x0000000008001b04                EXTI4_IRQHandler
                0x0000000008001b04                FSMC_IRQHandler
                0x0000000008001b04                ETH_IRQHandler
                0x0000000008001b04                OTG_HS_EP1_OUT_IRQHandler
                0x0000000008001b04                WWDG_IRQHandler
                0x0000000008001b04                OTG_FS_WKUP_IRQHandler
                0x0000000008001b04                TIM1_TRG_COM_TIM11_IRQHandler
                0x0000000008001b04                OTG_HS_IRQHandler
                0x0000000008001b04                EXTI1_IRQHandler
                0x0000000008001b04                I2C2_ER_IRQHandler
                0x0000000008001b04                DMA2_Stream1_IRQHandler
                0x0000000008001b04                CAN1_SCE_IRQHandler
                0x0000000008001b04                FLASH_IRQHandler
                0x0000000008001b04                DMA2_Stream4_IRQHandler
                0x0000000008001b04                USART1_IRQHandler
                0x0000000008001b04                OTG_FS_IRQHandler
                0x0000000008001b04                SPI3_IRQHandler
                0x0000000008001b04                DMA1_Stream4_IRQHandler
                0x0000000008001b04                I2C1_ER_IRQHandler
                0x0000000008001b04                DMA2_Stream6_IRQHandler
                0x0000000008001b04                RTC_Alarm_IRQHandler
 .text.DrawRectangle
                0x0000000008001b06      0x132 ./Core/ub_lib/drawshapes.o
                0x0000000008001b06                DrawRectangle
 .text.DrawLine
                0x0000000008001c38      0x154 ./Core/ub_lib/drawshapes.o
                0x0000000008001c38                DrawLine
 .text.ClearScreen
                0x0000000008001d8c       0x1c ./Core/ub_lib/drawshapes.o
                0x0000000008001d8c                ClearScreen
 .text.UB_VGA_Screen_Init
                0x0000000008001da8       0xa4 ./Core/ub_lib/stm32_ub_vga_screen.o
                0x0000000008001da8                UB_VGA_Screen_Init
 .text.UB_VGA_FillScreen
                0x0000000008001e4c       0x46 ./Core/ub_lib/stm32_ub_vga_screen.o
                0x0000000008001e4c                UB_VGA_FillScreen
 *fill*         0x0000000008001e92        0x2 
 .text.UB_VGA_SetPixel
                0x0000000008001e94       0x50 ./Core/ub_lib/stm32_ub_vga_screen.o
                0x0000000008001e94                UB_VGA_SetPixel
 .text.HAL_Init
                0x0000000008001ee4       0x44 ./Drivers/STM32F4xx_HAL_Driver/Src/stm32f4xx_hal.o
                0x0000000008001ee4                HAL_Init
 .text.HAL_InitTick
                0x0000000008001f28       0x60 ./Drivers/STM32F4xx_HAL_Driver/Src/stm32f4xx_hal.o
                0x0000000008001f28                HAL_InitTick
 .text.HAL_IncTick
                0x0000000008001f88       0x28 ./Drivers/STM32F4xx_HAL_Driver/Src/stm32f4xx_hal.o
                0x0000000008001f88                HAL_IncTick
 .text.HAL_GetTick
                0x0000000008001fb0       0x18 ./Drivers/STM32F4xx_HAL_Driver/Src/stm32f4xx_hal.o
                0x0000000008001fb0                HAL_GetTick
 .text.__NVIC_SetPriorityGrouping
                0x0000000008001fc8       0x48 ./Drivers/STM32F4xx_HAL_Driver/Src/stm32f4xx_hal_cortex.o
 .text.__NVIC_GetPriorityGrouping
                0x0000000008002010       0x1c ./Drivers/STM32F4xx_HAL_Driver/Src/stm32f4xx_hal_cortex.o
 .text.__NVIC_EnableIRQ
                0x000000000800202c       0x3c ./Drivers/STM32F4xx_HAL_Driver/Src/stm32f4xx_hal_cortex.o
 .text.__NVIC_SetPriority
                0x0000000008002068       0x54 ./Drivers/STM32F4xx_HAL_Driver/Src/stm32f4xx_hal_cortex.o
 .text.NVIC_EncodePriority
                0x00000000080020bc       0x66 ./Drivers/STM32F4xx_HAL_Driver/Src/stm32f4xx_hal_cortex.o
 *fill*         0x0000000008002122        0x2 
 .text.SysTick_Config
                0x0000000008002124       0x44 ./Drivers/STM32F4xx_HAL_Driver/Src/stm32f4xx_hal_cortex.o
 .text.HAL_NVIC_SetPriorityGrouping
                0x0000000008002168       0x16 ./Drivers/STM32F4xx_HAL_Driver/Src/stm32f4xx_hal_cortex.o
                0x0000000008002168                HAL_NVIC_SetPriorityGrouping
 .text.HAL_NVIC_SetPriority
                0x000000000800217e       0x38 ./Drivers/STM32F4xx_HAL_Driver/Src/stm32f4xx_hal_cortex.o
                0x000000000800217e                HAL_NVIC_SetPriority
 .text.HAL_NVIC_EnableIRQ
                0x00000000080021b6       0x1c ./Drivers/STM32F4xx_HAL_Driver/Src/stm32f4xx_hal_cortex.o
                0x00000000080021b6                HAL_NVIC_EnableIRQ
 .text.HAL_SYSTICK_Config
                0x00000000080021d2       0x18 ./Drivers/STM32F4xx_HAL_Driver/Src/stm32f4xx_hal_cortex.o
                0x00000000080021d2                HAL_SYSTICK_Config
 *fill*         0x00000000080021ea        0x2 
 .text.HAL_DMA_Init
                0x00000000080021ec      0x15c ./Drivers/STM32F4xx_HAL_Driver/Src/stm32f4xx_hal_dma.o
                0x00000000080021ec                HAL_DMA_Init
 .text.HAL_DMA_Start_IT
                0x0000000008002348       0xb0 ./Drivers/STM32F4xx_HAL_Driver/Src/stm32f4xx_hal_dma.o
                0x0000000008002348                HAL_DMA_Start_IT
 .text.HAL_DMA_Abort_IT
                0x00000000080023f8       0x44 ./Drivers/STM32F4xx_HAL_Driver/Src/stm32f4xx_hal_dma.o
                0x00000000080023f8                HAL_DMA_Abort_IT
 .text.HAL_DMA_IRQHandler
                0x000000000800243c      0x314 ./Drivers/STM32F4xx_HAL_Driver/Src/stm32f4xx_hal_dma.o
                0x000000000800243c                HAL_DMA_IRQHandler
 .text.DMA_SetConfig
                0x0000000008002750       0x5c ./Drivers/STM32F4xx_HAL_Driver/Src/stm32f4xx_hal_dma.o
 .text.DMA_CalcBaseAndBitshift
                0x00000000080027ac       0x6c ./Drivers/STM32F4xx_HAL_Driver/Src/stm32f4xx_hal_dma.o
 .text.DMA_CheckFifoParam
                0x0000000008002818       0xf8 ./Drivers/STM32F4xx_HAL_Driver/Src/stm32f4xx_hal_dma.o
 .text.HAL_GPIO_Init
                0x0000000008002910      0x338 ./Drivers/STM32F4xx_HAL_Driver/Src/stm32f4xx_hal_gpio.o
                0x0000000008002910                HAL_GPIO_Init
 .text.HAL_GPIO_WritePin
                0x0000000008002c48       0x32 ./Drivers/STM32F4xx_HAL_Driver/Src/stm32f4xx_hal_gpio.o
                0x0000000008002c48                HAL_GPIO_WritePin
 *fill*         0x0000000008002c7a        0x2 
 .text.HAL_RCC_OscConfig
                0x0000000008002c7c      0x4dc ./Drivers/STM32F4xx_HAL_Driver/Src/stm32f4xx_hal_rcc.o
                0x0000000008002c7c                HAL_RCC_OscConfig
 .text.HAL_RCC_ClockConfig
                0x0000000008003158      0x1cc ./Drivers/STM32F4xx_HAL_Driver/Src/stm32f4xx_hal_rcc.o
                0x0000000008003158                HAL_RCC_ClockConfig
 .text.HAL_RCC_GetSysClockFreq
                0x0000000008003324      0x20c ./Drivers/STM32F4xx_HAL_Driver/Src/stm32f4xx_hal_rcc.o
                0x0000000008003324                HAL_RCC_GetSysClockFreq
 .text.HAL_RCC_GetHCLKFreq
                0x0000000008003530       0x18 ./Drivers/STM32F4xx_HAL_Driver/Src/stm32f4xx_hal_rcc.o
                0x0000000008003530                HAL_RCC_GetHCLKFreq
 .text.HAL_RCC_GetPCLK1Freq
                0x0000000008003548       0x28 ./Drivers/STM32F4xx_HAL_Driver/Src/stm32f4xx_hal_rcc.o
                0x0000000008003548                HAL_RCC_GetPCLK1Freq
 .text.HAL_RCC_GetPCLK2Freq
                0x0000000008003570       0x28 ./Drivers/STM32F4xx_HAL_Driver/Src/stm32f4xx_hal_rcc.o
                0x0000000008003570                HAL_RCC_GetPCLK2Freq
 .text.HAL_TIM_Base_Init
                0x0000000008003598       0x56 ./Drivers/STM32F4xx_HAL_Driver/Src/stm32f4xx_hal_tim.o
                0x0000000008003598                HAL_TIM_Base_Init
 .text.HAL_TIM_Base_Start
                0x00000000080035ee       0x48 ./Drivers/STM32F4xx_HAL_Driver/Src/stm32f4xx_hal_tim.o
                0x00000000080035ee                HAL_TIM_Base_Start
 .text.HAL_TIM_PWM_Init
                0x0000000008003636       0x56 ./Drivers/STM32F4xx_HAL_Driver/Src/stm32f4xx_hal_tim.o
                0x0000000008003636                HAL_TIM_PWM_Init
 .text.HAL_TIM_PWM_Start
                0x000000000800368c       0x7c ./Drivers/STM32F4xx_HAL_Driver/Src/stm32f4xx_hal_tim.o
                0x000000000800368c                HAL_TIM_PWM_Start
 .text.HAL_TIM_PWM_Start_IT
                0x0000000008003708      0x108 ./Drivers/STM32F4xx_HAL_Driver/Src/stm32f4xx_hal_tim.o
                0x0000000008003708                HAL_TIM_PWM_Start_IT
 .text.HAL_TIM_IRQHandler
                0x0000000008003810      0x210 ./Drivers/STM32F4xx_HAL_Driver/Src/stm32f4xx_hal_tim.o
                0x0000000008003810                HAL_TIM_IRQHandler
 .text.HAL_TIM_PWM_ConfigChannel
                0x0000000008003a20      0x18c ./Drivers/STM32F4xx_HAL_Driver/Src/stm32f4xx_hal_tim.o
                0x0000000008003a20                HAL_TIM_PWM_ConfigChannel
 .text.HAL_TIM_ConfigClockSource
                0x0000000008003bac      0x188 ./Drivers/STM32F4xx_HAL_Driver/Src/stm32f4xx_hal_tim.o
                0x0000000008003bac                HAL_TIM_ConfigClockSource
 .text.HAL_TIM_PeriodElapsedCallback
                0x0000000008003d34       0x14 ./Drivers/STM32F4xx_HAL_Driver/Src/stm32f4xx_hal_tim.o
                0x0000000008003d34                HAL_TIM_PeriodElapsedCallback
 .text.HAL_TIM_OC_DelayElapsedCallback
                0x0000000008003d48       0x14 ./Drivers/STM32F4xx_HAL_Driver/Src/stm32f4xx_hal_tim.o
                0x0000000008003d48                HAL_TIM_OC_DelayElapsedCallback
 .text.HAL_TIM_IC_CaptureCallback
                0x0000000008003d5c       0x14 ./Drivers/STM32F4xx_HAL_Driver/Src/stm32f4xx_hal_tim.o
                0x0000000008003d5c                HAL_TIM_IC_CaptureCallback
 .text.HAL_TIM_PWM_PulseFinishedCallback
                0x0000000008003d70       0x14 ./Drivers/STM32F4xx_HAL_Driver/Src/stm32f4xx_hal_tim.o
                0x0000000008003d70                HAL_TIM_PWM_PulseFinishedCallback
 .text.HAL_TIM_TriggerCallback
                0x0000000008003d84       0x14 ./Drivers/STM32F4xx_HAL_Driver/Src/stm32f4xx_hal_tim.o
                0x0000000008003d84                HAL_TIM_TriggerCallback
 .text.TIM_Base_SetConfig
                0x0000000008003d98      0x140 ./Drivers/STM32F4xx_HAL_Driver/Src/stm32f4xx_hal_tim.o
                0x0000000008003d98                TIM_Base_SetConfig
 .text.TIM_OC1_SetConfig
                0x0000000008003ed8       0xe0 ./Drivers/STM32F4xx_HAL_Driver/Src/stm32f4xx_hal_tim.o
 .text.TIM_OC2_SetConfig
                0x0000000008003fb8       0xec ./Drivers/STM32F4xx_HAL_Driver/Src/stm32f4xx_hal_tim.o
                0x0000000008003fb8                TIM_OC2_SetConfig
 .text.TIM_OC3_SetConfig
                0x00000000080040a4       0xe8 ./Drivers/STM32F4xx_HAL_Driver/Src/stm32f4xx_hal_tim.o
 .text.TIM_OC4_SetConfig
                0x000000000800418c       0xac ./Drivers/STM32F4xx_HAL_Driver/Src/stm32f4xx_hal_tim.o
 .text.TIM_TI1_ConfigInputStage
                0x0000000008004238       0x5e ./Drivers/STM32F4xx_HAL_Driver/Src/stm32f4xx_hal_tim.o
 .text.TIM_TI2_ConfigInputStage
                0x0000000008004296       0x60 ./Drivers/STM32F4xx_HAL_Driver/Src/stm32f4xx_hal_tim.o
 .text.TIM_ITRx_SetConfig
                0x00000000080042f6       0x36 ./Drivers/STM32F4xx_HAL_Driver/Src/stm32f4xx_hal_tim.o
 .text.TIM_ETR_SetConfig
                0x000000000800432c       0x40 ./Drivers/STM32F4xx_HAL_Driver/Src/stm32f4xx_hal_tim.o
                0x000000000800432c                TIM_ETR_SetConfig
 .text.TIM_CCxChannelCmd
                0x000000000800436c       0x4a ./Drivers/STM32F4xx_HAL_Driver/Src/stm32f4xx_hal_tim.o
                0x000000000800436c                TIM_CCxChannelCmd
 *fill*         0x00000000080043b6        0x2 
 .text.HAL_TIMEx_MasterConfigSynchronization
                0x00000000080043b8       0xf8 ./Drivers/STM32F4xx_HAL_Driver/Src/stm32f4xx_hal_tim_ex.o
                0x00000000080043b8                HAL_TIMEx_MasterConfigSynchronization
 .text.HAL_TIMEx_CommutCallback
                0x00000000080044b0       0x14 ./Drivers/STM32F4xx_HAL_Driver/Src/stm32f4xx_hal_tim_ex.o
                0x00000000080044b0                HAL_TIMEx_CommutCallback
 .text.HAL_TIMEx_BreakCallback
                0x00000000080044c4       0x14 ./Drivers/STM32F4xx_HAL_Driver/Src/stm32f4xx_hal_tim_ex.o
                0x00000000080044c4                HAL_TIMEx_BreakCallback
 .text.HAL_UART_Init
                0x00000000080044d8       0x9a ./Drivers/STM32F4xx_HAL_Driver/Src/stm32f4xx_hal_uart.o
                0x00000000080044d8                HAL_UART_Init
 .text.HAL_UART_Receive_IT
                0x0000000008004572       0xaa ./Drivers/STM32F4xx_HAL_Driver/Src/stm32f4xx_hal_uart.o
                0x0000000008004572                HAL_UART_Receive_IT
 .text.HAL_UART_IRQHandler
                0x000000000800461c      0x200 ./Drivers/STM32F4xx_HAL_Driver/Src/stm32f4xx_hal_uart.o
                0x000000000800461c                HAL_UART_IRQHandler
 .text.HAL_UART_TxCpltCallback
                0x000000000800481c       0x14 ./Drivers/STM32F4xx_HAL_Driver/Src/stm32f4xx_hal_uart.o
                0x000000000800481c                HAL_UART_TxCpltCallback
 .text.HAL_UART_RxCpltCallback
                0x0000000008004830       0x14 ./Drivers/STM32F4xx_HAL_Driver/Src/stm32f4xx_hal_uart.o
                0x0000000008004830                HAL_UART_RxCpltCallback
 .text.HAL_UART_ErrorCallback
                0x0000000008004844       0x14 ./Drivers/STM32F4xx_HAL_Driver/Src/stm32f4xx_hal_uart.o
                0x0000000008004844                HAL_UART_ErrorCallback
 .text.UART_EndRxTransfer
                0x0000000008004858       0x3c ./Drivers/STM32F4xx_HAL_Driver/Src/stm32f4xx_hal_uart.o
 .text.UART_DMAAbortOnError
                0x0000000008004894       0x28 ./Drivers/STM32F4xx_HAL_Driver/Src/stm32f4xx_hal_uart.o
 .text.UART_Transmit_IT
                0x00000000080048bc       0xac ./Drivers/STM32F4xx_HAL_Driver/Src/stm32f4xx_hal_uart.o
 .text.UART_EndTransmit_IT
                0x0000000008004968       0x30 ./Drivers/STM32F4xx_HAL_Driver/Src/stm32f4xx_hal_uart.o
 .text.UART_Receive_IT
                0x0000000008004998      0x102 ./Drivers/STM32F4xx_HAL_Driver/Src/stm32f4xx_hal_uart.o
 *fill*         0x0000000008004a9a        0x2 
 .text.UART_SetConfig
                0x0000000008004a9c      0x99c ./Drivers/STM32F4xx_HAL_Driver/Src/stm32f4xx_hal_uart.o
 .text.atoi     0x0000000008005438        0x8 /Applications/STM32CubeIDE.app/Contents/Eclipse/plugins/com.st.stm32cube.ide.mcu.externaltools.gnu-tools-for-stm32.10.3-2021.10.macos64_1.0.200.202301161003/tools/bin/../lib/gcc/arm-none-eabi/10.3.1/../../../../arm-none-eabi/lib/thumb/v7e-m+fp/hard/libc_nano.a(lib_a-atoi.o)
                0x0000000008005438                atoi
 .text.__errno  0x0000000008005440        0xc /Applications/STM32CubeIDE.app/Contents/Eclipse/plugins/com.st.stm32cube.ide.mcu.externaltools.gnu-tools-for-stm32.10.3-2021.10.macos64_1.0.200.202301161003/tools/bin/../lib/gcc/arm-none-eabi/10.3.1/../../../../arm-none-eabi/lib/thumb/v7e-m+fp/hard/libc_nano.a(lib_a-errno.o)
                0x0000000008005440                __errno
 .text.__libc_init_array
                0x000000000800544c       0x48 /Applications/STM32CubeIDE.app/Contents/Eclipse/plugins/com.st.stm32cube.ide.mcu.externaltools.gnu-tools-for-stm32.10.3-2021.10.macos64_1.0.200.202301161003/tools/bin/../lib/gcc/arm-none-eabi/10.3.1/../../../../arm-none-eabi/lib/thumb/v7e-m+fp/hard/libc_nano.a(lib_a-init.o)
                0x000000000800544c                __libc_init_array
 .text.memcpy   0x0000000008005494       0x1c /Applications/STM32CubeIDE.app/Contents/Eclipse/plugins/com.st.stm32cube.ide.mcu.externaltools.gnu-tools-for-stm32.10.3-2021.10.macos64_1.0.200.202301161003/tools/bin/../lib/gcc/arm-none-eabi/10.3.1/../../../../arm-none-eabi/lib/thumb/v7e-m+fp/hard/libc_nano.a(lib_a-memcpy-stub.o)
                0x0000000008005494                memcpy
 .text.memset   0x00000000080054b0       0x10 /Applications/STM32CubeIDE.app/Contents/Eclipse/plugins/com.st.stm32cube.ide.mcu.externaltools.gnu-tools-for-stm32.10.3-2021.10.macos64_1.0.200.202301161003/tools/bin/../lib/gcc/arm-none-eabi/10.3.1/../../../../arm-none-eabi/lib/thumb/v7e-m+fp/hard/libc_nano.a(lib_a-memset.o)
                0x00000000080054b0                memset
 .text._strtol_l.constprop.0
                0x00000000080054c0      0x104 /Applications/STM32CubeIDE.app/Contents/Eclipse/plugins/com.st.stm32cube.ide.mcu.externaltools.gnu-tools-for-stm32.10.3-2021.10.macos64_1.0.200.202301161003/tools/bin/../lib/gcc/arm-none-eabi/10.3.1/../../../../arm-none-eabi/lib/thumb/v7e-m+fp/hard/libc_nano.a(lib_a-strtol.o)
 .text.strtol   0x00000000080055c4       0x14 /Applications/STM32CubeIDE.app/Contents/Eclipse/plugins/com.st.stm32cube.ide.mcu.externaltools.gnu-tools-for-stm32.10.3-2021.10.macos64_1.0.200.202301161003/tools/bin/../lib/gcc/arm-none-eabi/10.3.1/../../../../arm-none-eabi/lib/thumb/v7e-m+fp/hard/libc_nano.a(lib_a-strtol.o)
                0x00000000080055c4                strtol
 *(.glue_7)
 .glue_7        0x00000000080055d8        0x0 linker stubs
 *(.glue_7t)
 .glue_7t       0x00000000080055d8        0x0 linker stubs
 *(.eh_frame)
 .eh_frame      0x00000000080055d8        0x0 /Applications/STM32CubeIDE.app/Contents/Eclipse/plugins/com.st.stm32cube.ide.mcu.externaltools.gnu-tools-for-stm32.10.3-2021.10.macos64_1.0.200.202301161003/tools/bin/../lib/gcc/arm-none-eabi/10.3.1/thumb/v7e-m+fp/hard/crtbegin.o
 *(.init)
 .init          0x00000000080055d8        0x4 /Applications/STM32CubeIDE.app/Contents/Eclipse/plugins/com.st.stm32cube.ide.mcu.externaltools.gnu-tools-for-stm32.10.3-2021.10.macos64_1.0.200.202301161003/tools/bin/../lib/gcc/arm-none-eabi/10.3.1/thumb/v7e-m+fp/hard/crti.o
                0x00000000080055d8                _init
 .init          0x00000000080055dc        0x8 /Applications/STM32CubeIDE.app/Contents/Eclipse/plugins/com.st.stm32cube.ide.mcu.externaltools.gnu-tools-for-stm32.10.3-2021.10.macos64_1.0.200.202301161003/tools/bin/../lib/gcc/arm-none-eabi/10.3.1/thumb/v7e-m+fp/hard/crtn.o
 *(.fini)
 .fini          0x00000000080055e4        0x4 /Applications/STM32CubeIDE.app/Contents/Eclipse/plugins/com.st.stm32cube.ide.mcu.externaltools.gnu-tools-for-stm32.10.3-2021.10.macos64_1.0.200.202301161003/tools/bin/../lib/gcc/arm-none-eabi/10.3.1/thumb/v7e-m+fp/hard/crti.o
                0x00000000080055e4                _fini
 .fini          0x00000000080055e8        0x8 /Applications/STM32CubeIDE.app/Contents/Eclipse/plugins/com.st.stm32cube.ide.mcu.externaltools.gnu-tools-for-stm32.10.3-2021.10.macos64_1.0.200.202301161003/tools/bin/../lib/gcc/arm-none-eabi/10.3.1/thumb/v7e-m+fp/hard/crtn.o
                0x00000000080055f0                . = ALIGN (0x4)
                0x00000000080055f0                _etext = .

.vfp11_veneer   0x00000000080055f0        0x0
 .vfp11_veneer  0x00000000080055f0        0x0 linker stubs

.v4_bx          0x00000000080055f0        0x0
 .v4_bx         0x00000000080055f0        0x0 linker stubs

.iplt           0x00000000080055f0        0x0
 .iplt          0x00000000080055f0        0x0 /Applications/STM32CubeIDE.app/Contents/Eclipse/plugins/com.st.stm32cube.ide.mcu.externaltools.gnu-tools-for-stm32.10.3-2021.10.macos64_1.0.200.202301161003/tools/bin/../lib/gcc/arm-none-eabi/10.3.1/thumb/v7e-m+fp/hard/crtbegin.o

.rodata         0x00000000080055f0      0x320
                0x00000000080055f0                . = ALIGN (0x4)
 *(.rodata)
 .rodata        0x00000000080055f0      0x199 ./Core/Front_Layer/Parser.o
 *(.rodata*)
 *fill*         0x0000000008005789        0x3 
 .rodata.AHBPrescTable
                0x000000000800578c       0x10 ./Core/Src/system_stm32f4xx.o
                0x000000000800578c                AHBPrescTable
 .rodata.APBPrescTable
                0x000000000800579c        0x8 ./Core/Src/system_stm32f4xx.o
                0x000000000800579c                APBPrescTable
 .rodata.flagBitshiftOffset.0
                0x00000000080057a4        0x8 ./Drivers/STM32F4xx_HAL_Driver/Src/stm32f4xx_hal_dma.o
 .rodata._ctype_
                0x00000000080057ac      0x101 /Applications/STM32CubeIDE.app/Contents/Eclipse/plugins/com.st.stm32cube.ide.mcu.externaltools.gnu-tools-for-stm32.10.3-2021.10.macos64_1.0.200.202301161003/tools/bin/../lib/gcc/arm-none-eabi/10.3.1/../../../../arm-none-eabi/lib/thumb/v7e-m+fp/hard/libc_nano.a(lib_a-ctype_.o)
                0x00000000080057ac                _ctype_
 *fill*         0x00000000080058ad        0x3 
 .rodata.__sf_fake_stderr
                0x00000000080058b0       0x20 /Applications/STM32CubeIDE.app/Contents/Eclipse/plugins/com.st.stm32cube.ide.mcu.externaltools.gnu-tools-for-stm32.10.3-2021.10.macos64_1.0.200.202301161003/tools/bin/../lib/gcc/arm-none-eabi/10.3.1/../../../../arm-none-eabi/lib/thumb/v7e-m+fp/hard/libc_nano.a(lib_a-findfp.o)
                0x00000000080058b0                __sf_fake_stderr
 .rodata.__sf_fake_stdin
                0x00000000080058d0       0x20 /Applications/STM32CubeIDE.app/Contents/Eclipse/plugins/com.st.stm32cube.ide.mcu.externaltools.gnu-tools-for-stm32.10.3-2021.10.macos64_1.0.200.202301161003/tools/bin/../lib/gcc/arm-none-eabi/10.3.1/../../../../arm-none-eabi/lib/thumb/v7e-m+fp/hard/libc_nano.a(lib_a-findfp.o)
                0x00000000080058d0                __sf_fake_stdin
 .rodata.__sf_fake_stdout
                0x00000000080058f0       0x20 /Applications/STM32CubeIDE.app/Contents/Eclipse/plugins/com.st.stm32cube.ide.mcu.externaltools.gnu-tools-for-stm32.10.3-2021.10.macos64_1.0.200.202301161003/tools/bin/../lib/gcc/arm-none-eabi/10.3.1/../../../../arm-none-eabi/lib/thumb/v7e-m+fp/hard/libc_nano.a(lib_a-findfp.o)
                0x00000000080058f0                __sf_fake_stdout
                0x0000000008005910                . = ALIGN (0x4)

.ARM.extab      0x0000000008005910        0x0
                0x0000000008005910                . = ALIGN (0x4)
 *(.ARM.extab* .gnu.linkonce.armextab.*)
                0x0000000008005910                . = ALIGN (0x4)

.ARM            0x0000000008005910        0x8
                0x0000000008005910                . = ALIGN (0x4)
                0x0000000008005910                __exidx_start = .
 *(.ARM.exidx*)
 .ARM.exidx     0x0000000008005910        0x8 /Applications/STM32CubeIDE.app/Contents/Eclipse/plugins/com.st.stm32cube.ide.mcu.externaltools.gnu-tools-for-stm32.10.3-2021.10.macos64_1.0.200.202301161003/tools/bin/../lib/gcc/arm-none-eabi/10.3.1/thumb/v7e-m+fp/hard/libgcc.a(_udivmoddi4.o)
                0x0000000008005918                __exidx_end = .
                0x0000000008005918                . = ALIGN (0x4)

.rel.dyn        0x0000000008005918        0x0
 .rel.iplt      0x0000000008005918        0x0 /Applications/STM32CubeIDE.app/Contents/Eclipse/plugins/com.st.stm32cube.ide.mcu.externaltools.gnu-tools-for-stm32.10.3-2021.10.macos64_1.0.200.202301161003/tools/bin/../lib/gcc/arm-none-eabi/10.3.1/thumb/v7e-m+fp/hard/crtbegin.o

.preinit_array  0x0000000008005918        0x0
                0x0000000008005918                . = ALIGN (0x4)
                0x0000000008005918                PROVIDE (__preinit_array_start = .)
 *(.preinit_array*)
                0x0000000008005918                PROVIDE (__preinit_array_end = .)
                0x0000000008005918                . = ALIGN (0x4)

.init_array     0x0000000008005918        0x4
                0x0000000008005918                . = ALIGN (0x4)
                0x0000000008005918                PROVIDE (__init_array_start = .)
 *(SORT_BY_NAME(.init_array.*))
 *(.init_array*)
 .init_array    0x0000000008005918        0x4 /Applications/STM32CubeIDE.app/Contents/Eclipse/plugins/com.st.stm32cube.ide.mcu.externaltools.gnu-tools-for-stm32.10.3-2021.10.macos64_1.0.200.202301161003/tools/bin/../lib/gcc/arm-none-eabi/10.3.1/thumb/v7e-m+fp/hard/crtbegin.o
                0x000000000800591c                PROVIDE (__init_array_end = .)
                0x000000000800591c                . = ALIGN (0x4)

.fini_array     0x000000000800591c        0x4
                0x000000000800591c                . = ALIGN (0x4)
                [!provide]                        PROVIDE (__fini_array_start = .)
 *(SORT_BY_NAME(.fini_array.*))
 *(.fini_array*)
 .fini_array    0x000000000800591c        0x4 /Applications/STM32CubeIDE.app/Contents/Eclipse/plugins/com.st.stm32cube.ide.mcu.externaltools.gnu-tools-for-stm32.10.3-2021.10.macos64_1.0.200.202301161003/tools/bin/../lib/gcc/arm-none-eabi/10.3.1/thumb/v7e-m+fp/hard/crtbegin.o
                [!provide]                        PROVIDE (__fini_array_end = .)
                0x0000000008005920                . = ALIGN (0x4)
                0x0000000008005920                _sidata = LOADADDR (.data)

.data           0x0000000020000000       0xe4 load address 0x0000000008005920
                0x0000000020000000                . = ALIGN (0x4)
                0x0000000020000000                _sdata = .
 *(.data)
 *(.data*)
 .data.possibleCommands
                0x0000000020000000       0x24 ./Core/Front_Layer/Parser.o
                0x0000000020000000                possibleCommands
 .data.possibleColors
                0x0000000020000024       0x40 ./Core/Front_Layer/Parser.o
                0x0000000020000024                possibleColors
 .data.colorCodes
                0x0000000020000064       0x10 ./Core/Front_Layer/Parser.o
                0x0000000020000064                colorCodes
 .data.SystemCoreClock
                0x0000000020000074        0x4 ./Core/Src/system_stm32f4xx.o
                0x0000000020000074                SystemCoreClock
 .data.uwTickPrio
                0x0000000020000078        0x4 ./Drivers/STM32F4xx_HAL_Driver/Src/stm32f4xx_hal.o
                0x0000000020000078                uwTickPrio
 .data.uwTickFreq
                0x000000002000007c        0x1 ./Drivers/STM32F4xx_HAL_Driver/Src/stm32f4xx_hal.o
                0x000000002000007c                uwTickFreq
 *fill*         0x000000002000007d        0x3 
 .data._impure_ptr
                0x0000000020000080        0x4 /Applications/STM32CubeIDE.app/Contents/Eclipse/plugins/com.st.stm32cube.ide.mcu.externaltools.gnu-tools-for-stm32.10.3-2021.10.macos64_1.0.200.202301161003/tools/bin/../lib/gcc/arm-none-eabi/10.3.1/../../../../arm-none-eabi/lib/thumb/v7e-m+fp/hard/libc_nano.a(lib_a-impure.o)
                0x0000000020000080                _impure_ptr
 .data.impure_data
                0x0000000020000084       0x60 /Applications/STM32CubeIDE.app/Contents/Eclipse/plugins/com.st.stm32cube.ide.mcu.externaltools.gnu-tools-for-stm32.10.3-2021.10.macos64_1.0.200.202301161003/tools/bin/../lib/gcc/arm-none-eabi/10.3.1/../../../../arm-none-eabi/lib/thumb/v7e-m+fp/hard/libc_nano.a(lib_a-impure.o)
                0x00000000200000e4                . = ALIGN (0x4)
                0x00000000200000e4                _edata = .

.igot.plt       0x00000000200000e4        0x0 load address 0x0000000008005a04
 .igot.plt      0x00000000200000e4        0x0 /Applications/STM32CubeIDE.app/Contents/Eclipse/plugins/com.st.stm32cube.ide.mcu.externaltools.gnu-tools-for-stm32.10.3-2021.10.macos64_1.0.200.202301161003/tools/bin/../lib/gcc/arm-none-eabi/10.3.1/thumb/v7e-m+fp/hard/crtbegin.o
                0x00000000200000e4                . = ALIGN (0x4)

.bss            0x00000000200000e4    0x13250 load address 0x0000000008005a04
                0x00000000200000e4                _sbss = .
                0x00000000200000e4                __bss_start__ = _sbss
 *(.bss)
 .bss           0x00000000200000e4       0x1c /Applications/STM32CubeIDE.app/Contents/Eclipse/plugins/com.st.stm32cube.ide.mcu.externaltools.gnu-tools-for-stm32.10.3-2021.10.macos64_1.0.200.202301161003/tools/bin/../lib/gcc/arm-none-eabi/10.3.1/thumb/v7e-m+fp/hard/crtbegin.o
 *(.bss*)
 .bss.input     0x0000000020000100      0x414 ./Core/Src/main.o
                0x0000000020000100                input
 .bss.htim1     0x0000000020000514       0x40 ./Core/Src/tim.o
                0x0000000020000514                htim1
 .bss.htim2     0x0000000020000554       0x40 ./Core/Src/tim.o
                0x0000000020000554                htim2
 .bss.hdma_tim1_up
                0x0000000020000594       0x60 ./Core/Src/tim.o
                0x0000000020000594                hdma_tim1_up
 .bss.huart2    0x00000000200005f4       0x40 ./Core/Src/usart.o
                0x00000000200005f4                huart2
 .bss.VGA_RAM1  0x0000000020000634    0x12cf0 ./Core/ub_lib/stm32_ub_vga_screen.o
                0x0000000020000634                VGA_RAM1
 .bss.VGA       0x0000000020013324        0xc ./Core/ub_lib/stm32_ub_vga_screen.o
                0x0000000020013324                VGA
 .bss.uwTick    0x0000000020013330        0x4 ./Drivers/STM32F4xx_HAL_Driver/Src/stm32f4xx_hal.o
                0x0000000020013330                uwTick
 *(COMMON)
                0x0000000020013334                . = ALIGN (0x4)
                0x0000000020013334                _ebss = .
                0x0000000020013334                __bss_end__ = _ebss

._user_heap_stack
                0x0000000020013334      0x604 load address 0x0000000008005a04
                0x0000000020013338                . = ALIGN (0x8)
 *fill*         0x0000000020013334        0x4 
                0x0000000020013338                PROVIDE (end = .)
                [!provide]                        PROVIDE (_end = .)
                0x0000000020013538                . = (. + _Min_Heap_Size)
 *fill*         0x0000000020013338      0x200 
                0x0000000020013938                . = (. + _Min_Stack_Size)
 *fill*         0x0000000020013538      0x400 
                0x0000000020013938                . = ALIGN (0x8)

/DISCARD/
 libc.a(*)
 libm.a(*)
 libgcc.a(*)

.ARM.attributes
                0x0000000000000000       0x30
 *(.ARM.attributes)
 .ARM.attributes
                0x0000000000000000       0x1e /Applications/STM32CubeIDE.app/Contents/Eclipse/plugins/com.st.stm32cube.ide.mcu.externaltools.gnu-tools-for-stm32.10.3-2021.10.macos64_1.0.200.202301161003/tools/bin/../lib/gcc/arm-none-eabi/10.3.1/thumb/v7e-m+fp/hard/crti.o
 .ARM.attributes
                0x000000000000001e       0x34 /Applications/STM32CubeIDE.app/Contents/Eclipse/plugins/com.st.stm32cube.ide.mcu.externaltools.gnu-tools-for-stm32.10.3-2021.10.macos64_1.0.200.202301161003/tools/bin/../lib/gcc/arm-none-eabi/10.3.1/thumb/v7e-m+fp/hard/crtbegin.o
 .ARM.attributes
                0x0000000000000052       0x34 ./Core/Front_Layer/Commands.o
 .ARM.attributes
                0x0000000000000086       0x34 ./Core/Front_Layer/Parser.o
 .ARM.attributes
                0x00000000000000ba       0x34 ./Core/Src/dma.o
 .ARM.attributes
                0x00000000000000ee       0x34 ./Core/Src/gpio.o
 .ARM.attributes
                0x0000000000000122       0x34 ./Core/Src/main.o
 .ARM.attributes
                0x0000000000000156       0x34 ./Core/Src/stm32f4xx_hal_msp.o
 .ARM.attributes
                0x000000000000018a       0x34 ./Core/Src/stm32f4xx_it.o
 .ARM.attributes
                0x00000000000001be       0x34 ./Core/Src/system_stm32f4xx.o
 .ARM.attributes
                0x00000000000001f2       0x34 ./Core/Src/tim.o
 .ARM.attributes
                0x0000000000000226       0x34 ./Core/Src/usart.o
 .ARM.attributes
                0x000000000000025a       0x21 ./Core/Startup/startup_stm32f407vgtx.o
 .ARM.attributes
                0x000000000000027b       0x34 ./Core/ub_lib/drawshapes.o
 .ARM.attributes
                0x00000000000002af       0x34 ./Core/ub_lib/stm32_ub_vga_screen.o
 .ARM.attributes
                0x00000000000002e3       0x34 ./Drivers/STM32F4xx_HAL_Driver/Src/stm32f4xx_hal.o
 .ARM.attributes
                0x0000000000000317       0x34 ./Drivers/STM32F4xx_HAL_Driver/Src/stm32f4xx_hal_cortex.o
 .ARM.attributes
                0x000000000000034b       0x34 ./Drivers/STM32F4xx_HAL_Driver/Src/stm32f4xx_hal_dma.o
 .ARM.attributes
                0x000000000000037f       0x34 ./Drivers/STM32F4xx_HAL_Driver/Src/stm32f4xx_hal_gpio.o
 .ARM.attributes
                0x00000000000003b3       0x34 ./Drivers/STM32F4xx_HAL_Driver/Src/stm32f4xx_hal_rcc.o
 .ARM.attributes
                0x00000000000003e7       0x34 ./Drivers/STM32F4xx_HAL_Driver/Src/stm32f4xx_hal_tim.o
 .ARM.attributes
                0x000000000000041b       0x34 ./Drivers/STM32F4xx_HAL_Driver/Src/stm32f4xx_hal_tim_ex.o
 .ARM.attributes
                0x000000000000044f       0x34 ./Drivers/STM32F4xx_HAL_Driver/Src/stm32f4xx_hal_uart.o
 .ARM.attributes
                0x0000000000000483       0x34 /Applications/STM32CubeIDE.app/Contents/Eclipse/plugins/com.st.stm32cube.ide.mcu.externaltools.gnu-tools-for-stm32.10.3-2021.10.macos64_1.0.200.202301161003/tools/bin/../lib/gcc/arm-none-eabi/10.3.1/../../../../arm-none-eabi/lib/thumb/v7e-m+fp/hard/libc_nano.a(lib_a-atoi.o)
 .ARM.attributes
                0x00000000000004b7       0x34 /Applications/STM32CubeIDE.app/Contents/Eclipse/plugins/com.st.stm32cube.ide.mcu.externaltools.gnu-tools-for-stm32.10.3-2021.10.macos64_1.0.200.202301161003/tools/bin/../lib/gcc/arm-none-eabi/10.3.1/../../../../arm-none-eabi/lib/thumb/v7e-m+fp/hard/libc_nano.a(lib_a-errno.o)
 .ARM.attributes
                0x00000000000004eb       0x34 /Applications/STM32CubeIDE.app/Contents/Eclipse/plugins/com.st.stm32cube.ide.mcu.externaltools.gnu-tools-for-stm32.10.3-2021.10.macos64_1.0.200.202301161003/tools/bin/../lib/gcc/arm-none-eabi/10.3.1/../../../../arm-none-eabi/lib/thumb/v7e-m+fp/hard/libc_nano.a(lib_a-impure.o)
 .ARM.attributes
                0x000000000000051f       0x34 /Applications/STM32CubeIDE.app/Contents/Eclipse/plugins/com.st.stm32cube.ide.mcu.externaltools.gnu-tools-for-stm32.10.3-2021.10.macos64_1.0.200.202301161003/tools/bin/../lib/gcc/arm-none-eabi/10.3.1/../../../../arm-none-eabi/lib/thumb/v7e-m+fp/hard/libc_nano.a(lib_a-init.o)
 .ARM.attributes
                0x0000000000000553       0x34 /Applications/STM32CubeIDE.app/Contents/Eclipse/plugins/com.st.stm32cube.ide.mcu.externaltools.gnu-tools-for-stm32.10.3-2021.10.macos64_1.0.200.202301161003/tools/bin/../lib/gcc/arm-none-eabi/10.3.1/../../../../arm-none-eabi/lib/thumb/v7e-m+fp/hard/libc_nano.a(lib_a-memcpy-stub.o)
 .ARM.attributes
                0x0000000000000587       0x34 /Applications/STM32CubeIDE.app/Contents/Eclipse/plugins/com.st.stm32cube.ide.mcu.externaltools.gnu-tools-for-stm32.10.3-2021.10.macos64_1.0.200.202301161003/tools/bin/../lib/gcc/arm-none-eabi/10.3.1/../../../../arm-none-eabi/lib/thumb/v7e-m+fp/hard/libc_nano.a(lib_a-memset.o)
 .ARM.attributes
                0x00000000000005bb       0x1c /Applications/STM32CubeIDE.app/Contents/Eclipse/plugins/com.st.stm32cube.ide.mcu.externaltools.gnu-tools-for-stm32.10.3-2021.10.macos64_1.0.200.202301161003/tools/bin/../lib/gcc/arm-none-eabi/10.3.1/../../../../arm-none-eabi/lib/thumb/v7e-m+fp/hard/libc_nano.a(lib_a-strcmp.o)
 .ARM.attributes
                0x00000000000005d7       0x34 /Applications/STM32CubeIDE.app/Contents/Eclipse/plugins/com.st.stm32cube.ide.mcu.externaltools.gnu-tools-for-stm32.10.3-2021.10.macos64_1.0.200.202301161003/tools/bin/../lib/gcc/arm-none-eabi/10.3.1/../../../../arm-none-eabi/lib/thumb/v7e-m+fp/hard/libc_nano.a(lib_a-strtol.o)
 .ARM.attributes
                0x000000000000060b       0x34 /Applications/STM32CubeIDE.app/Contents/Eclipse/plugins/com.st.stm32cube.ide.mcu.externaltools.gnu-tools-for-stm32.10.3-2021.10.macos64_1.0.200.202301161003/tools/bin/../lib/gcc/arm-none-eabi/10.3.1/../../../../arm-none-eabi/lib/thumb/v7e-m+fp/hard/libc_nano.a(lib_a-ctype_.o)
 .ARM.attributes
                0x000000000000063f       0x34 /Applications/STM32CubeIDE.app/Contents/Eclipse/plugins/com.st.stm32cube.ide.mcu.externaltools.gnu-tools-for-stm32.10.3-2021.10.macos64_1.0.200.202301161003/tools/bin/../lib/gcc/arm-none-eabi/10.3.1/../../../../arm-none-eabi/lib/thumb/v7e-m+fp/hard/libc_nano.a(lib_a-findfp.o)
 .ARM.attributes
                0x0000000000000673       0x1e /Applications/STM32CubeIDE.app/Contents/Eclipse/plugins/com.st.stm32cube.ide.mcu.externaltools.gnu-tools-for-stm32.10.3-2021.10.macos64_1.0.200.202301161003/tools/bin/../lib/gcc/arm-none-eabi/10.3.1/thumb/v7e-m+fp/hard/libgcc.a(_arm_addsubdf3.o)
 .ARM.attributes
                0x0000000000000691       0x1e /Applications/STM32CubeIDE.app/Contents/Eclipse/plugins/com.st.stm32cube.ide.mcu.externaltools.gnu-tools-for-stm32.10.3-2021.10.macos64_1.0.200.202301161003/tools/bin/../lib/gcc/arm-none-eabi/10.3.1/thumb/v7e-m+fp/hard/libgcc.a(_arm_truncdfsf2.o)
 .ARM.attributes
                0x00000000000006af       0x1e /Applications/STM32CubeIDE.app/Contents/Eclipse/plugins/com.st.stm32cube.ide.mcu.externaltools.gnu-tools-for-stm32.10.3-2021.10.macos64_1.0.200.202301161003/tools/bin/../lib/gcc/arm-none-eabi/10.3.1/thumb/v7e-m+fp/hard/libgcc.a(_aeabi_uldivmod.o)
 .ARM.attributes
                0x00000000000006cd       0x34 /Applications/STM32CubeIDE.app/Contents/Eclipse/plugins/com.st.stm32cube.ide.mcu.externaltools.gnu-tools-for-stm32.10.3-2021.10.macos64_1.0.200.202301161003/tools/bin/../lib/gcc/arm-none-eabi/10.3.1/thumb/v7e-m+fp/hard/libgcc.a(_udivmoddi4.o)
 .ARM.attributes
                0x0000000000000701       0x1e /Applications/STM32CubeIDE.app/Contents/Eclipse/plugins/com.st.stm32cube.ide.mcu.externaltools.gnu-tools-for-stm32.10.3-2021.10.macos64_1.0.200.202301161003/tools/bin/../lib/gcc/arm-none-eabi/10.3.1/thumb/v7e-m+fp/hard/libgcc.a(_dvmd_tls.o)
 .ARM.attributes
                0x000000000000071f       0x1e /Applications/STM32CubeIDE.app/Contents/Eclipse/plugins/com.st.stm32cube.ide.mcu.externaltools.gnu-tools-for-stm32.10.3-2021.10.macos64_1.0.200.202301161003/tools/bin/../lib/gcc/arm-none-eabi/10.3.1/thumb/v7e-m+fp/hard/crtn.o
OUTPUT(swont_ide.elf elf32-littlearm)
LOAD linker stubs
LOAD /Applications/STM32CubeIDE.app/Contents/Eclipse/plugins/com.st.stm32cube.ide.mcu.externaltools.gnu-tools-for-stm32.10.3-2021.10.macos64_1.0.200.202301161003/tools/bin/../lib/gcc/arm-none-eabi/10.3.1/../../../../arm-none-eabi/lib/thumb/v7e-m+fp/hard/libc.a
LOAD /Applications/STM32CubeIDE.app/Contents/Eclipse/plugins/com.st.stm32cube.ide.mcu.externaltools.gnu-tools-for-stm32.10.3-2021.10.macos64_1.0.200.202301161003/tools/bin/../lib/gcc/arm-none-eabi/10.3.1/../../../../arm-none-eabi/lib/thumb/v7e-m+fp/hard/libm.a
LOAD /Applications/STM32CubeIDE.app/Contents/Eclipse/plugins/com.st.stm32cube.ide.mcu.externaltools.gnu-tools-for-stm32.10.3-2021.10.macos64_1.0.200.202301161003/tools/bin/../lib/gcc/arm-none-eabi/10.3.1/thumb/v7e-m+fp/hard/libgcc.a

.debug_info     0x0000000000000000     0xe196
 .debug_info    0x0000000000000000      0x5d7 ./Core/Front_Layer/Commands.o
 .debug_info    0x00000000000005d7      0xbb3 ./Core/Front_Layer/Parser.o
 .debug_info    0x000000000000118a      0x4f3 ./Core/Src/dma.o
 .debug_info    0x000000000000167d      0x478 ./Core/Src/gpio.o
 .debug_info    0x0000000000001af5      0xd6d ./Core/Src/main.o
 .debug_info    0x0000000000002862      0x2af ./Core/Src/stm32f4xx_hal_msp.o
 .debug_info    0x0000000000002b11      0xb17 ./Core/Src/stm32f4xx_it.o
 .debug_info    0x0000000000003628      0x523 ./Core/Src/system_stm32f4xx.o
 .debug_info    0x0000000000003b4b      0xf00 ./Core/Src/tim.o
 .debug_info    0x0000000000004a4b      0xbf2 ./Core/Src/usart.o
 .debug_info    0x000000000000563d       0x22 ./Core/Startup/startup_stm32f407vgtx.o
 .debug_info    0x000000000000565f      0x4f6 ./Core/ub_lib/drawshapes.o
 .debug_info    0x0000000000005b55      0x893 ./Core/ub_lib/stm32_ub_vga_screen.o
 .debug_info    0x00000000000063e8      0x97c ./Drivers/STM32F4xx_HAL_Driver/Src/stm32f4xx_hal.o
 .debug_info    0x0000000000006d64      0xe1b ./Drivers/STM32F4xx_HAL_Driver/Src/stm32f4xx_hal_cortex.o
 .debug_info    0x0000000000007b7f      0x94f ./Drivers/STM32F4xx_HAL_Driver/Src/stm32f4xx_hal_dma.o
 .debug_info    0x00000000000084ce      0x75a ./Drivers/STM32F4xx_HAL_Driver/Src/stm32f4xx_hal_gpio.o
 .debug_info    0x0000000000008c28      0x966 ./Drivers/STM32F4xx_HAL_Driver/Src/stm32f4xx_hal_rcc.o
 .debug_info    0x000000000000958e     0x266a ./Drivers/STM32F4xx_HAL_Driver/Src/stm32f4xx_hal_tim.o
 .debug_info    0x000000000000bbf8     0x128a ./Drivers/STM32F4xx_HAL_Driver/Src/stm32f4xx_hal_tim_ex.o
 .debug_info    0x000000000000ce82     0x1314 ./Drivers/STM32F4xx_HAL_Driver/Src/stm32f4xx_hal_uart.o

.debug_abbrev   0x0000000000000000     0x26fe
 .debug_abbrev  0x0000000000000000      0x1bc ./Core/Front_Layer/Commands.o
 .debug_abbrev  0x00000000000001bc      0x208 ./Core/Front_Layer/Parser.o
 .debug_abbrev  0x00000000000003c4      0x10a ./Core/Src/dma.o
 .debug_abbrev  0x00000000000004ce      0x146 ./Core/Src/gpio.o
 .debug_abbrev  0x0000000000000614      0x2c3 ./Core/Src/main.o
 .debug_abbrev  0x00000000000008d7       0xd4 ./Core/Src/stm32f4xx_hal_msp.o
 .debug_abbrev  0x00000000000009ab      0x210 ./Core/Src/stm32f4xx_it.o
 .debug_abbrev  0x0000000000000bbb      0x116 ./Core/Src/system_stm32f4xx.o
 .debug_abbrev  0x0000000000000cd1      0x219 ./Core/Src/tim.o
 .debug_abbrev  0x0000000000000eea      0x1fe ./Core/Src/usart.o
 .debug_abbrev  0x00000000000010e8       0x12 ./Core/Startup/startup_stm32f407vgtx.o
 .debug_abbrev  0x00000000000010fa      0x10f ./Core/ub_lib/drawshapes.o
 .debug_abbrev  0x0000000000001209      0x1ef ./Core/ub_lib/stm32_ub_vga_screen.o
 .debug_abbrev  0x00000000000013f8      0x20d ./Drivers/STM32F4xx_HAL_Driver/Src/stm32f4xx_hal.o
 .debug_abbrev  0x0000000000001605      0x316 ./Drivers/STM32F4xx_HAL_Driver/Src/stm32f4xx_hal_cortex.o
 .debug_abbrev  0x000000000000191b      0x25b ./Drivers/STM32F4xx_HAL_Driver/Src/stm32f4xx_hal_dma.o
 .debug_abbrev  0x0000000000001b76      0x1c4 ./Drivers/STM32F4xx_HAL_Driver/Src/stm32f4xx_hal_gpio.o
 .debug_abbrev  0x0000000000001d3a      0x2aa ./Drivers/STM32F4xx_HAL_Driver/Src/stm32f4xx_hal_rcc.o
 .debug_abbrev  0x0000000000001fe4      0x25d ./Drivers/STM32F4xx_HAL_Driver/Src/stm32f4xx_hal_tim.o
 .debug_abbrev  0x0000000000002241      0x24b ./Drivers/STM32F4xx_HAL_Driver/Src/stm32f4xx_hal_tim_ex.o
 .debug_abbrev  0x000000000000248c      0x272 ./Drivers/STM32F4xx_HAL_Driver/Src/stm32f4xx_hal_uart.o

.debug_aranges  0x0000000000000000      0xd28
 .debug_aranges
                0x0000000000000000       0x60 ./Core/Front_Layer/Commands.o
 .debug_aranges
                0x0000000000000060       0x40 ./Core/Front_Layer/Parser.o
 .debug_aranges
                0x00000000000000a0       0x20 ./Core/Src/dma.o
 .debug_aranges
                0x00000000000000c0       0x20 ./Core/Src/gpio.o
 .debug_aranges
                0x00000000000000e0       0x38 ./Core/Src/main.o
 .debug_aranges
                0x0000000000000118       0x20 ./Core/Src/stm32f4xx_hal_msp.o
 .debug_aranges
                0x0000000000000138       0x78 ./Core/Src/stm32f4xx_it.o
 .debug_aranges
                0x00000000000001b0       0x28 ./Core/Src/system_stm32f4xx.o
 .debug_aranges
                0x00000000000001d8       0x50 ./Core/Src/tim.o
 .debug_aranges
                0x0000000000000228       0x30 ./Core/Src/usart.o
 .debug_aranges
                0x0000000000000258       0x28 ./Core/Startup/startup_stm32f407vgtx.o
 .debug_aranges
                0x0000000000000280       0x38 ./Core/ub_lib/drawshapes.o
 .debug_aranges
                0x00000000000002b8       0x30 ./Core/ub_lib/stm32_ub_vga_screen.o
 .debug_aranges
                0x00000000000002e8       0xf0 ./Drivers/STM32F4xx_HAL_Driver/Src/stm32f4xx_hal.o
 .debug_aranges
                0x00000000000003d8      0x118 ./Drivers/STM32F4xx_HAL_Driver/Src/stm32f4xx_hal_cortex.o
 .debug_aranges
                0x00000000000004f0       0x90 ./Drivers/STM32F4xx_HAL_Driver/Src/stm32f4xx_hal_dma.o
 .debug_aranges
                0x0000000000000580       0x58 ./Drivers/STM32F4xx_HAL_Driver/Src/stm32f4xx_hal_gpio.o
 .debug_aranges
                0x00000000000005d8       0x88 ./Drivers/STM32F4xx_HAL_Driver/Src/stm32f4xx_hal_rcc.o
 .debug_aranges
                0x0000000000000660      0x3a8 ./Drivers/STM32F4xx_HAL_Driver/Src/stm32f4xx_hal_tim.o
 .debug_aranges
                0x0000000000000a08      0x150 ./Drivers/STM32F4xx_HAL_Driver/Src/stm32f4xx_hal_tim_ex.o
 .debug_aranges
                0x0000000000000b58      0x1d0 ./Drivers/STM32F4xx_HAL_Driver/Src/stm32f4xx_hal_uart.o

.debug_ranges   0x0000000000000000      0xbe0
 .debug_ranges  0x0000000000000000       0x50 ./Core/Front_Layer/Commands.o
 .debug_ranges  0x0000000000000050       0x30 ./Core/Front_Layer/Parser.o
 .debug_ranges  0x0000000000000080       0x10 ./Core/Src/dma.o
 .debug_ranges  0x0000000000000090       0x10 ./Core/Src/gpio.o
 .debug_ranges  0x00000000000000a0       0x28 ./Core/Src/main.o
 .debug_ranges  0x00000000000000c8       0x10 ./Core/Src/stm32f4xx_hal_msp.o
 .debug_ranges  0x00000000000000d8       0x68 ./Core/Src/stm32f4xx_it.o
 .debug_ranges  0x0000000000000140       0x18 ./Core/Src/system_stm32f4xx.o
 .debug_ranges  0x0000000000000158       0x40 ./Core/Src/tim.o
 .debug_ranges  0x0000000000000198       0x20 ./Core/Src/usart.o
 .debug_ranges  0x00000000000001b8       0x20 ./Core/Startup/startup_stm32f407vgtx.o
 .debug_ranges  0x00000000000001d8       0x28 ./Core/ub_lib/drawshapes.o
 .debug_ranges  0x0000000000000200       0x20 ./Core/ub_lib/stm32_ub_vga_screen.o
 .debug_ranges  0x0000000000000220       0xe0 ./Drivers/STM32F4xx_HAL_Driver/Src/stm32f4xx_hal.o
 .debug_ranges  0x0000000000000300      0x108 ./Drivers/STM32F4xx_HAL_Driver/Src/stm32f4xx_hal_cortex.o
 .debug_ranges  0x0000000000000408       0x80 ./Drivers/STM32F4xx_HAL_Driver/Src/stm32f4xx_hal_dma.o
 .debug_ranges  0x0000000000000488       0x48 ./Drivers/STM32F4xx_HAL_Driver/Src/stm32f4xx_hal_gpio.o
 .debug_ranges  0x00000000000004d0       0x78 ./Drivers/STM32F4xx_HAL_Driver/Src/stm32f4xx_hal_rcc.o
 .debug_ranges  0x0000000000000548      0x398 ./Drivers/STM32F4xx_HAL_Driver/Src/stm32f4xx_hal_tim.o
 .debug_ranges  0x00000000000008e0      0x140 ./Drivers/STM32F4xx_HAL_Driver/Src/stm32f4xx_hal_tim_ex.o
 .debug_ranges  0x0000000000000a20      0x1c0 ./Drivers/STM32F4xx_HAL_Driver/Src/stm32f4xx_hal_uart.o

.debug_macro    0x0000000000000000    0x232b3
 .debug_macro   0x0000000000000000      0x3cc ./Core/Front_Layer/Commands.o
 .debug_macro   0x00000000000003cc      0xa78 ./Core/Front_Layer/Commands.o
 .debug_macro   0x0000000000000e44      0x294 ./Core/Front_Layer/Commands.o
 .debug_macro   0x00000000000010d8       0x2e ./Core/Front_Layer/Commands.o
 .debug_macro   0x0000000000001106       0x2f ./Core/Front_Layer/Commands.o
 .debug_macro   0x0000000000001135       0x22 ./Core/Front_Layer/Commands.o
 .debug_macro   0x0000000000001157       0x8e ./Core/Front_Layer/Commands.o
 .debug_macro   0x00000000000011e5       0x51 ./Core/Front_Layer/Commands.o
 .debug_macro   0x0000000000001236      0x103 ./Core/Front_Layer/Commands.o
 .debug_macro   0x0000000000001339       0x6a ./Core/Front_Layer/Commands.o
 .debug_macro   0x00000000000013a3      0x1df ./Core/Front_Layer/Commands.o
 .debug_macro   0x0000000000001582       0x1c ./Core/Front_Layer/Commands.o
 .debug_macro   0x000000000000159e       0x22 ./Core/Front_Layer/Commands.o
 .debug_macro   0x00000000000015c0       0xd9 ./Core/Front_Layer/Commands.o
 .debug_macro   0x0000000000001699     0x102d ./Core/Front_Layer/Commands.o
 .debug_macro   0x00000000000026c6      0x11f ./Core/Front_Layer/Commands.o
 .debug_macro   0x00000000000027e5    0x15e3c ./Core/Front_Layer/Commands.o
 .debug_macro   0x0000000000018621       0x43 ./Core/Front_Layer/Commands.o
 .debug_macro   0x0000000000018664     0x3659 ./Core/Front_Layer/Commands.o
 .debug_macro   0x000000000001bcbd      0x174 ./Core/Front_Layer/Commands.o
 .debug_macro   0x000000000001be31       0x5a ./Core/Front_Layer/Commands.o
 .debug_macro   0x000000000001be8b      0x96b ./Core/Front_Layer/Commands.o
 .debug_macro   0x000000000001c7f6      0x9fe ./Core/Front_Layer/Commands.o
 .debug_macro   0x000000000001d1f4      0x117 ./Core/Front_Layer/Commands.o
 .debug_macro   0x000000000001d30b      0x13e ./Core/Front_Layer/Commands.o
 .debug_macro   0x000000000001d449       0x27 ./Core/Front_Layer/Commands.o
 .debug_macro   0x000000000001d470      0x174 ./Core/Front_Layer/Commands.o
 .debug_macro   0x000000000001d5e4      0x287 ./Core/Front_Layer/Commands.o
 .debug_macro   0x000000000001d86b       0x5f ./Core/Front_Layer/Commands.o
 .debug_macro   0x000000000001d8ca      0x236 ./Core/Front_Layer/Commands.o
 .debug_macro   0x000000000001db00      0x12c ./Core/Front_Layer/Commands.o
 .debug_macro   0x000000000001dc2c      0x21e ./Core/Front_Layer/Commands.o
 .debug_macro   0x000000000001de4a       0x2e ./Core/Front_Layer/Commands.o
 .debug_macro   0x000000000001de78      0x11a ./Core/Front_Layer/Commands.o
 .debug_macro   0x000000000001df92       0x7e ./Core/Front_Layer/Commands.o
 .debug_macro   0x000000000001e010       0x89 ./Core/Front_Layer/Commands.o
 .debug_macro   0x000000000001e099      0x8a0 ./Core/Front_Layer/Commands.o
 .debug_macro   0x000000000001e939       0x47 ./Core/Front_Layer/Commands.o
 .debug_macro   0x000000000001e980      0x287 ./Core/Front_Layer/Commands.o
 .debug_macro   0x000000000001ec07      0x12d ./Core/Front_Layer/Commands.o
 .debug_macro   0x000000000001ed34       0x52 ./Core/Front_Layer/Commands.o
 .debug_macro   0x000000000001ed86       0x1e ./Core/Front_Layer/Commands.o
 .debug_macro   0x000000000001eda4       0x3c ./Core/Front_Layer/Commands.o
 .debug_macro   0x000000000001ede0       0x34 ./Core/Front_Layer/Commands.o
 .debug_macro   0x000000000001ee14       0x16 ./Core/Front_Layer/Commands.o
 .debug_macro   0x000000000001ee2a       0x35 ./Core/Front_Layer/Commands.o
 .debug_macro   0x000000000001ee5f      0x341 ./Core/Front_Layer/Commands.o
 .debug_macro   0x000000000001f1a0       0x10 ./Core/Front_Layer/Commands.o
 .debug_macro   0x000000000001f1b0       0x16 ./Core/Front_Layer/Commands.o
 .debug_macro   0x000000000001f1c6       0x43 ./Core/Front_Layer/Commands.o
 .debug_macro   0x000000000001f209       0x34 ./Core/Front_Layer/Commands.o
 .debug_macro   0x000000000001f23d       0x10 ./Core/Front_Layer/Commands.o
 .debug_macro   0x000000000001f24d       0x58 ./Core/Front_Layer/Commands.o
 .debug_macro   0x000000000001f2a5       0x71 ./Core/Front_Layer/Commands.o
 .debug_macro   0x000000000001f316       0x1c ./Core/Front_Layer/Commands.o
 .debug_macro   0x000000000001f332      0x12a ./Core/Front_Layer/Commands.o
 .debug_macro   0x000000000001f45c       0x10 ./Core/Front_Layer/Commands.o
 .debug_macro   0x000000000001f46c       0x1c ./Core/Front_Layer/Commands.o
 .debug_macro   0x000000000001f488       0x52 ./Core/Front_Layer/Commands.o
 .debug_macro   0x000000000001f4da       0x22 ./Core/Front_Layer/Commands.o
 .debug_macro   0x000000000001f4fc       0x10 ./Core/Front_Layer/Commands.o
 .debug_macro   0x000000000001f50c       0x52 ./Core/Front_Layer/Commands.o
 .debug_macro   0x000000000001f55e       0xd5 ./Core/Front_Layer/Commands.o
 .debug_macro   0x000000000001f633       0x1c ./Core/Front_Layer/Commands.o
 .debug_macro   0x000000000001f64f       0x3d ./Core/Front_Layer/Commands.o
 .debug_macro   0x000000000001f68c       0x16 ./Core/Front_Layer/Commands.o
 .debug_macro   0x000000000001f6a2      0x145 ./Core/Front_Layer/Commands.o
 .debug_macro   0x000000000001f7e7       0x16 ./Core/Front_Layer/Commands.o
 .debug_macro   0x000000000001f7fd       0x20 ./Core/Front_Layer/Commands.o
 .debug_macro   0x000000000001f81d       0x16 ./Core/Front_Layer/Commands.o
 .debug_macro   0x000000000001f833       0x16 ./Core/Front_Layer/Commands.o
 .debug_macro   0x000000000001f849       0x29 ./Core/Front_Layer/Commands.o
 .debug_macro   0x000000000001f872       0xd0 ./Core/Front_Layer/Commands.o
 .debug_macro   0x000000000001f942       0xa0 ./Core/Front_Layer/Commands.o
 .debug_macro   0x000000000001f9e2       0x10 ./Core/Front_Layer/Commands.o
 .debug_macro   0x000000000001f9f2      0x3e9 ./Core/Front_Layer/Parser.o
 .debug_macro   0x000000000001fddb       0x10 ./Core/Front_Layer/Parser.o
 .debug_macro   0x000000000001fdeb      0x3bd ./Core/Src/dma.o
 .debug_macro   0x00000000000201a8      0x3bd ./Core/Src/gpio.o
 .debug_macro   0x0000000000020565      0x403 ./Core/Src/main.o
 .debug_macro   0x0000000000020968      0x3b3 ./Core/Src/stm32f4xx_hal_msp.o
 .debug_macro   0x0000000000020d1b      0x3bd ./Core/Src/stm32f4xx_it.o
 .debug_macro   0x00000000000210d8      0x1d4 ./Core/Src/system_stm32f4xx.o
 .debug_macro   0x00000000000212ac      0x3bd ./Core/Src/tim.o
 .debug_macro   0x0000000000021669      0x3bd ./Core/Src/usart.o
 .debug_macro   0x0000000000021a26      0x3d9 ./Core/ub_lib/drawshapes.o
 .debug_macro   0x0000000000021dff       0x34 ./Core/ub_lib/drawshapes.o
 .debug_macro   0x0000000000021e33      0x19b ./Core/ub_lib/drawshapes.o
 .debug_macro   0x0000000000021fce      0x3b3 ./Core/ub_lib/stm32_ub_vga_screen.o
 .debug_macro   0x0000000000022381      0x22e ./Drivers/STM32F4xx_HAL_Driver/Src/stm32f4xx_hal.o
 .debug_macro   0x00000000000225af      0x1ce ./Drivers/STM32F4xx_HAL_Driver/Src/stm32f4xx_hal_cortex.o
 .debug_macro   0x000000000002277d      0x1d4 ./Drivers/STM32F4xx_HAL_Driver/Src/stm32f4xx_hal_dma.o
 .debug_macro   0x0000000000022951      0x204 ./Drivers/STM32F4xx_HAL_Driver/Src/stm32f4xx_hal_gpio.o
 .debug_macro   0x0000000000022b55      0x1f2 ./Drivers/STM32F4xx_HAL_Driver/Src/stm32f4xx_hal_rcc.o
 .debug_macro   0x0000000000022d47      0x1cf ./Drivers/STM32F4xx_HAL_Driver/Src/stm32f4xx_hal_tim.o
 .debug_macro   0x0000000000022f16      0x1ce ./Drivers/STM32F4xx_HAL_Driver/Src/stm32f4xx_hal_tim_ex.o
 .debug_macro   0x00000000000230e4      0x1cf ./Drivers/STM32F4xx_HAL_Driver/Src/stm32f4xx_hal_uart.o

.debug_line     0x0000000000000000    0x111ee
 .debug_line    0x0000000000000000      0xb74 ./Core/Front_Layer/Commands.o
 .debug_line    0x0000000000000b74      0xbcf ./Core/Front_Layer/Parser.o
 .debug_line    0x0000000000001743      0x9ab ./Core/Src/dma.o
 .debug_line    0x00000000000020ee      0x9cd ./Core/Src/gpio.o
 .debug_line    0x0000000000002abb      0xbef ./Core/Src/main.o
 .debug_line    0x00000000000036aa      0x9b0 ./Core/Src/stm32f4xx_hal_msp.o
 .debug_line    0x000000000000405a      0xb6d ./Core/Src/stm32f4xx_it.o
 .debug_line    0x0000000000004bc7      0x777 ./Core/Src/system_stm32f4xx.o
 .debug_line    0x000000000000533e      0xb12 ./Core/Src/tim.o
 .debug_line    0x0000000000005e50      0xa1a ./Core/Src/usart.o
 .debug_line    0x000000000000686a       0x85 ./Core/Startup/startup_stm32f407vgtx.o
 .debug_line    0x00000000000068ef      0xcfd ./Core/ub_lib/drawshapes.o
 .debug_line    0x00000000000075ec      0xa54 ./Core/ub_lib/stm32_ub_vga_screen.o
 .debug_line    0x0000000000008040      0x9d7 ./Drivers/STM32F4xx_HAL_Driver/Src/stm32f4xx_hal.o
 .debug_line    0x0000000000008a17      0xc86 ./Drivers/STM32F4xx_HAL_Driver/Src/stm32f4xx_hal_cortex.o
 .debug_line    0x000000000000969d      0xf42 ./Drivers/STM32F4xx_HAL_Driver/Src/stm32f4xx_hal_dma.o
 .debug_line    0x000000000000a5df      0xb5f ./Drivers/STM32F4xx_HAL_Driver/Src/stm32f4xx_hal_gpio.o
 .debug_line    0x000000000000b13e      0xd3c ./Drivers/STM32F4xx_HAL_Driver/Src/stm32f4xx_hal_rcc.o
 .debug_line    0x000000000000be7a     0x29bd ./Drivers/STM32F4xx_HAL_Driver/Src/stm32f4xx_hal_tim.o
 .debug_line    0x000000000000e837     0x11c8 ./Drivers/STM32F4xx_HAL_Driver/Src/stm32f4xx_hal_tim_ex.o
 .debug_line    0x000000000000f9ff     0x17ef ./Drivers/STM32F4xx_HAL_Driver/Src/stm32f4xx_hal_uart.o

.debug_str      0x0000000000000000    0xcab74
 .debug_str     0x0000000000000000    0xc6674 ./Core/Front_Layer/Commands.o
                                      0xc691f (size before relaxing)
 .debug_str     0x00000000000c6674      0x5b1 ./Core/Front_Layer/Parser.o
                                      0xc6f02 (size before relaxing)
 .debug_str     0x00000000000c6c25      0x628 ./Core/Src/dma.o
                                      0xc6ca2 (size before relaxing)
 .debug_str     0x00000000000c724d       0xdc ./Core/Src/gpio.o
                                      0xc6850 (size before relaxing)
 .debug_str     0x00000000000c7329      0x26a ./Core/Src/main.o
                                      0xc7020 (size before relaxing)
 .debug_str     0x00000000000c7593       0x2c ./Core/Src/stm32f4xx_hal_msp.o
                                      0xc6787 (size before relaxing)
 .debug_str     0x00000000000c75bf      0x31f ./Core/Src/stm32f4xx_it.o
                                      0xc6e7f (size before relaxing)
 .debug_str     0x00000000000c78de       0xf0 ./Core/Src/system_stm32f4xx.o
                                      0xc23bf (size before relaxing)
 .debug_str     0x00000000000c79ce      0x252 ./Core/Src/tim.o
                                      0xc7416 (size before relaxing)
 .debug_str     0x00000000000c7c20       0x56 ./Core/Src/usart.o
                                      0xc71f4 (size before relaxing)
 .debug_str     0x00000000000c7c76       0x36 ./Core/Startup/startup_stm32f407vgtx.o
                                         0x96 (size before relaxing)
 .debug_str     0x00000000000c7cac      0x902 ./Core/ub_lib/drawshapes.o
                                      0xc6fa8 (size before relaxing)
 .debug_str     0x00000000000c85ae       0x70 ./Core/ub_lib/stm32_ub_vga_screen.o
                                      0xc6c07 (size before relaxing)
 .debug_str     0x00000000000c861e      0x617 ./Drivers/STM32F4xx_HAL_Driver/Src/stm32f4xx_hal.o
                                      0xc2f2e (size before relaxing)
 .debug_str     0x00000000000c8c35      0x326 ./Drivers/STM32F4xx_HAL_Driver/Src/stm32f4xx_hal_cortex.o
                                      0xc2c61 (size before relaxing)
 .debug_str     0x00000000000c8f5b      0x2e3 ./Drivers/STM32F4xx_HAL_Driver/Src/stm32f4xx_hal_dma.o
                                      0xc27c4 (size before relaxing)
 .debug_str     0x00000000000c923e      0x1c9 ./Drivers/STM32F4xx_HAL_Driver/Src/stm32f4xx_hal_gpio.o
                                      0xc25d2 (size before relaxing)
 .debug_str     0x00000000000c9407      0x233 ./Drivers/STM32F4xx_HAL_Driver/Src/stm32f4xx_hal_rcc.o
                                      0xc27de (size before relaxing)
 .debug_str     0x00000000000c963a      0xc1f ./Drivers/STM32F4xx_HAL_Driver/Src/stm32f4xx_hal_tim.o
                                      0xc3516 (size before relaxing)
 .debug_str     0x00000000000ca259      0x447 ./Drivers/STM32F4xx_HAL_Driver/Src/stm32f4xx_hal_tim_ex.o
                                      0xc2d5f (size before relaxing)
 .debug_str     0x00000000000ca6a0      0x4d4 ./Drivers/STM32F4xx_HAL_Driver/Src/stm32f4xx_hal_uart.o
                                      0xc2c56 (size before relaxing)

.comment        0x0000000000000000       0x50
 .comment       0x0000000000000000       0x50 ./Core/Front_Layer/Commands.o
                                         0x51 (size before relaxing)
 .comment       0x0000000000000050       0x51 ./Core/Front_Layer/Parser.o
 .comment       0x0000000000000050       0x51 ./Core/Src/dma.o
 .comment       0x0000000000000050       0x51 ./Core/Src/gpio.o
 .comment       0x0000000000000050       0x51 ./Core/Src/main.o
 .comment       0x0000000000000050       0x51 ./Core/Src/stm32f4xx_hal_msp.o
 .comment       0x0000000000000050       0x51 ./Core/Src/stm32f4xx_it.o
 .comment       0x0000000000000050       0x51 ./Core/Src/system_stm32f4xx.o
 .comment       0x0000000000000050       0x51 ./Core/Src/tim.o
 .comment       0x0000000000000050       0x51 ./Core/Src/usart.o
 .comment       0x0000000000000050       0x51 ./Core/ub_lib/drawshapes.o
 .comment       0x0000000000000050       0x51 ./Core/ub_lib/stm32_ub_vga_screen.o
 .comment       0x0000000000000050       0x51 ./Drivers/STM32F4xx_HAL_Driver/Src/stm32f4xx_hal.o
 .comment       0x0000000000000050       0x51 ./Drivers/STM32F4xx_HAL_Driver/Src/stm32f4xx_hal_cortex.o
 .comment       0x0000000000000050       0x51 ./Drivers/STM32F4xx_HAL_Driver/Src/stm32f4xx_hal_dma.o
 .comment       0x0000000000000050       0x51 ./Drivers/STM32F4xx_HAL_Driver/Src/stm32f4xx_hal_gpio.o
 .comment       0x0000000000000050       0x51 ./Drivers/STM32F4xx_HAL_Driver/Src/stm32f4xx_hal_rcc.o
 .comment       0x0000000000000050       0x51 ./Drivers/STM32F4xx_HAL_Driver/Src/stm32f4xx_hal_tim.o
 .comment       0x0000000000000050       0x51 ./Drivers/STM32F4xx_HAL_Driver/Src/stm32f4xx_hal_tim_ex.o
 .comment       0x0000000000000050       0x51 ./Drivers/STM32F4xx_HAL_Driver/Src/stm32f4xx_hal_uart.o

.debug_frame    0x0000000000000000     0x38b0
 .debug_frame   0x0000000000000000      0x1bc ./Core/Front_Layer/Commands.o
 .debug_frame   0x00000000000001bc      0x100 ./Core/Front_Layer/Parser.o
 .debug_frame   0x00000000000002bc       0x34 ./Core/Src/dma.o
 .debug_frame   0x00000000000002f0       0x34 ./Core/Src/gpio.o
 .debug_frame   0x0000000000000324       0x9c ./Core/Src/main.o
 .debug_frame   0x00000000000003c0       0x38 ./Core/Src/stm32f4xx_hal_msp.o
 .debug_frame   0x00000000000003f8      0x168 ./Core/Src/stm32f4xx_it.o
 .debug_frame   0x0000000000000560       0x58 ./Core/Src/system_stm32f4xx.o
 .debug_frame   0x00000000000005b8      0x10c ./Core/Src/tim.o
 .debug_frame   0x00000000000006c4       0x74 ./Core/Src/usart.o
 .debug_frame   0x0000000000000738       0xac ./Core/ub_lib/drawshapes.o
 .debug_frame   0x00000000000007e4       0x78 ./Core/ub_lib/stm32_ub_vga_screen.o
 .debug_frame   0x000000000000085c      0x374 ./Drivers/STM32F4xx_HAL_Driver/Src/stm32f4xx_hal.o
 .debug_frame   0x0000000000000bd0      0x498 ./Drivers/STM32F4xx_HAL_Driver/Src/stm32f4xx_hal_cortex.o
 .debug_frame   0x0000000000001068      0x250 ./Drivers/STM32F4xx_HAL_Driver/Src/stm32f4xx_hal_dma.o
 .debug_frame   0x00000000000012b8      0x14c ./Drivers/STM32F4xx_HAL_Driver/Src/stm32f4xx_hal_gpio.o
 .debug_frame   0x0000000000001404      0x1f4 ./Drivers/STM32F4xx_HAL_Driver/Src/stm32f4xx_hal_rcc.o
 .debug_frame   0x00000000000015f8     0x10f0 ./Drivers/STM32F4xx_HAL_Driver/Src/stm32f4xx_hal_tim.o
 .debug_frame   0x00000000000026e8      0x5c0 ./Drivers/STM32F4xx_HAL_Driver/Src/stm32f4xx_hal_tim_ex.o
 .debug_frame   0x0000000000002ca8      0x844 ./Drivers/STM32F4xx_HAL_Driver/Src/stm32f4xx_hal_uart.o
 .debug_frame   0x00000000000034ec       0x30 /Applications/STM32CubeIDE.app/Contents/Eclipse/plugins/com.st.stm32cube.ide.mcu.externaltools.gnu-tools-for-stm32.10.3-2021.10.macos64_1.0.200.202301161003/tools/bin/../lib/gcc/arm-none-eabi/10.3.1/../../../../arm-none-eabi/lib/thumb/v7e-m+fp/hard/libc_nano.a(lib_a-atoi.o)
 .debug_frame   0x000000000000351c       0x20 /Applications/STM32CubeIDE.app/Contents/Eclipse/plugins/com.st.stm32cube.ide.mcu.externaltools.gnu-tools-for-stm32.10.3-2021.10.macos64_1.0.200.202301161003/tools/bin/../lib/gcc/arm-none-eabi/10.3.1/../../../../arm-none-eabi/lib/thumb/v7e-m+fp/hard/libc_nano.a(lib_a-errno.o)
 .debug_frame   0x000000000000353c       0x2c /Applications/STM32CubeIDE.app/Contents/Eclipse/plugins/com.st.stm32cube.ide.mcu.externaltools.gnu-tools-for-stm32.10.3-2021.10.macos64_1.0.200.202301161003/tools/bin/../lib/gcc/arm-none-eabi/10.3.1/../../../../arm-none-eabi/lib/thumb/v7e-m+fp/hard/libc_nano.a(lib_a-init.o)
 .debug_frame   0x0000000000003568       0x28 /Applications/STM32CubeIDE.app/Contents/Eclipse/plugins/com.st.stm32cube.ide.mcu.externaltools.gnu-tools-for-stm32.10.3-2021.10.macos64_1.0.200.202301161003/tools/bin/../lib/gcc/arm-none-eabi/10.3.1/../../../../arm-none-eabi/lib/thumb/v7e-m+fp/hard/libc_nano.a(lib_a-memcpy-stub.o)
 .debug_frame   0x0000000000003590       0x20 /Applications/STM32CubeIDE.app/Contents/Eclipse/plugins/com.st.stm32cube.ide.mcu.externaltools.gnu-tools-for-stm32.10.3-2021.10.macos64_1.0.200.202301161003/tools/bin/../lib/gcc/arm-none-eabi/10.3.1/../../../../arm-none-eabi/lib/thumb/v7e-m+fp/hard/libc_nano.a(lib_a-memset.o)
 .debug_frame   0x00000000000035b0       0x20 /Applications/STM32CubeIDE.app/Contents/Eclipse/plugins/com.st.stm32cube.ide.mcu.externaltools.gnu-tools-for-stm32.10.3-2021.10.macos64_1.0.200.202301161003/tools/bin/../lib/gcc/arm-none-eabi/10.3.1/../../../../arm-none-eabi/lib/thumb/v7e-m+fp/hard/libc_nano.a(lib_a-strcmp.o)
 .debug_frame   0x00000000000035d0       0x64 /Applications/STM32CubeIDE.app/Contents/Eclipse/plugins/com.st.stm32cube.ide.mcu.externaltools.gnu-tools-for-stm32.10.3-2021.10.macos64_1.0.200.202301161003/tools/bin/../lib/gcc/arm-none-eabi/10.3.1/../../../../arm-none-eabi/lib/thumb/v7e-m+fp/hard/libc_nano.a(lib_a-strtol.o)
 .debug_frame   0x0000000000003634      0x14c /Applications/STM32CubeIDE.app/Contents/Eclipse/plugins/com.st.stm32cube.ide.mcu.externaltools.gnu-tools-for-stm32.10.3-2021.10.macos64_1.0.200.202301161003/tools/bin/../lib/gcc/arm-none-eabi/10.3.1/../../../../arm-none-eabi/lib/thumb/v7e-m+fp/hard/libc_nano.a(lib_a-findfp.o)
 .debug_frame   0x0000000000003780       0xac /Applications/STM32CubeIDE.app/Contents/Eclipse/plugins/com.st.stm32cube.ide.mcu.externaltools.gnu-tools-for-stm32.10.3-2021.10.macos64_1.0.200.202301161003/tools/bin/../lib/gcc/arm-none-eabi/10.3.1/thumb/v7e-m+fp/hard/libgcc.a(_arm_addsubdf3.o)
 .debug_frame   0x000000000000382c       0x24 /Applications/STM32CubeIDE.app/Contents/Eclipse/plugins/com.st.stm32cube.ide.mcu.externaltools.gnu-tools-for-stm32.10.3-2021.10.macos64_1.0.200.202301161003/tools/bin/../lib/gcc/arm-none-eabi/10.3.1/thumb/v7e-m+fp/hard/libgcc.a(_arm_truncdfsf2.o)
 .debug_frame   0x0000000000003850       0x2c /Applications/STM32CubeIDE.app/Contents/Eclipse/plugins/com.st.stm32cube.ide.mcu.externaltools.gnu-tools-for-stm32.10.3-2021.10.macos64_1.0.200.202301161003/tools/bin/../lib/gcc/arm-none-eabi/10.3.1/thumb/v7e-m+fp/hard/libgcc.a(_aeabi_uldivmod.o)
 .debug_frame   0x000000000000387c       0x34 /Applications/STM32CubeIDE.app/Contents/Eclipse/plugins/com.st.stm32cube.ide.mcu.externaltools.gnu-tools-for-stm32.10.3-2021.10.macos64_1.0.200.202301161003/tools/bin/../lib/gcc/arm-none-eabi/10.3.1/thumb/v7e-m+fp/hard/libgcc.a(_udivmoddi4.o)
