Archive member included to satisfy reference by file (symbol)

/Applications/STM32CubeIDE.app/Contents/Eclipse/plugins/com.st.stm32cube.ide.mcu.externaltools.gnu-tools-for-stm32.10.3-2021.10.macos64_1.0.200.202301161003/tools/bin/../lib/gcc/arm-none-eabi/10.3.1/../../../../arm-none-eabi/lib/thumb/v7e-m+fp/hard/libc_nano.a(lib_a-atoi.o)
                              ./Core/Front_Layer/Parser.o (atoi)
/Applications/STM32CubeIDE.app/Contents/Eclipse/plugins/com.st.stm32cube.ide.mcu.externaltools.gnu-tools-for-stm32.10.3-2021.10.macos64_1.0.200.202301161003/tools/bin/../lib/gcc/arm-none-eabi/10.3.1/../../../../arm-none-eabi/lib/thumb/v7e-m+fp/hard/libc_nano.a(lib_a-errno.o)
                              ./Core/Src/syscalls.o (__errno)
/Applications/STM32CubeIDE.app/Contents/Eclipse/plugins/com.st.stm32cube.ide.mcu.externaltools.gnu-tools-for-stm32.10.3-2021.10.macos64_1.0.200.202301161003/tools/bin/../lib/gcc/arm-none-eabi/10.3.1/../../../../arm-none-eabi/lib/thumb/v7e-m+fp/hard/libc_nano.a(lib_a-exit.o)
                              /Applications/STM32CubeIDE.app/Contents/Eclipse/plugins/com.st.stm32cube.ide.mcu.externaltools.gnu-tools-for-stm32.10.3-2021.10.macos64_1.0.200.202301161003/tools/bin/../lib/gcc/arm-none-eabi/10.3.1/../../../../arm-none-eabi/lib/thumb/v7e-m+fp/hard/crt0.o (exit)
/Applications/STM32CubeIDE.app/Contents/Eclipse/plugins/com.st.stm32cube.ide.mcu.externaltools.gnu-tools-for-stm32.10.3-2021.10.macos64_1.0.200.202301161003/tools/bin/../lib/gcc/arm-none-eabi/10.3.1/../../../../arm-none-eabi/lib/thumb/v7e-m+fp/hard/libc_nano.a(lib_a-impure.o)
                              /Applications/STM32CubeIDE.app/Contents/Eclipse/plugins/com.st.stm32cube.ide.mcu.externaltools.gnu-tools-for-stm32.10.3-2021.10.macos64_1.0.200.202301161003/tools/bin/../lib/gcc/arm-none-eabi/10.3.1/../../../../arm-none-eabi/lib/thumb/v7e-m+fp/hard/libc_nano.a(lib_a-exit.o) (_global_impure_ptr)
/Applications/STM32CubeIDE.app/Contents/Eclipse/plugins/com.st.stm32cube.ide.mcu.externaltools.gnu-tools-for-stm32.10.3-2021.10.macos64_1.0.200.202301161003/tools/bin/../lib/gcc/arm-none-eabi/10.3.1/../../../../arm-none-eabi/lib/thumb/v7e-m+fp/hard/libc_nano.a(lib_a-init.o)
                              /Applications/STM32CubeIDE.app/Contents/Eclipse/plugins/com.st.stm32cube.ide.mcu.externaltools.gnu-tools-for-stm32.10.3-2021.10.macos64_1.0.200.202301161003/tools/bin/../lib/gcc/arm-none-eabi/10.3.1/../../../../arm-none-eabi/lib/thumb/v7e-m+fp/hard/crt0.o (__libc_init_array)
/Applications/STM32CubeIDE.app/Contents/Eclipse/plugins/com.st.stm32cube.ide.mcu.externaltools.gnu-tools-for-stm32.10.3-2021.10.macos64_1.0.200.202301161003/tools/bin/../lib/gcc/arm-none-eabi/10.3.1/../../../../arm-none-eabi/lib/thumb/v7e-m+fp/hard/libc_nano.a(lib_a-memcpy-stub.o)
                              ./Core/Front_Layer/Commands.o (memcpy)
/Applications/STM32CubeIDE.app/Contents/Eclipse/plugins/com.st.stm32cube.ide.mcu.externaltools.gnu-tools-for-stm32.10.3-2021.10.macos64_1.0.200.202301161003/tools/bin/../lib/gcc/arm-none-eabi/10.3.1/../../../../arm-none-eabi/lib/thumb/v7e-m+fp/hard/libc_nano.a(lib_a-memset.o)
                              /Applications/STM32CubeIDE.app/Contents/Eclipse/plugins/com.st.stm32cube.ide.mcu.externaltools.gnu-tools-for-stm32.10.3-2021.10.macos64_1.0.200.202301161003/tools/bin/../lib/gcc/arm-none-eabi/10.3.1/../../../../arm-none-eabi/lib/thumb/v7e-m+fp/hard/crt0.o (memset)
/Applications/STM32CubeIDE.app/Contents/Eclipse/plugins/com.st.stm32cube.ide.mcu.externaltools.gnu-tools-for-stm32.10.3-2021.10.macos64_1.0.200.202301161003/tools/bin/../lib/gcc/arm-none-eabi/10.3.1/../../../../arm-none-eabi/lib/thumb/v7e-m+fp/hard/libc_nano.a(lib_a-printf.o)
                              ./Core/Logic_Layer/errorHandling.o (printf)
/Applications/STM32CubeIDE.app/Contents/Eclipse/plugins/com.st.stm32cube.ide.mcu.externaltools.gnu-tools-for-stm32.10.3-2021.10.macos64_1.0.200.202301161003/tools/bin/../lib/gcc/arm-none-eabi/10.3.1/../../../../arm-none-eabi/lib/thumb/v7e-m+fp/hard/libc_nano.a(lib_a-strcmp.o)
                              ./Core/Front_Layer/Parser.o (strcmp)
/Applications/STM32CubeIDE.app/Contents/Eclipse/plugins/com.st.stm32cube.ide.mcu.externaltools.gnu-tools-for-stm32.10.3-2021.10.macos64_1.0.200.202301161003/tools/bin/../lib/gcc/arm-none-eabi/10.3.1/../../../../arm-none-eabi/lib/thumb/v7e-m+fp/hard/libc_nano.a(lib_a-strtol.o)
                              /Applications/STM32CubeIDE.app/Contents/Eclipse/plugins/com.st.stm32cube.ide.mcu.externaltools.gnu-tools-for-stm32.10.3-2021.10.macos64_1.0.200.202301161003/tools/bin/../lib/gcc/arm-none-eabi/10.3.1/../../../../arm-none-eabi/lib/thumb/v7e-m+fp/hard/libc_nano.a(lib_a-atoi.o) (_strtol_r)
/Applications/STM32CubeIDE.app/Contents/Eclipse/plugins/com.st.stm32cube.ide.mcu.externaltools.gnu-tools-for-stm32.10.3-2021.10.macos64_1.0.200.202301161003/tools/bin/../lib/gcc/arm-none-eabi/10.3.1/../../../../arm-none-eabi/lib/thumb/v7e-m+fp/hard/libc_nano.a(lib_a-ctype_.o)
[...]
Memory Configuration

Name             Origin             Length             Attributes
CCMRAM           0x0000000010000000 0x0000000000010000 xrw
RAM              0x0000000020000000 0x0000000000020000 xrw
FLASH            0x0000000008000000 0x0000000000100000 xr
*default*        0x0000000000000000 0xffffffffffffffff

Linker script and memory map

LOAD /Applications/STM32CubeIDE.app/Contents/Eclipse/plugins/com.st.stm32cube.ide.mcu.externaltools.gnu-tools-for-stm32.10.3-2021.10.macos64_1.0.200.202301161003/tools/bin/../lib/gcc/arm-none-eabi/10.3.1/thumb/v7e-m+fp/hard/crti.o
LOAD /Applications/STM32CubeIDE.app/Contents/Eclipse/plugins/com.st.stm32cube.ide.mcu.externaltools.gnu-tools-for-stm32.10.3-2021.10.macos64_1.0.200.202301161003/tools/bin/../lib/gcc/arm-none-eabi/10.3.1/thumb/v7e-m+fp/hard/crtbegin.o
LOAD /Applications/STM32CubeIDE.app/Contents/Eclipse/plugins/com.st.stm32cube.ide.mcu.externaltools.gnu-tools-for-stm32.10.3-2021.10.macos64_1.0.200.202301161003/tools/bin/../lib/gcc/arm-none-eabi/10.3.1/../../../../arm-none-eabi/lib/thumb/v7e-m+fp/hard/crt0.o
LOAD ./Core/Front_Layer/Commands.o
LOAD ./Core/Front_Layer/Parser.o
LOAD ./Core/Logic_Layer/Logic_Debug.o
LOAD ./Core/Logic_Layer/errorHandling.o
LOAD ./Core/Src/dma.o
LOAD ./Core/Src/gpio.o
LOAD ./Core/Src/main.o
LOAD ./Core/Src/stm32f4xx_hal_msp.o
LOAD ./Core/Src/stm32f4xx_it.o
LOAD ./Core/Src/syscalls.o
LOAD ./Core/Src/sysmem.o
LOAD ./Core/Src/system_stm32f4xx.o
LOAD ./Core/Src/tim.o
LOAD ./Core/Src/usart.o
LOAD ./Core/Startup/startup_stm32f407vgtx.o
LOAD ./Core/ub_lib/drawshapes.o
LOAD ./Core/ub_lib/stm32_ub_vga_screen.o
LOAD ./Drivers/STM32F4xx_HAL_Driver/Src/stm32f4xx_hal.o
LOAD ./Drivers/STM32F4xx_HAL_Driver/Src/stm32f4xx_hal_cortex.o
LOAD ./Drivers/STM32F4xx_HAL_Driver/Src/stm32f4xx_hal_dma.o
LOAD ./Drivers/STM32F4xx_HAL_Driver/Src/stm32f4xx_hal_dma_ex.o
LOAD ./Drivers/STM32F4xx_HAL_Driver/Src/stm32f4xx_hal_exti.o
LOAD ./Drivers/STM32F4xx_HAL_Driver/Src/stm32f4xx_hal_flash.o
LOAD ./Drivers/STM32F4xx_HAL_Driver/Src/stm32f4xx_hal_flash_ex.o
LOAD ./Drivers/STM32F4xx_HAL_Driver/Src/stm32f4xx_hal_flash_ramfunc.o
LOAD ./Drivers/STM32F4xx_HAL_Driver/Src/stm32f4xx_hal_gpio.o
LOAD ./Drivers/STM32F4xx_HAL_Driver/Src/stm32f4xx_hal_pwr.o
LOAD ./Drivers/STM32F4xx_HAL_Driver/Src/stm32f4xx_hal_pwr_ex.o
LOAD ./Drivers/STM32F4xx_HAL_Driver/Src/stm32f4xx_hal_rcc.o
LOAD ./Drivers/STM32F4xx_HAL_Driver/Src/stm32f4xx_hal_rcc_ex.o
LOAD ./Drivers/STM32F4xx_HAL_Driver/Src/stm32f4xx_hal_tim.o
LOAD ./Drivers/STM32F4xx_HAL_Driver/Src/stm32f4xx_hal_tim_ex.o
LOAD ./Drivers/STM32F4xx_HAL_Driver/Src/stm32f4xx_hal_uart.o
START GROUP
LOAD /Applications/STM32CubeIDE.app/Contents/Eclipse/plugins/com.st.stm32cube.ide.mcu.externaltools.gnu-tools-for-stm32.10.3-2021.10.macos64_1.0.200.202301161003/tools/bin/../lib/gcc/arm-none-eabi/10.3.1/../../../../arm-none-eabi/lib/thumb/v7e-m+fp/hard/libc_nano.a
LOAD /Applications/STM32CubeIDE.app/Contents/Eclipse/plugins/com.st.stm32cube.ide.mcu.externaltools.gnu-tools-for-stm32.10.3-2021.10.macos64_1.0.200.202301161003/tools/bin/../lib/gcc/arm-none-eabi/10.3.1/../../../../arm-none-eabi/lib/thumb/v7e-m+fp/hard/libm.a
END GROUP
START GROUP
LOAD /Applications/STM32CubeIDE.app/Contents/Eclipse/plugins/com.st.stm32cube.ide.mcu.externaltools.gnu-tools-for-stm32.10.3-2021.10.macos64_1.0.200.202301161003/tools/bin/../lib/gcc/arm-none-eabi/10.3.1/thumb/v7e-m+fp/hard/libgcc.a
LOAD /Applications/STM32CubeIDE.app/Contents/Eclipse/plugins/com.st.stm32cube.ide.mcu.externaltools.gnu-tools-for-stm32.10.3-2021.10.macos64_1.0.200.202301161003/tools/bin/../lib/gcc/arm-none-eabi/10.3.1/../../../../arm-none-eabi/lib/thumb/v7e-m+fp/hard/libc_nano.a
END GROUP
START GROUP
LOAD /Applications/STM32CubeIDE.app/Contents/Eclipse/plugins/com.st.stm32cube.ide.mcu.externaltools.gnu-tools-for-stm32.10.3-2021.10.macos64_1.0.200.202301161003/tools/bin/../lib/gcc/arm-none-eabi/10.3.1/thumb/v7e-m+fp/hard/libgcc.a
LOAD /Applications/STM32CubeIDE.app/Contents/Eclipse/plugins/com.st.stm32cube.ide.mcu.externaltools.gnu-tools-for-stm32.10.3-2021.10.macos64_1.0.200.202301161003/tools/bin/../lib/gcc/arm-none-eabi/10.3.1/../../../../arm-none-eabi/lib/thumb/v7e-m+fp/hard/libc_nano.a
LOAD /Applications/STM32CubeIDE.app/Contents/Eclipse/plugins/com.st.stm32cube.ide.mcu.externaltools.gnu-tools-for-stm32.10.3-2021.10.macos64_1.0.200.202301161003/tools/bin/../lib/gcc/arm-none-eabi/10.3.1/../../../../arm-none-eabi/lib/thumb/v7e-m+fp/hard/libnosys.a
END GROUP
START GROUP
LOAD /Applications/STM32CubeIDE.app/Contents/Eclipse/plugins/com.st.stm32cube.ide.mcu.externaltools.gnu-tools-for-stm32.10.3-2021.10.macos64_1.0.200.202301161003/tools/bin/../lib/gcc/arm-none-eabi/10.3.1/thumb/v7e-m+fp/hard/libgcc.a
LOAD /Applications/STM32CubeIDE.app/Contents/Eclipse/plugins/com.st.stm32cube.ide.mcu.externaltools.gnu-tools-for-stm32.10.3-2021.10.macos64_1.0.200.202301161003/tools/bin/../lib/gcc/arm-none-eabi/10.3.1/../../../../arm-none-eabi/lib/thumb/v7e-m+fp/hard/libc_nano.a
LOAD /Applications/STM32CubeIDE.app/Contents/Eclipse/plugins/com.st.stm32cube.ide.mcu.externaltools.gnu-tools-for-stm32.10.3-2021.10.macos64_1.0.200.202301161003/tools/bin/../lib/gcc/arm-none-eabi/10.3.1/../../../../arm-none-eabi/lib/thumb/v7e-m+fp/hard/libnosys.a
END GROUP
LOAD /Applications/STM32CubeIDE.app/Contents/Eclipse/plugins/com.st.stm32cube.ide.mcu.externaltools.gnu-tools-for-stm32.10.3-2021.10.macos64_1.0.200.202301161003/tools/bin/../lib/gcc/arm-none-eabi/10.3.1/thumb/v7e-m+fp/hard/crtend.o
LOAD /Applications/STM32CubeIDE.app/Contents/Eclipse/plugins/com.st.stm32cube.ide.mcu.externaltools.gnu-tools-for-stm32.10.3-2021.10.macos64_1.0.200.202301161003/tools/bin/../lib/gcc/arm-none-eabi/10.3.1/thumb/v7e-m+fp/hard/crtn.o
                0x0000000020020000                _estack = (ORIGIN (RAM) + LENGTH (RAM))
                0x0000000000000200                _Min_Heap_Size = 0x200
                0x0000000000000400                _Min_Stack_Size = 0x400

.isr_vector     0x0000000008000000      0x188
                0x0000000008000000                . = ALIGN (0x4)
 *(.isr_vector)
 .isr_vector    0x0000000008000000      0x188 ./Core/Startup/startup_stm32f407vgtx.o
                0x0000000008000000                g_pfnVectors
                0x0000000008000188                . = ALIGN (0x4)

.text           0x0000000008000188     0x48f8
                0x0000000008000188                . = ALIGN (0x4)
 *(.text)
 .text          0x0000000008000188       0x40 /Applications/STM32CubeIDE.app/Contents/Eclipse/plugins/com.st.stm32cube.ide.mcu.externaltools.gnu-tools-for-stm32.10.3-2021.10.macos64_1.0.200.202301161003/tools/bin/../lib/gcc/arm-none-eabi/10.3.1/thumb/v7e-m+fp/hard/crtbegin.o
 .text          0x00000000080001c8       0x14 /Applications/STM32CubeIDE.app/Contents/Eclipse/plugins/com.st.stm32cube.ide.mcu.externaltools.gnu-tools-for-stm32.10.3-2021.10.macos64_1.0.200.202301161003/tools/bin/../lib/gcc/arm-none-eabi/10.3.1/../../../../arm-none-eabi/lib/thumb/v7e-m+fp/hard/libc_nano.a(lib_a-strcmp.o)
                0x00000000080001c8                strcmp
 .text          0x00000000080001dc       0x30 /Applications/STM32CubeIDE.app/Contents/Eclipse/plugins/com.st.stm32cube.ide.mcu.externaltools.gnu-tools-for-stm32.10.3-2021.10.macos64_1.0.200.202301161003/tools/bin/../lib/gcc/arm-none-eabi/10.3.1/thumb/v7e-m+fp/hard/libgcc.a(_aeabi_uldivmod.o)
                0x00000000080001dc                __aeabi_uldivmod
 .text          0x000000000800020c      0x2d0 /Applications/STM32CubeIDE.app/Contents/Eclipse/plugins/com.st.stm32cube.ide.mcu.externaltools.gnu-tools-for-stm32.10.3-2021.10.macos64_1.0.200.202301161003/tools/bin/../lib/gcc/arm-none-eabi/10.3.1/thumb/v7e-m+fp/hard/libgcc.a(_udivmoddi4.o)
                0x000000000800020c                __udivmoddi4
 .text          0x00000000080004dc        0x4 /Applications/STM32CubeIDE.app/Contents/Eclipse/plugins/com.st.stm32cube.ide.mcu.externaltools.gnu-tools-for-stm32.10.3-2021.10.macos64_1.0.200.202301161003/tools/bin/../lib/gcc/arm-none-eabi/10.3.1/thumb/v7e-m+fp/hard/libgcc.a(_dvmd_tls.o)
                0x00000000080004dc                __aeabi_ldiv0
                0x00000000080004dc                __aeabi_idiv0
 *(.text*)
 .text.RecieveCommandLijn
                0x00000000080004e0       0xb0 ./Core/Front_Layer/Commands.o
                0x00000000080004e0                RecieveCommandLijn
 .text.RecieveCommandClear
                0x0000000008000590       0x58 ./Core/Front_Layer/Commands.o
                0x0000000008000590                RecieveCommandClear
 .text.ParseOnKomma
                0x00000000080005e8      0x168 ./Core/Front_Layer/Parser.o
                0x00000000080005e8                ParseOnKomma
 .text.CheckWhatCommand
                0x0000000008000750       0x7c ./Core/Front_Layer/Parser.o
                0x0000000008000750                CheckWhatCommand
 .text.CheckWhatColor
                0x00000000080007cc       0x5c ./Core/Front_Layer/Parser.o
                0x00000000080007cc                CheckWhatColor
 .text.DoOnCommand
                0x0000000008000828       0x7a ./Core/Front_Layer/Parser.o
                0x0000000008000828                DoOnCommand
 *fill*         0x00000000080008a2        0x2 
 .text.MX_DMA_Init
                0x00000000080008a4       0x40 ./Core/Src/dma.o
                0x00000000080008a4                MX_DMA_Init
 .text.MX_GPIO_Init
                0x00000000080008e4       0xf0 ./Core/Src/gpio.o
                0x00000000080008e4                MX_GPIO_Init
 .text.main     0x00000000080009d4       0xe0 ./Core/Src/main.o
                0x00000000080009d4                main
 .text.SystemClock_Config
                0x0000000008000ab4       0xd4 ./Core/Src/main.o
                0x0000000008000ab4                SystemClock_Config
 .text.Error_Handler
                0x0000000008000b88        0xe ./Core/Src/main.o
                0x0000000008000b88                Error_Handler
 *fill*         0x0000000008000b96        0x2 
 .text.HAL_MspInit
                0x0000000008000b98       0x50 ./Core/Src/stm32f4xx_hal_msp.o
                0x0000000008000b98                HAL_MspInit
 .text.NMI_Handler
                0x0000000008000be8        0xe ./Core/Src/stm32f4xx_it.o
                0x0000000008000be8                NMI_Handler
 .text.HardFault_Handler
                0x0000000008000bf6        0x6 ./Core/Src/stm32f4xx_it.o
                0x0000000008000bf6                HardFault_Handler
 .text.MemManage_Handler
                0x0000000008000bfc        0x6 ./Core/Src/stm32f4xx_it.o
                0x0000000008000bfc                MemManage_Handler
 .text.BusFault_Handler
                0x0000000008000c02        0x6 ./Core/Src/stm32f4xx_it.o
                0x0000000008000c02                BusFault_Handler
 .text.UsageFault_Handler
                0x0000000008000c08        0x6 ./Core/Src/stm32f4xx_it.o
                0x0000000008000c08                UsageFault_Handler
 .text.SVC_Handler
                0x0000000008000c0e        0xe ./Core/Src/stm32f4xx_it.o
                0x0000000008000c0e                SVC_Handler
 .text.DebugMon_Handler
                0x0000000008000c1c        0xe ./Core/Src/stm32f4xx_it.o
                0x0000000008000c1c                DebugMon_Handler
 .text.PendSV_Handler
                0x0000000008000c2a        0xe ./Core/Src/stm32f4xx_it.o
                0x0000000008000c2a                PendSV_Handler
 .text.SysTick_Handler
                0x0000000008000c38        0xc ./Core/Src/stm32f4xx_it.o
                0x0000000008000c38                SysTick_Handler
 .text.TIM2_IRQHandler
                0x0000000008000c44       0xc4 ./Core/Src/stm32f4xx_it.o
                0x0000000008000c44                TIM2_IRQHandler
 .text.USART2_IRQHandler
                0x0000000008000d08       0x7c ./Core/Src/stm32f4xx_it.o
                0x0000000008000d08                USART2_IRQHandler
 .text.DMA2_Stream5_IRQHandler
                0x0000000008000d84       0x54 ./Core/Src/stm32f4xx_it.o
                0x0000000008000d84                DMA2_Stream5_IRQHandler
 .text.SystemInit
                0x0000000008000dd8       0x2c ./Core/Src/system_stm32f4xx.o
                0x0000000008000dd8                SystemInit
 .text.MX_TIM1_Init
                0x0000000008000e04       0xa0 ./Core/Src/tim.o
                0x0000000008000e04                MX_TIM1_Init
 .text.MX_TIM2_Init
                0x0000000008000ea4       0xd0 ./Core/Src/tim.o
                0x0000000008000ea4                MX_TIM2_Init
 .text.HAL_TIM_Base_MspInit
                0x0000000008000f74       0xa4 ./Core/Src/tim.o
                0x0000000008000f74                HAL_TIM_Base_MspInit
 .text.HAL_TIM_PWM_MspInit
                0x0000000008001018       0x4c ./Core/Src/tim.o
                0x0000000008001018                HAL_TIM_PWM_MspInit
 .text.HAL_TIM_MspPostInit
                0x0000000008001064       0x70 ./Core/Src/tim.o
                0x0000000008001064                HAL_TIM_MspPostInit
 .text.MX_USART2_UART_Init
                0x00000000080010d4       0x54 ./Core/Src/usart.o
                0x00000000080010d4                MX_USART2_UART_Init
 .text.HAL_UART_MspInit
                0x0000000008001128       0xa0 ./Core/Src/usart.o
                0x0000000008001128                HAL_UART_MspInit
 .text.Reset_Handler
                0x00000000080011c8       0x50 ./Core/Startup/startup_stm32f407vgtx.o
                0x00000000080011c8                Reset_Handler
 .text.Default_Handler
                0x0000000008001218        0x2 ./Core/Startup/startup_stm32f407vgtx.o
                0x0000000008001218                DMA1_Stream3_IRQHandler
                0x0000000008001218                HASH_RNG_IRQHandler
                0x0000000008001218                EXTI2_IRQHandler
                0x0000000008001218                TIM8_CC_IRQHandler
                0x0000000008001218                TIM1_CC_IRQHandler
                0x0000000008001218                DMA1_Stream5_IRQHandler
                0x0000000008001218                PVD_IRQHandler
                0x0000000008001218                SDIO_IRQHandler
                0x0000000008001218                TAMP_STAMP_IRQHandler
                0x0000000008001218                CAN2_RX1_IRQHandler
                0x0000000008001218                EXTI3_IRQHandler
                0x0000000008001218                TIM8_TRG_COM_TIM14_IRQHandler
                0x0000000008001218                TIM1_UP_TIM10_IRQHandler
                0x0000000008001218                TIM8_UP_TIM13_IRQHandler
                0x0000000008001218                I2C3_ER_IRQHandler
                0x0000000008001218                EXTI0_IRQHandler
                0x0000000008001218                I2C2_EV_IRQHandler
                0x0000000008001218                DMA1_Stream2_IRQHandler
                0x0000000008001218                CAN1_RX0_IRQHandler
                0x0000000008001218                FPU_IRQHandler
                0x0000000008001218                OTG_HS_WKUP_IRQHandler
                0x0000000008001218                CAN2_SCE_IRQHandler
                0x0000000008001218                DMA2_Stream2_IRQHandler
                0x0000000008001218                SPI1_IRQHandler
                0x0000000008001218                TIM6_DAC_IRQHandler
                0x0000000008001218                TIM1_BRK_TIM9_IRQHandler
                0x0000000008001218                DCMI_IRQHandler
                0x0000000008001218                CAN2_RX0_IRQHandler
                0x0000000008001218                DMA2_Stream3_IRQHandler
                0x0000000008001218                USART6_IRQHandler
                0x0000000008001218                USART3_IRQHandler
                0x0000000008001218                CAN1_RX1_IRQHandler
                0x0000000008001218                UART5_IRQHandler
                0x0000000008001218                DMA2_Stream0_IRQHandler
                0x0000000008001218                TIM4_IRQHandler
                0x0000000008001218                I2C1_EV_IRQHandler
                0x0000000008001218                DMA1_Stream6_IRQHandler
                0x0000000008001218                DMA1_Stream1_IRQHandler
                0x0000000008001218                UART4_IRQHandler
                0x0000000008001218                TIM3_IRQHandler
                0x0000000008001218                RCC_IRQHandler
                0x0000000008001218                TIM8_BRK_TIM12_IRQHandler
                0x0000000008001218                Default_Handler
                0x0000000008001218                EXTI15_10_IRQHandler
                0x0000000008001218                ADC_IRQHandler
                0x0000000008001218                DMA1_Stream7_IRQHandler
                0x0000000008001218                TIM7_IRQHandler
                0x0000000008001218                CAN2_TX_IRQHandler
                0x0000000008001218                TIM5_IRQHandler
                0x0000000008001218                DMA2_Stream7_IRQHandler
                0x0000000008001218                I2C3_EV_IRQHandler
                0x0000000008001218                EXTI9_5_IRQHandler
                0x0000000008001218                RTC_WKUP_IRQHandler
                0x0000000008001218                ETH_WKUP_IRQHandler
                0x0000000008001218                SPI2_IRQHandler
                0x0000000008001218                OTG_HS_EP1_IN_IRQHandler
                0x0000000008001218                DMA1_Stream0_IRQHandler
                0x0000000008001218                CAN1_TX_IRQHandler
                0x0000000008001218                EXTI4_IRQHandler
                0x0000000008001218                FSMC_IRQHandler
                0x0000000008001218                ETH_IRQHandler
                0x0000000008001218                OTG_HS_EP1_OUT_IRQHandler
                0x0000000008001218                WWDG_IRQHandler
                0x0000000008001218                OTG_FS_WKUP_IRQHandler
                0x0000000008001218                TIM1_TRG_COM_TIM11_IRQHandler
                0x0000000008001218                OTG_HS_IRQHandler
                0x0000000008001218                EXTI1_IRQHandler
                0x0000000008001218                I2C2_ER_IRQHandler
                0x0000000008001218                DMA2_Stream1_IRQHandler
                0x0000000008001218                CAN1_SCE_IRQHandler
                0x0000000008001218                FLASH_IRQHandler
                0x0000000008001218                DMA2_Stream4_IRQHandler
                0x0000000008001218                USART1_IRQHandler
                0x0000000008001218                OTG_FS_IRQHandler
                0x0000000008001218                SPI3_IRQHandler
                0x0000000008001218                DMA1_Stream4_IRQHandler
                0x0000000008001218                I2C1_ER_IRQHandler
                0x0000000008001218                DMA2_Stream6_IRQHandler
                0x0000000008001218                RTC_Alarm_IRQHandler
 .text.ClearScreen
                0x000000000800121a       0x1c ./Core/ub_lib/drawshapes.o
                0x000000000800121a                ClearScreen
 *fill*         0x0000000008001236        0x2 
 .text.UB_VGA_Screen_Init
                0x0000000008001238       0xa4 ./Core/ub_lib/stm32_ub_vga_screen.o
                0x0000000008001238                UB_VGA_Screen_Init
 .text.UB_VGA_FillScreen
                0x00000000080012dc       0x46 ./Core/ub_lib/stm32_ub_vga_screen.o
                0x00000000080012dc                UB_VGA_FillScreen
 *fill*         0x0000000008001322        0x2 
 .text.UB_VGA_SetPixel
                0x0000000008001324       0x50 ./Core/ub_lib/stm32_ub_vga_screen.o
                0x0000000008001324                UB_VGA_SetPixel
 .text.HAL_Init
                0x0000000008001374       0x44 ./Drivers/STM32F4xx_HAL_Driver/Src/stm32f4xx_hal.o
                0x0000000008001374                HAL_Init
 .text.HAL_InitTick
                0x00000000080013b8       0x60 ./Drivers/STM32F4xx_HAL_Driver/Src/stm32f4xx_hal.o
                0x00000000080013b8                HAL_InitTick
 .text.HAL_IncTick
                0x0000000008001418       0x28 ./Drivers/STM32F4xx_HAL_Driver/Src/stm32f4xx_hal.o
                0x0000000008001418                HAL_IncTick
 .text.HAL_GetTick
                0x0000000008001440       0x18 ./Drivers/STM32F4xx_HAL_Driver/Src/stm32f4xx_hal.o
                0x0000000008001440                HAL_GetTick
 .text.__NVIC_SetPriorityGrouping
                0x0000000008001458       0x48 ./Drivers/STM32F4xx_HAL_Driver/Src/stm32f4xx_hal_cortex.o
 .text.__NVIC_GetPriorityGrouping
                0x00000000080014a0       0x1c ./Drivers/STM32F4xx_HAL_Driver/Src/stm32f4xx_hal_cortex.o
 .text.__NVIC_EnableIRQ
                0x00000000080014bc       0x3c ./Drivers/STM32F4xx_HAL_Driver/Src/stm32f4xx_hal_cortex.o
 .text.__NVIC_SetPriority
                0x00000000080014f8       0x54 ./Drivers/STM32F4xx_HAL_Driver/Src/stm32f4xx_hal_cortex.o
 .text.NVIC_EncodePriority
                0x000000000800154c       0x66 ./Drivers/STM32F4xx_HAL_Driver/Src/stm32f4xx_hal_cortex.o
 *fill*         0x00000000080015b2        0x2 
 .text.SysTick_Config
                0x00000000080015b4       0x44 ./Drivers/STM32F4xx_HAL_Driver/Src/stm32f4xx_hal_cortex.o
 .text.HAL_NVIC_SetPriorityGrouping
                0x00000000080015f8       0x16 ./Drivers/STM32F4xx_HAL_Driver/Src/stm32f4xx_hal_cortex.o
                0x00000000080015f8                HAL_NVIC_SetPriorityGrouping
 .text.HAL_NVIC_SetPriority
                0x000000000800160e       0x38 ./Drivers/STM32F4xx_HAL_Driver/Src/stm32f4xx_hal_cortex.o
                0x000000000800160e                HAL_NVIC_SetPriority
 .text.HAL_NVIC_EnableIRQ
                0x0000000008001646       0x1c ./Drivers/STM32F4xx_HAL_Driver/Src/stm32f4xx_hal_cortex.o
                0x0000000008001646                HAL_NVIC_EnableIRQ
 .text.HAL_SYSTICK_Config
                0x0000000008001662       0x18 ./Drivers/STM32F4xx_HAL_Driver/Src/stm32f4xx_hal_cortex.o
                0x0000000008001662                HAL_SYSTICK_Config
 *fill*         0x000000000800167a        0x2 
 .text.HAL_DMA_Init
                0x000000000800167c      0x15c ./Drivers/STM32F4xx_HAL_Driver/Src/stm32f4xx_hal_dma.o
                0x000000000800167c                HAL_DMA_Init
 .text.HAL_DMA_Start_IT
                0x00000000080017d8       0xb0 ./Drivers/STM32F4xx_HAL_Driver/Src/stm32f4xx_hal_dma.o
                0x00000000080017d8                HAL_DMA_Start_IT
 .text.HAL_DMA_Abort_IT
                0x0000000008001888       0x44 ./Drivers/STM32F4xx_HAL_Driver/Src/stm32f4xx_hal_dma.o
                0x0000000008001888                HAL_DMA_Abort_IT
 .text.HAL_DMA_IRQHandler
                0x00000000080018cc      0x314 ./Drivers/STM32F4xx_HAL_Driver/Src/stm32f4xx_hal_dma.o
                0x00000000080018cc                HAL_DMA_IRQHandler
 .text.DMA_SetConfig
                0x0000000008001be0       0x5c ./Drivers/STM32F4xx_HAL_Driver/Src/stm32f4xx_hal_dma.o
 .text.DMA_CalcBaseAndBitshift
                0x0000000008001c3c       0x6c ./Drivers/STM32F4xx_HAL_Driver/Src/stm32f4xx_hal_dma.o
 .text.DMA_CheckFifoParam
                0x0000000008001ca8       0xf8 ./Drivers/STM32F4xx_HAL_Driver/Src/stm32f4xx_hal_dma.o
 .text.HAL_GPIO_Init
                0x0000000008001da0      0x338 ./Drivers/STM32F4xx_HAL_Driver/Src/stm32f4xx_hal_gpio.o
                0x0000000008001da0                HAL_GPIO_Init
 .text.HAL_GPIO_WritePin
                0x00000000080020d8       0x32 ./Drivers/STM32F4xx_HAL_Driver/Src/stm32f4xx_hal_gpio.o
                0x00000000080020d8                HAL_GPIO_WritePin
 *fill*         0x000000000800210a        0x2 
 .text.HAL_RCC_OscConfig
                0x000000000800210c      0x4dc ./Drivers/STM32F4xx_HAL_Driver/Src/stm32f4xx_hal_rcc.o
                0x000000000800210c                HAL_RCC_OscConfig
 .text.HAL_RCC_ClockConfig
                0x00000000080025e8      0x1cc ./Drivers/STM32F4xx_HAL_Driver/Src/stm32f4xx_hal_rcc.o
                0x00000000080025e8                HAL_RCC_ClockConfig
 .text.HAL_RCC_GetSysClockFreq
                0x00000000080027b4      0x20c ./Drivers/STM32F4xx_HAL_Driver/Src/stm32f4xx_hal_rcc.o
                0x00000000080027b4                HAL_RCC_GetSysClockFreq
 .text.HAL_RCC_GetHCLKFreq
                0x00000000080029c0       0x18 ./Drivers/STM32F4xx_HAL_Driver/Src/stm32f4xx_hal_rcc.o
                0x00000000080029c0                HAL_RCC_GetHCLKFreq
 .text.HAL_RCC_GetPCLK1Freq
                0x00000000080029d8       0x28 ./Drivers/STM32F4xx_HAL_Driver/Src/stm32f4xx_hal_rcc.o
                0x00000000080029d8                HAL_RCC_GetPCLK1Freq
 .text.HAL_RCC_GetPCLK2Freq
                0x0000000008002a00       0x28 ./Drivers/STM32F4xx_HAL_Driver/Src/stm32f4xx_hal_rcc.o
                0x0000000008002a00                HAL_RCC_GetPCLK2Freq
 .text.HAL_TIM_Base_Init
                0x0000000008002a28       0x56 ./Drivers/STM32F4xx_HAL_Driver/Src/stm32f4xx_hal_tim.o
                0x0000000008002a28                HAL_TIM_Base_Init
 .text.HAL_TIM_Base_Start
                0x0000000008002a7e       0x48 ./Drivers/STM32F4xx_HAL_Driver/Src/stm32f4xx_hal_tim.o
                0x0000000008002a7e                HAL_TIM_Base_Start
 .text.HAL_TIM_PWM_Init
                0x0000000008002ac6       0x56 ./Drivers/STM32F4xx_HAL_Driver/Src/stm32f4xx_hal_tim.o
                0x0000000008002ac6                HAL_TIM_PWM_Init
 .text.HAL_TIM_PWM_Start
                0x0000000008002b1c       0x7c ./Drivers/STM32F4xx_HAL_Driver/Src/stm32f4xx_hal_tim.o
                0x0000000008002b1c                HAL_TIM_PWM_Start
 .text.HAL_TIM_PWM_Start_IT
                0x0000000008002b98      0x108 ./Drivers/STM32F4xx_HAL_Driver/Src/stm32f4xx_hal_tim.o
                0x0000000008002b98                HAL_TIM_PWM_Start_IT
 .text.HAL_TIM_IRQHandler
                0x0000000008002ca0      0x210 ./Drivers/STM32F4xx_HAL_Driver/Src/stm32f4xx_hal_tim.o
                0x0000000008002ca0                HAL_TIM_IRQHandler
 .text.HAL_TIM_PWM_ConfigChannel
                0x0000000008002eb0      0x18c ./Drivers/STM32F4xx_HAL_Driver/Src/stm32f4xx_hal_tim.o
                0x0000000008002eb0                HAL_TIM_PWM_ConfigChannel
 .text.HAL_TIM_ConfigClockSource
                0x000000000800303c      0x188 ./Drivers/STM32F4xx_HAL_Driver/Src/stm32f4xx_hal_tim.o
                0x000000000800303c                HAL_TIM_ConfigClockSource
 .text.HAL_TIM_PeriodElapsedCallback
                0x00000000080031c4       0x14 ./Drivers/STM32F4xx_HAL_Driver/Src/stm32f4xx_hal_tim.o
                0x00000000080031c4                HAL_TIM_PeriodElapsedCallback
 .text.HAL_TIM_OC_DelayElapsedCallback
                0x00000000080031d8       0x14 ./Drivers/STM32F4xx_HAL_Driver/Src/stm32f4xx_hal_tim.o
                0x00000000080031d8                HAL_TIM_OC_DelayElapsedCallback
 .text.HAL_TIM_IC_CaptureCallback
                0x00000000080031ec       0x14 ./Drivers/STM32F4xx_HAL_Driver/Src/stm32f4xx_hal_tim.o
                0x00000000080031ec                HAL_TIM_IC_CaptureCallback
 .text.HAL_TIM_PWM_PulseFinishedCallback
                0x0000000008003200       0x14 ./Drivers/STM32F4xx_HAL_Driver/Src/stm32f4xx_hal_tim.o
                0x0000000008003200                HAL_TIM_PWM_PulseFinishedCallback
 .text.HAL_TIM_TriggerCallback
                0x0000000008003214       0x14 ./Drivers/STM32F4xx_HAL_Driver/Src/stm32f4xx_hal_tim.o
                0x0000000008003214                HAL_TIM_TriggerCallback
 .text.TIM_Base_SetConfig
                0x0000000008003228      0x140 ./Drivers/STM32F4xx_HAL_Driver/Src/stm32f4xx_hal_tim.o
                0x0000000008003228                TIM_Base_SetConfig
 .text.TIM_OC1_SetConfig
                0x0000000008003368       0xe0 ./Drivers/STM32F4xx_HAL_Driver/Src/stm32f4xx_hal_tim.o
 .text.TIM_OC2_SetConfig
                0x0000000008003448       0xec ./Drivers/STM32F4xx_HAL_Driver/Src/stm32f4xx_hal_tim.o
                0x0000000008003448                TIM_OC2_SetConfig
 .text.TIM_OC3_SetConfig
                0x0000000008003534       0xe8 ./Drivers/STM32F4xx_HAL_Driver/Src/stm32f4xx_hal_tim.o
 .text.TIM_OC4_SetConfig
                0x000000000800361c       0xac ./Drivers/STM32F4xx_HAL_Driver/Src/stm32f4xx_hal_tim.o
 .text.TIM_TI1_ConfigInputStage
                0x00000000080036c8       0x5e ./Drivers/STM32F4xx_HAL_Driver/Src/stm32f4xx_hal_tim.o
 .text.TIM_TI2_ConfigInputStage
                0x0000000008003726       0x60 ./Drivers/STM32F4xx_HAL_Driver/Src/stm32f4xx_hal_tim.o
 .text.TIM_ITRx_SetConfig
                0x0000000008003786       0x36 ./Drivers/STM32F4xx_HAL_Driver/Src/stm32f4xx_hal_tim.o
 .text.TIM_ETR_SetConfig
                0x00000000080037bc       0x40 ./Drivers/STM32F4xx_HAL_Driver/Src/stm32f4xx_hal_tim.o
                0x00000000080037bc                TIM_ETR_SetConfig
 .text.TIM_CCxChannelCmd
                0x00000000080037fc       0x4a ./Drivers/STM32F4xx_HAL_Driver/Src/stm32f4xx_hal_tim.o
                0x00000000080037fc                TIM_CCxChannelCmd
 *fill*         0x0000000008003846        0x2 
 .text.HAL_TIMEx_MasterConfigSynchronization
                0x0000000008003848       0xf8 ./Drivers/STM32F4xx_HAL_Driver/Src/stm32f4xx_hal_tim_ex.o
                0x0000000008003848                HAL_TIMEx_MasterConfigSynchronization
 .text.HAL_TIMEx_CommutCallback
                0x0000000008003940       0x14 ./Drivers/STM32F4xx_HAL_Driver/Src/stm32f4xx_hal_tim_ex.o
                0x0000000008003940                HAL_TIMEx_CommutCallback
 .text.HAL_TIMEx_BreakCallback
                0x0000000008003954       0x14 ./Drivers/STM32F4xx_HAL_Driver/Src/stm32f4xx_hal_tim_ex.o
                0x0000000008003954                HAL_TIMEx_BreakCallback
 .text.HAL_UART_Init
                0x0000000008003968       0x9a ./Drivers/STM32F4xx_HAL_Driver/Src/stm32f4xx_hal_uart.o
                0x0000000008003968                HAL_UART_Init
 .text.HAL_UART_Receive_IT
                0x0000000008003a02       0xaa ./Drivers/STM32F4xx_HAL_Driver/Src/stm32f4xx_hal_uart.o
                0x0000000008003a02                HAL_UART_Receive_IT
 .text.HAL_UART_IRQHandler
                0x0000000008003aac      0x200 ./Drivers/STM32F4xx_HAL_Driver/Src/stm32f4xx_hal_uart.o
                0x0000000008003aac                HAL_UART_IRQHandler
 .text.HAL_UART_TxCpltCallback
                0x0000000008003cac       0x14 ./Drivers/STM32F4xx_HAL_Driver/Src/stm32f4xx_hal_uart.o
                0x0000000008003cac                HAL_UART_TxCpltCallback
 .text.HAL_UART_RxCpltCallback
                0x0000000008003cc0       0x14 ./Drivers/STM32F4xx_HAL_Driver/Src/stm32f4xx_hal_uart.o
                0x0000000008003cc0                HAL_UART_RxCpltCallback
 .text.HAL_UART_ErrorCallback
                0x0000000008003cd4       0x14 ./Drivers/STM32F4xx_HAL_Driver/Src/stm32f4xx_hal_uart.o
                0x0000000008003cd4                HAL_UART_ErrorCallback
 .text.UART_EndRxTransfer
                0x0000000008003ce8       0x3c ./Drivers/STM32F4xx_HAL_Driver/Src/stm32f4xx_hal_uart.o
 .text.UART_DMAAbortOnError
                0x0000000008003d24       0x28 ./Drivers/STM32F4xx_HAL_Driver/Src/stm32f4xx_hal_uart.o
 .text.UART_Transmit_IT
                0x0000000008003d4c       0xac ./Drivers/STM32F4xx_HAL_Driver/Src/stm32f4xx_hal_uart.o
 .text.UART_EndTransmit_IT
                0x0000000008003df8       0x30 ./Drivers/STM32F4xx_HAL_Driver/Src/stm32f4xx_hal_uart.o
 .text.UART_Receive_IT
                0x0000000008003e28      0x102 ./Drivers/STM32F4xx_HAL_Driver/Src/stm32f4xx_hal_uart.o
 *fill*         0x0000000008003f2a        0x2 
 .text.UART_SetConfig
                0x0000000008003f2c      0x99c ./Drivers/STM32F4xx_HAL_Driver/Src/stm32f4xx_hal_uart.o
 .text.atoi     0x00000000080048c8        0x8 /Applications/STM32CubeIDE.app/Contents/Eclipse/plugins/com.st.stm32cube.ide.mcu.externaltools.gnu-tools-for-stm32.10.3-2021.10.macos64_1.0.200.202301161003/tools/bin/../lib/gcc/arm-none-eabi/10.3.1/../../../../arm-none-eabi/lib/thumb/v7e-m+fp/hard/libc_nano.a(lib_a-atoi.o)
                0x00000000080048c8                atoi
 .text.__errno  0x00000000080048d0        0xc /Applications/STM32CubeIDE.app/Contents/Eclipse/plugins/com.st.stm32cube.ide.mcu.externaltools.gnu-tools-for-stm32.10.3-2021.10.macos64_1.0.200.202301161003/tools/bin/../lib/gcc/arm-none-eabi/10.3.1/../../../../arm-none-eabi/lib/thumb/v7e-m+fp/hard/libc_nano.a(lib_a-errno.o)
                0x00000000080048d0                __errno
 .text.__libc_init_array
                0x00000000080048dc       0x48 /Applications/STM32CubeIDE.app/Contents/Eclipse/plugins/com.st.stm32cube.ide.mcu.externaltools.gnu-tools-for-stm32.10.3-2021.10.macos64_1.0.200.202301161003/tools/bin/../lib/gcc/arm-none-eabi/10.3.1/../../../../arm-none-eabi/lib/thumb/v7e-m+fp/hard/libc_nano.a(lib_a-init.o)
                0x00000000080048dc                __libc_init_array
 .text.memcpy   0x0000000008004924       0x1c /Applications/STM32CubeIDE.app/Contents/Eclipse/plugins/com.st.stm32cube.ide.mcu.externaltools.gnu-tools-for-stm32.10.3-2021.10.macos64_1.0.200.202301161003/tools/bin/../lib/gcc/arm-none-eabi/10.3.1/../../../../arm-none-eabi/lib/thumb/v7e-m+fp/hard/libc_nano.a(lib_a-memcpy-stub.o)
                0x0000000008004924                memcpy
 .text.memset   0x0000000008004940       0x10 /Applications/STM32CubeIDE.app/Contents/Eclipse/plugins/com.st.stm32cube.ide.mcu.externaltools.gnu-tools-for-stm32.10.3-2021.10.macos64_1.0.200.202301161003/tools/bin/../lib/gcc/arm-none-eabi/10.3.1/../../../../arm-none-eabi/lib/thumb/v7e-m+fp/hard/libc_nano.a(lib_a-memset.o)
                0x0000000008004940                memset
 .text._strtol_l.constprop.0
                0x0000000008004950      0x104 /Applications/STM32CubeIDE.app/Contents/Eclipse/plugins/com.st.stm32cube.ide.mcu.externaltools.gnu-tools-for-stm32.10.3-2021.10.macos64_1.0.200.202301161003/tools/bin/../lib/gcc/arm-none-eabi/10.3.1/../../../../arm-none-eabi/lib/thumb/v7e-m+fp/hard/libc_nano.a(lib_a-strtol.o)
 .text.strtol   0x0000000008004a54       0x14 /Applications/STM32CubeIDE.app/Contents/Eclipse/plugins/com.st.stm32cube.ide.mcu.externaltools.gnu-tools-for-stm32.10.3-2021.10.macos64_1.0.200.202301161003/tools/bin/../lib/gcc/arm-none-eabi/10.3.1/../../../../arm-none-eabi/lib/thumb/v7e-m+fp/hard/libc_nano.a(lib_a-strtol.o)
                0x0000000008004a54                strtol
 *(.glue_7)
 .glue_7        0x0000000008004a68        0x0 linker stubs
 *(.glue_7t)
 .glue_7t       0x0000000008004a68        0x0 linker stubs
 *(.eh_frame)
 .eh_frame      0x0000000008004a68        0x0 /Applications/STM32CubeIDE.app/Contents/Eclipse/plugins/com.st.stm32cube.ide.mcu.externaltools.gnu-tools-for-stm32.10.3-2021.10.macos64_1.0.200.202301161003/tools/bin/../lib/gcc/arm-none-eabi/10.3.1/thumb/v7e-m+fp/hard/crtbegin.o
 *(.init)
 .init          0x0000000008004a68        0x4 /Applications/STM32CubeIDE.app/Contents/Eclipse/plugins/com.st.stm32cube.ide.mcu.externaltools.gnu-tools-for-stm32.10.3-2021.10.macos64_1.0.200.202301161003/tools/bin/../lib/gcc/arm-none-eabi/10.3.1/thumb/v7e-m+fp/hard/crti.o
                0x0000000008004a68                _init
 .init          0x0000000008004a6c        0x8 /Applications/STM32CubeIDE.app/Contents/Eclipse/plugins/com.st.stm32cube.ide.mcu.externaltools.gnu-tools-for-stm32.10.3-2021.10.macos64_1.0.200.202301161003/tools/bin/../lib/gcc/arm-none-eabi/10.3.1/thumb/v7e-m+fp/hard/crtn.o
 *(.fini)
 .fini          0x0000000008004a74        0x4 /Applications/STM32CubeIDE.app/Contents/Eclipse/plugins/com.st.stm32cube.ide.mcu.externaltools.gnu-tools-for-stm32.10.3-2021.10.macos64_1.0.200.202301161003/tools/bin/../lib/gcc/arm-none-eabi/10.3.1/thumb/v7e-m+fp/hard/crti.o
                0x0000000008004a74                _fini
 .fini          0x0000000008004a78        0x8 /Applications/STM32CubeIDE.app/Contents/Eclipse/plugins/com.st.stm32cube.ide.mcu.externaltools.gnu-tools-for-stm32.10.3-2021.10.macos64_1.0.200.202301161003/tools/bin/../lib/gcc/arm-none-eabi/10.3.1/thumb/v7e-m+fp/hard/crtn.o
                0x0000000008004a80                . = ALIGN (0x4)
                0x0000000008004a80                _etext = .

.vfp11_veneer   0x0000000008004a80        0x0
 .vfp11_veneer  0x0000000008004a80        0x0 linker stubs

.v4_bx          0x0000000008004a80        0x0
 .v4_bx         0x0000000008004a80        0x0 linker stubs

.iplt           0x0000000008004a80        0x0
 .iplt          0x0000000008004a80        0x0 /Applications/STM32CubeIDE.app/Contents/Eclipse/plugins/com.st.stm32cube.ide.mcu.externaltools.gnu-tools-for-stm32.10.3-2021.10.macos64_1.0.200.202301161003/tools/bin/../lib/gcc/arm-none-eabi/10.3.1/thumb/v7e-m+fp/hard/crtbegin.o

.rodata         0x0000000008004a80      0x268
                0x0000000008004a80                . = ALIGN (0x4)
 *(.rodata)
 .rodata        0x0000000008004a80       0xe1 ./Core/Front_Layer/Parser.o
 *(.rodata*)
 *fill*         0x0000000008004b61        0x3 
 .rodata.AHBPrescTable
                0x0000000008004b64       0x10 ./Core/Src/system_stm32f4xx.o
                0x0000000008004b64                AHBPrescTable
 .rodata.APBPrescTable
                0x0000000008004b74        0x8 ./Core/Src/system_stm32f4xx.o
                0x0000000008004b74                APBPrescTable
 .rodata.flagBitshiftOffset.0
                0x0000000008004b7c        0x8 ./Drivers/STM32F4xx_HAL_Driver/Src/stm32f4xx_hal_dma.o
 .rodata._ctype_
                0x0000000008004b84      0x101 /Applications/STM32CubeIDE.app/Contents/Eclipse/plugins/com.st.stm32cube.ide.mcu.externaltools.gnu-tools-for-stm32.10.3-2021.10.macos64_1.0.200.202301161003/tools/bin/../lib/gcc/arm-none-eabi/10.3.1/../../../../arm-none-eabi/lib/thumb/v7e-m+fp/hard/libc_nano.a(lib_a-ctype_.o)
                0x0000000008004b84                _ctype_
 *fill*         0x0000000008004c85        0x3 
 .rodata.__sf_fake_stderr
                0x0000000008004c88       0x20 /Applications/STM32CubeIDE.app/Contents/Eclipse/plugins/com.st.stm32cube.ide.mcu.externaltools.gnu-tools-for-stm32.10.3-2021.10.macos64_1.0.200.202301161003/tools/bin/../lib/gcc/arm-none-eabi/10.3.1/../../../../arm-none-eabi/lib/thumb/v7e-m+fp/hard/libc_nano.a(lib_a-findfp.o)
                0x0000000008004c88                __sf_fake_stderr
 .rodata.__sf_fake_stdin
                0x0000000008004ca8       0x20 /Applications/STM32CubeIDE.app/Contents/Eclipse/plugins/com.st.stm32cube.ide.mcu.externaltools.gnu-tools-for-stm32.10.3-2021.10.macos64_1.0.200.202301161003/tools/bin/../lib/gcc/arm-none-eabi/10.3.1/../../../../arm-none-eabi/lib/thumb/v7e-m+fp/hard/libc_nano.a(lib_a-findfp.o)
                0x0000000008004ca8                __sf_fake_stdin
 .rodata.__sf_fake_stdout
                0x0000000008004cc8       0x20 /Applications/STM32CubeIDE.app/Contents/Eclipse/plugins/com.st.stm32cube.ide.mcu.externaltools.gnu-tools-for-stm32.10.3-2021.10.macos64_1.0.200.202301161003/tools/bin/../lib/gcc/arm-none-eabi/10.3.1/../../../../arm-none-eabi/lib/thumb/v7e-m+fp/hard/libc_nano.a(lib_a-findfp.o)
                0x0000000008004cc8                __sf_fake_stdout
                0x0000000008004ce8                . = ALIGN (0x4)

.ARM.extab      0x0000000008004ce8        0x0
                0x0000000008004ce8                . = ALIGN (0x4)
 *(.ARM.extab* .gnu.linkonce.armextab.*)
                0x0000000008004ce8                . = ALIGN (0x4)

.ARM            0x0000000008004ce8        0x8
                0x0000000008004ce8                . = ALIGN (0x4)
                0x0000000008004ce8                __exidx_start = .
 *(.ARM.exidx*)
 .ARM.exidx     0x0000000008004ce8        0x8 /Applications/STM32CubeIDE.app/Contents/Eclipse/plugins/com.st.stm32cube.ide.mcu.externaltools.gnu-tools-for-stm32.10.3-2021.10.macos64_1.0.200.202301161003/tools/bin/../lib/gcc/arm-none-eabi/10.3.1/thumb/v7e-m+fp/hard/libgcc.a(_udivmoddi4.o)
                0x0000000008004cf0                __exidx_end = .
                0x0000000008004cf0                . = ALIGN (0x4)

.rel.dyn        0x0000000008004cf0        0x0
 .rel.iplt      0x0000000008004cf0        0x0 /Applications/STM32CubeIDE.app/Contents/Eclipse/plugins/com.st.stm32cube.ide.mcu.externaltools.gnu-tools-for-stm32.10.3-2021.10.macos64_1.0.200.202301161003/tools/bin/../lib/gcc/arm-none-eabi/10.3.1/thumb/v7e-m+fp/hard/crtbegin.o

.preinit_array  0x0000000008004cf0        0x0
                0x0000000008004cf0                . = ALIGN (0x4)
                0x0000000008004cf0                PROVIDE (__preinit_array_start = .)
 *(.preinit_array*)
                0x0000000008004cf0                PROVIDE (__preinit_array_end = .)
                0x0000000008004cf0                . = ALIGN (0x4)

.init_array     0x0000000008004cf0        0x4
                0x0000000008004cf0                . = ALIGN (0x4)
                0x0000000008004cf0                PROVIDE (__init_array_start = .)
 *(SORT_BY_NAME(.init_array.*))
 *(.init_array*)
 .init_array    0x0000000008004cf0        0x4 /Applications/STM32CubeIDE.app/Contents/Eclipse/plugins/com.st.stm32cube.ide.mcu.externaltools.gnu-tools-for-stm32.10.3-2021.10.macos64_1.0.200.202301161003/tools/bin/../lib/gcc/arm-none-eabi/10.3.1/thumb/v7e-m+fp/hard/crtbegin.o
                0x0000000008004cf4                PROVIDE (__init_array_end = .)
                0x0000000008004cf4                . = ALIGN (0x4)

.fini_array     0x0000000008004cf4        0x4
                0x0000000008004cf4                . = ALIGN (0x4)
                [!provide]                        PROVIDE (__fini_array_start = .)
 *(SORT_BY_NAME(.fini_array.*))
 *(.fini_array*)
 .fini_array    0x0000000008004cf4        0x4 /Applications/STM32CubeIDE.app/Contents/Eclipse/plugins/com.st.stm32cube.ide.mcu.externaltools.gnu-tools-for-stm32.10.3-2021.10.macos64_1.0.200.202301161003/tools/bin/../lib/gcc/arm-none-eabi/10.3.1/thumb/v7e-m+fp/hard/crtbegin.o
                [!provide]                        PROVIDE (__fini_array_end = .)
                0x0000000008004cf8                . = ALIGN (0x4)
                0x0000000008004cf8                _sidata = LOADADDR (.data)

.data           0x0000000020000000       0xe4 load address 0x0000000008004cf8
                0x0000000020000000                . = ALIGN (0x4)
                0x0000000020000000                _sdata = .
 *(.data)
 *(.data*)
 .data.possibleCommands
                0x0000000020000000       0x24 ./Core/Front_Layer/Parser.o
                0x0000000020000000                possibleCommands
 .data.possibleColors
                0x0000000020000024       0x40 ./Core/Front_Layer/Parser.o
                0x0000000020000024                possibleColors
 .data.colorCodes
                0x0000000020000064       0x10 ./Core/Front_Layer/Parser.o
                0x0000000020000064                colorCodes
 .data.SystemCoreClock
                0x0000000020000074        0x4 ./Core/Src/system_stm32f4xx.o
                0x0000000020000074                SystemCoreClock
 .data.uwTickPrio
                0x0000000020000078        0x4 ./Drivers/STM32F4xx_HAL_Driver/Src/stm32f4xx_hal.o
                0x0000000020000078                uwTickPrio
 .data.uwTickFreq
                0x000000002000007c        0x1 ./Drivers/STM32F4xx_HAL_Driver/Src/stm32f4xx_hal.o
                0x000000002000007c                uwTickFreq
 *fill*         0x000000002000007d        0x3 
 .data._impure_ptr
                0x0000000020000080        0x4 /Applications/STM32CubeIDE.app/Contents/Eclipse/plugins/com.st.stm32cube.ide.mcu.externaltools.gnu-tools-for-stm32.10.3-2021.10.macos64_1.0.200.202301161003/tools/bin/../lib/gcc/arm-none-eabi/10.3.1/../../../../arm-none-eabi/lib/thumb/v7e-m+fp/hard/libc_nano.a(lib_a-impure.o)
                0x0000000020000080                _impure_ptr
 .data.impure_data
                0x0000000020000084       0x60 /Applications/STM32CubeIDE.app/Contents/Eclipse/plugins/com.st.stm32cube.ide.mcu.externaltools.gnu-tools-for-stm32.10.3-2021.10.macos64_1.0.200.202301161003/tools/bin/../lib/gcc/arm-none-eabi/10.3.1/../../../../arm-none-eabi/lib/thumb/v7e-m+fp/hard/libc_nano.a(lib_a-impure.o)
                0x00000000200000e4                . = ALIGN (0x4)
                0x00000000200000e4                _edata = .

.igot.plt       0x00000000200000e4        0x0 load address 0x0000000008004ddc
 .igot.plt      0x00000000200000e4        0x0 /Applications/STM32CubeIDE.app/Contents/Eclipse/plugins/com.st.stm32cube.ide.mcu.externaltools.gnu-tools-for-stm32.10.3-2021.10.macos64_1.0.200.202301161003/tools/bin/../lib/gcc/arm-none-eabi/10.3.1/thumb/v7e-m+fp/hard/crtbegin.o
                0x00000000200000e4                . = ALIGN (0x4)

.bss            0x00000000200000e4    0x13250 load address 0x0000000008004ddc
                0x00000000200000e4                _sbss = .
                0x00000000200000e4                __bss_start__ = _sbss
 *(.bss)
 .bss           0x00000000200000e4       0x1c /Applications/STM32CubeIDE.app/Contents/Eclipse/plugins/com.st.stm32cube.ide.mcu.externaltools.gnu-tools-for-stm32.10.3-2021.10.macos64_1.0.200.202301161003/tools/bin/../lib/gcc/arm-none-eabi/10.3.1/thumb/v7e-m+fp/hard/crtbegin.o
 *(.bss*)
 .bss.input     0x0000000020000100      0x414 ./Core/Src/main.o
                0x0000000020000100                input
 .bss.htim1     0x0000000020000514       0x40 ./Core/Src/tim.o
                0x0000000020000514                htim1
 .bss.htim2     0x0000000020000554       0x40 ./Core/Src/tim.o
                0x0000000020000554                htim2
 .bss.hdma_tim1_up
                0x0000000020000594       0x60 ./Core/Src/tim.o
                0x0000000020000594                hdma_tim1_up
 .bss.huart2    0x00000000200005f4       0x40 ./Core/Src/usart.o
                0x00000000200005f4                huart2
 .bss.VGA_RAM1  0x0000000020000634    0x12cf0 ./Core/ub_lib/stm32_ub_vga_screen.o
                0x0000000020000634                VGA_RAM1
 .bss.VGA       0x0000000020013324        0xc ./Core/ub_lib/stm32_ub_vga_screen.o
                0x0000000020013324                VGA
 .bss.uwTick    0x0000000020013330        0x4 ./Drivers/STM32F4xx_HAL_Driver/Src/stm32f4xx_hal.o
                0x0000000020013330                uwTick
 *(COMMON)
                0x0000000020013334                . = ALIGN (0x4)
                0x0000000020013334                _ebss = .
                0x0000000020013334                __bss_end__ = _ebss

._user_heap_stack
                0x0000000020013334      0x604 load address 0x0000000008004ddc
                0x0000000020013338                . = ALIGN (0x8)
 *fill*         0x0000000020013334        0x4 
                0x0000000020013338                PROVIDE (end = .)
                [!provide]                        PROVIDE (_end = .)
                0x0000000020013538                . = (. + _Min_Heap_Size)
 *fill*         0x0000000020013338      0x200 
                0x0000000020013938                . = (. + _Min_Stack_Size)
 *fill*         0x0000000020013538      0x400 
                0x0000000020013938                . = ALIGN (0x8)

/DISCARD/
 libc.a(*)
 libm.a(*)
 libgcc.a(*)

.ARM.attributes
                0x0000000000000000       0x30
 *(.ARM.attributes)
 .ARM.attributes
                0x0000000000000000       0x1e /Applications/STM32CubeIDE.app/Contents/Eclipse/plugins/com.st.stm32cube.ide.mcu.externaltools.gnu-tools-for-stm32.10.3-2021.10.macos64_1.0.200.202301161003/tools/bin/../lib/gcc/arm-none-eabi/10.3.1/thumb/v7e-m+fp/hard/crti.o
 .ARM.attributes
                0x000000000000001e       0x34 /Applications/STM32CubeIDE.app/Contents/Eclipse/plugins/com.st.stm32cube.ide.mcu.externaltools.gnu-tools-for-stm32.10.3-2021.10.macos64_1.0.200.202301161003/tools/bin/../lib/gcc/arm-none-eabi/10.3.1/thumb/v7e-m+fp/hard/crtbegin.o
 .ARM.attributes
                0x0000000000000052       0x34 ./Core/Front_Layer/Commands.o
 .ARM.attributes
                0x0000000000000086       0x34 ./Core/Front_Layer/Parser.o
 .ARM.attributes
                0x00000000000000ba       0x34 ./Core/Src/dma.o
 .ARM.attributes
                0x00000000000000ee       0x34 ./Core/Src/gpio.o
 .ARM.attributes
                0x0000000000000122       0x34 ./Core/Src/main.o
 .ARM.attributes
                0x0000000000000156       0x34 ./Core/Src/stm32f4xx_hal_msp.o
 .ARM.attributes
                0x000000000000018a       0x34 ./Core/Src/stm32f4xx_it.o
 .ARM.attributes
                0x00000000000001be       0x34 ./Core/Src/system_stm32f4xx.o
 .ARM.attributes
                0x00000000000001f2       0x34 ./Core/Src/tim.o
 .ARM.attributes
                0x0000000000000226       0x34 ./Core/Src/usart.o
 .ARM.attributes
                0x000000000000025a       0x21 ./Core/Startup/startup_stm32f407vgtx.o
 .ARM.attributes
                0x000000000000027b       0x34 ./Core/ub_lib/drawshapes.o
 .ARM.attributes
                0x00000000000002af       0x34 ./Core/ub_lib/stm32_ub_vga_screen.o
 .ARM.attributes
                0x00000000000002e3       0x34 ./Drivers/STM32F4xx_HAL_Driver/Src/stm32f4xx_hal.o
 .ARM.attributes
                0x0000000000000317       0x34 ./Drivers/STM32F4xx_HAL_Driver/Src/stm32f4xx_hal_cortex.o
 .ARM.attributes
                0x000000000000034b       0x34 ./Drivers/STM32F4xx_HAL_Driver/Src/stm32f4xx_hal_dma.o
 .ARM.attributes
                0x000000000000037f       0x34 ./Drivers/STM32F4xx_HAL_Driver/Src/stm32f4xx_hal_gpio.o
 .ARM.attributes
                0x00000000000003b3       0x34 ./Drivers/STM32F4xx_HAL_Driver/Src/stm32f4xx_hal_rcc.o
 .ARM.attributes
                0x00000000000003e7       0x34 ./Drivers/STM32F4xx_HAL_Driver/Src/stm32f4xx_hal_tim.o
 .ARM.attributes
                0x000000000000041b       0x34 ./Drivers/STM32F4xx_HAL_Driver/Src/stm32f4xx_hal_tim_ex.o
 .ARM.attributes
                0x000000000000044f       0x34 ./Drivers/STM32F4xx_HAL_Driver/Src/stm32f4xx_hal_uart.o
 .ARM.attributes
                0x0000000000000483       0x34 /Applications/STM32CubeIDE.app/Contents/Eclipse/plugins/com.st.stm32cube.ide.mcu.externaltools.gnu-tools-for-stm32.10.3-2021.10.macos64_1.0.200.202301161003/tools/bin/../lib/gcc/arm-none-eabi/10.3.1/../../../../arm-none-eabi/lib/thumb/v7e-m+fp/hard/libc_nano.a(lib_a-atoi.o)
 .ARM.attributes
                0x00000000000004b7       0x34 /Applications/STM32CubeIDE.app/Contents/Eclipse/plugins/com.st.stm32cube.ide.mcu.externaltools.gnu-tools-for-stm32.10.3-2021.10.macos64_1.0.200.202301161003/tools/bin/../lib/gcc/arm-none-eabi/10.3.1/../../../../arm-none-eabi/lib/thumb/v7e-m+fp/hard/libc_nano.a(lib_a-errno.o)
 .ARM.attributes
                0x00000000000004eb       0x34 /Applications/STM32CubeIDE.app/Contents/Eclipse/plugins/com.st.stm32cube.ide.mcu.externaltools.gnu-tools-for-stm32.10.3-2021.10.macos64_1.0.200.202301161003/tools/bin/../lib/gcc/arm-none-eabi/10.3.1/../../../../arm-none-eabi/lib/thumb/v7e-m+fp/hard/libc_nano.a(lib_a-impure.o)
 .ARM.attributes
                0x000000000000051f       0x34 /Applications/STM32CubeIDE.app/Contents/Eclipse/plugins/com.st.stm32cube.ide.mcu.externaltools.gnu-tools-for-stm32.10.3-2021.10.macos64_1.0.200.202301161003/tools/bin/../lib/gcc/arm-none-eabi/10.3.1/../../../../arm-none-eabi/lib/thumb/v7e-m+fp/hard/libc_nano.a(lib_a-init.o)
 .ARM.attributes
                0x0000000000000553       0x34 /Applications/STM32CubeIDE.app/Contents/Eclipse/plugins/com.st.stm32cube.ide.mcu.externaltools.gnu-tools-for-stm32.10.3-2021.10.macos64_1.0.200.202301161003/tools/bin/../lib/gcc/arm-none-eabi/10.3.1/../../../../arm-none-eabi/lib/thumb/v7e-m+fp/hard/libc_nano.a(lib_a-memcpy-stub.o)
 .ARM.attributes
                0x0000000000000587       0x34 /Applications/STM32CubeIDE.app/Contents/Eclipse/plugins/com.st.stm32cube.ide.mcu.externaltools.gnu-tools-for-stm32.10.3-2021.10.macos64_1.0.200.202301161003/tools/bin/../lib/gcc/arm-none-eabi/10.3.1/../../../../arm-none-eabi/lib/thumb/v7e-m+fp/hard/libc_nano.a(lib_a-memset.o)
 .ARM.attributes
                0x00000000000005bb       0x1c /Applications/STM32CubeIDE.app/Contents/Eclipse/plugins/com.st.stm32cube.ide.mcu.externaltools.gnu-tools-for-stm32.10.3-2021.10.macos64_1.0.200.202301161003/tools/bin/../lib/gcc/arm-none-eabi/10.3.1/../../../../arm-none-eabi/lib/thumb/v7e-m+fp/hard/libc_nano.a(lib_a-strcmp.o)
 .ARM.attributes
                0x00000000000005d7       0x34 /Applications/STM32CubeIDE.app/Contents/Eclipse/plugins/com.st.stm32cube.ide.mcu.externaltools.gnu-tools-for-stm32.10.3-2021.10.macos64_1.0.200.202301161003/tools/bin/../lib/gcc/arm-none-eabi/10.3.1/../../../../arm-none-eabi/lib/thumb/v7e-m+fp/hard/libc_nano.a(lib_a-strtol.o)
 .ARM.attributes
                0x000000000000060b       0x34 /Applications/STM32CubeIDE.app/Contents/Eclipse/plugins/com.st.stm32cube.ide.mcu.externaltools.gnu-tools-for-stm32.10.3-2021.10.macos64_1.0.200.202301161003/tools/bin/../lib/gcc/arm-none-eabi/10.3.1/../../../../arm-none-eabi/lib/thumb/v7e-m+fp/hard/libc_nano.a(lib_a-ctype_.o)
 .ARM.attributes
                0x000000000000063f       0x34 /Applications/STM32CubeIDE.app/Contents/Eclipse/plugins/com.st.stm32cube.ide.mcu.externaltools.gnu-tools-for-stm32.10.3-2021.10.macos64_1.0.200.202301161003/tools/bin/../lib/gcc/arm-none-eabi/10.3.1/../../../../arm-none-eabi/lib/thumb/v7e-m+fp/hard/libc_nano.a(lib_a-findfp.o)
 .ARM.attributes
                0x0000000000000673       0x1e /Applications/STM32CubeIDE.app/Contents/Eclipse/plugins/com.st.stm32cube.ide.mcu.externaltools.gnu-tools-for-stm32.10.3-2021.10.macos64_1.0.200.202301161003/tools/bin/../lib/gcc/arm-none-eabi/10.3.1/thumb/v7e-m+fp/hard/libgcc.a(_aeabi_uldivmod.o)
 .ARM.attributes
                0x0000000000000691       0x34 /Applications/STM32CubeIDE.app/Contents/Eclipse/plugins/com.st.stm32cube.ide.mcu.externaltools.gnu-tools-for-stm32.10.3-2021.10.macos64_1.0.200.202301161003/tools/bin/../lib/gcc/arm-none-eabi/10.3.1/thumb/v7e-m+fp/hard/libgcc.a(_udivmoddi4.o)
 .ARM.attributes
                0x00000000000006c5       0x1e /Applications/STM32CubeIDE.app/Contents/Eclipse/plugins/com.st.stm32cube.ide.mcu.externaltools.gnu-tools-for-stm32.10.3-2021.10.macos64_1.0.200.202301161003/tools/bin/../lib/gcc/arm-none-eabi/10.3.1/thumb/v7e-m+fp/hard/libgcc.a(_dvmd_tls.o)
 .ARM.attributes
                0x00000000000006e3       0x1e /Applications/STM32CubeIDE.app/Contents/Eclipse/plugins/com.st.stm32cube.ide.mcu.externaltools.gnu-tools-for-stm32.10.3-2021.10.macos64_1.0.200.202301161003/tools/bin/../lib/gcc/arm-none-eabi/10.3.1/thumb/v7e-m+fp/hard/crtn.o
OUTPUT(swont_ide.elf elf32-littlearm)
LOAD linker stubs
LOAD /Applications/STM32CubeIDE.app/Contents/Eclipse/plugins/com.st.stm32cube.ide.mcu.externaltools.gnu-tools-for-stm32.10.3-2021.10.macos64_1.0.200.202301161003/tools/bin/../lib/gcc/arm-none-eabi/10.3.1/../../../../arm-none-eabi/lib/thumb/v7e-m+fp/hard/libc.a
LOAD /Applications/STM32CubeIDE.app/Contents/Eclipse/plugins/com.st.stm32cube.ide.mcu.externaltools.gnu-tools-for-stm32.10.3-2021.10.macos64_1.0.200.202301161003/tools/bin/../lib/gcc/arm-none-eabi/10.3.1/../../../../arm-none-eabi/lib/thumb/v7e-m+fp/hard/libm.a
LOAD /Applications/STM32CubeIDE.app/Contents/Eclipse/plugins/com.st.stm32cube.ide.mcu.externaltools.gnu-tools-for-stm32.10.3-2021.10.macos64_1.0.200.202301161003/tools/bin/../lib/gcc/arm-none-eabi/10.3.1/thumb/v7e-m+fp/hard/libgcc.a

.debug_info     0x0000000000000000     0xdb4d
 .debug_info    0x0000000000000000      0x223 ./Core/Front_Layer/Commands.o
 .debug_info    0x0000000000000223      0x9a7 ./Core/Front_Layer/Parser.o
 .debug_info    0x0000000000000bca      0x4f3 ./Core/Src/dma.o
 .debug_info    0x00000000000010bd      0x478 ./Core/Src/gpio.o
 .debug_info    0x0000000000001535      0xce4 ./Core/Src/main.o
 .debug_info    0x0000000000002219      0x2af ./Core/Src/stm32f4xx_hal_msp.o
 .debug_info    0x00000000000024c8      0xb17 ./Core/Src/stm32f4xx_it.o
 .debug_info    0x0000000000002fdf      0x523 ./Core/Src/system_stm32f4xx.o
 .debug_info    0x0000000000003502      0xf00 ./Core/Src/tim.o
 .debug_info    0x0000000000004402      0xbf2 ./Core/Src/usart.o
 .debug_info    0x0000000000004ff4       0x22 ./Core/Startup/startup_stm32f407vgtx.o
 .debug_info    0x0000000000005016      0x4f6 ./Core/ub_lib/drawshapes.o
 .debug_info    0x000000000000550c      0x893 ./Core/ub_lib/stm32_ub_vga_screen.o
 .debug_info    0x0000000000005d9f      0x97c ./Drivers/STM32F4xx_HAL_Driver/Src/stm32f4xx_hal.o
 .debug_info    0x000000000000671b      0xe1b ./Drivers/STM32F4xx_HAL_Driver/Src/stm32f4xx_hal_cortex.o
 .debug_info    0x0000000000007536      0x94f ./Drivers/STM32F4xx_HAL_Driver/Src/stm32f4xx_hal_dma.o
 .debug_info    0x0000000000007e85      0x75a ./Drivers/STM32F4xx_HAL_Driver/Src/stm32f4xx_hal_gpio.o
 .debug_info    0x00000000000085df      0x966 ./Drivers/STM32F4xx_HAL_Driver/Src/stm32f4xx_hal_rcc.o
 .debug_info    0x0000000000008f45     0x266a ./Drivers/STM32F4xx_HAL_Driver/Src/stm32f4xx_hal_tim.o
 .debug_info    0x000000000000b5af     0x128a ./Drivers/STM32F4xx_HAL_Driver/Src/stm32f4xx_hal_tim_ex.o
 .debug_info    0x000000000000c839     0x1314 ./Drivers/STM32F4xx_HAL_Driver/Src/stm32f4xx_hal_uart.o

.debug_abbrev   0x0000000000000000     0x265b
 .debug_abbrev  0x0000000000000000      0x142 ./Core/Front_Layer/Commands.o
 .debug_abbrev  0x0000000000000142      0x1f0 ./Core/Front_Layer/Parser.o
 .debug_abbrev  0x0000000000000332      0x10a ./Core/Src/dma.o
 .debug_abbrev  0x000000000000043c      0x146 ./Core/Src/gpio.o
 .debug_abbrev  0x0000000000000582      0x2b2 ./Core/Src/main.o
 .debug_abbrev  0x0000000000000834       0xd4 ./Core/Src/stm32f4xx_hal_msp.o
 .debug_abbrev  0x0000000000000908      0x210 ./Core/Src/stm32f4xx_it.o
 .debug_abbrev  0x0000000000000b18      0x116 ./Core/Src/system_stm32f4xx.o
 .debug_abbrev  0x0000000000000c2e      0x219 ./Core/Src/tim.o
 .debug_abbrev  0x0000000000000e47      0x1fe ./Core/Src/usart.o
 .debug_abbrev  0x0000000000001045       0x12 ./Core/Startup/startup_stm32f407vgtx.o
 .debug_abbrev  0x0000000000001057      0x10f ./Core/ub_lib/drawshapes.o
 .debug_abbrev  0x0000000000001166      0x1ef ./Core/ub_lib/stm32_ub_vga_screen.o
 .debug_abbrev  0x0000000000001355      0x20d ./Drivers/STM32F4xx_HAL_Driver/Src/stm32f4xx_hal.o
 .debug_abbrev  0x0000000000001562      0x316 ./Drivers/STM32F4xx_HAL_Driver/Src/stm32f4xx_hal_cortex.o
 .debug_abbrev  0x0000000000001878      0x25b ./Drivers/STM32F4xx_HAL_Driver/Src/stm32f4xx_hal_dma.o
 .debug_abbrev  0x0000000000001ad3      0x1c4 ./Drivers/STM32F4xx_HAL_Driver/Src/stm32f4xx_hal_gpio.o
 .debug_abbrev  0x0000000000001c97      0x2aa ./Drivers/STM32F4xx_HAL_Driver/Src/stm32f4xx_hal_rcc.o
 .debug_abbrev  0x0000000000001f41      0x25d ./Drivers/STM32F4xx_HAL_Driver/Src/stm32f4xx_hal_tim.o
 .debug_abbrev  0x000000000000219e      0x24b ./Drivers/STM32F4xx_HAL_Driver/Src/stm32f4xx_hal_tim_ex.o
 .debug_abbrev  0x00000000000023e9      0x272 ./Drivers/STM32F4xx_HAL_Driver/Src/stm32f4xx_hal_uart.o

.debug_aranges  0x0000000000000000      0xcf0
 .debug_aranges
                0x0000000000000000       0x28 ./Core/Front_Layer/Commands.o
 .debug_aranges
                0x0000000000000028       0x40 ./Core/Front_Layer/Parser.o
 .debug_aranges
                0x0000000000000068       0x20 ./Core/Src/dma.o
 .debug_aranges
                0x0000000000000088       0x20 ./Core/Src/gpio.o
 .debug_aranges
                0x00000000000000a8       0x38 ./Core/Src/main.o
 .debug_aranges
                0x00000000000000e0       0x20 ./Core/Src/stm32f4xx_hal_msp.o
 .debug_aranges
                0x0000000000000100       0x78 ./Core/Src/stm32f4xx_it.o
 .debug_aranges
                0x0000000000000178       0x28 ./Core/Src/system_stm32f4xx.o
 .debug_aranges
                0x00000000000001a0       0x50 ./Core/Src/tim.o
 .debug_aranges
                0x00000000000001f0       0x30 ./Core/Src/usart.o
 .debug_aranges
                0x0000000000000220       0x28 ./Core/Startup/startup_stm32f407vgtx.o
 .debug_aranges
                0x0000000000000248       0x38 ./Core/ub_lib/drawshapes.o
 .debug_aranges
                0x0000000000000280       0x30 ./Core/ub_lib/stm32_ub_vga_screen.o
 .debug_aranges
                0x00000000000002b0       0xf0 ./Drivers/STM32F4xx_HAL_Driver/Src/stm32f4xx_hal.o
 .debug_aranges
                0x00000000000003a0      0x118 ./Drivers/STM32F4xx_HAL_Driver/Src/stm32f4xx_hal_cortex.o
 .debug_aranges
                0x00000000000004b8       0x90 ./Drivers/STM32F4xx_HAL_Driver/Src/stm32f4xx_hal_dma.o
 .debug_aranges
                0x0000000000000548       0x58 ./Drivers/STM32F4xx_HAL_Driver/Src/stm32f4xx_hal_gpio.o
 .debug_aranges
                0x00000000000005a0       0x88 ./Drivers/STM32F4xx_HAL_Driver/Src/stm32f4xx_hal_rcc.o
 .debug_aranges
                0x0000000000000628      0x3a8 ./Drivers/STM32F4xx_HAL_Driver/Src/stm32f4xx_hal_tim.o
 .debug_aranges
                0x00000000000009d0      0x150 ./Drivers/STM32F4xx_HAL_Driver/Src/stm32f4xx_hal_tim_ex.o
 .debug_aranges
                0x0000000000000b20      0x1d0 ./Drivers/STM32F4xx_HAL_Driver/Src/stm32f4xx_hal_uart.o

.debug_ranges   0x0000000000000000      0xba8
 .debug_ranges  0x0000000000000000       0x18 ./Core/Front_Layer/Commands.o
 .debug_ranges  0x0000000000000018       0x30 ./Core/Front_Layer/Parser.o
 .debug_ranges  0x0000000000000048       0x10 ./Core/Src/dma.o
 .debug_ranges  0x0000000000000058       0x10 ./Core/Src/gpio.o
 .debug_ranges  0x0000000000000068       0x28 ./Core/Src/main.o
 .debug_ranges  0x0000000000000090       0x10 ./Core/Src/stm32f4xx_hal_msp.o
 .debug_ranges  0x00000000000000a0       0x68 ./Core/Src/stm32f4xx_it.o
 .debug_ranges  0x0000000000000108       0x18 ./Core/Src/system_stm32f4xx.o
 .debug_ranges  0x0000000000000120       0x40 ./Core/Src/tim.o
 .debug_ranges  0x0000000000000160       0x20 ./Core/Src/usart.o
 .debug_ranges  0x0000000000000180       0x20 ./Core/Startup/startup_stm32f407vgtx.o
 .debug_ranges  0x00000000000001a0       0x28 ./Core/ub_lib/drawshapes.o
 .debug_ranges  0x00000000000001c8       0x20 ./Core/ub_lib/stm32_ub_vga_screen.o
 .debug_ranges  0x00000000000001e8       0xe0 ./Drivers/STM32F4xx_HAL_Driver/Src/stm32f4xx_hal.o
 .debug_ranges  0x00000000000002c8      0x108 ./Drivers/STM32F4xx_HAL_Driver/Src/stm32f4xx_hal_cortex.o
 .debug_ranges  0x00000000000003d0       0x80 ./Drivers/STM32F4xx_HAL_Driver/Src/stm32f4xx_hal_dma.o
 .debug_ranges  0x0000000000000450       0x48 ./Drivers/STM32F4xx_HAL_Driver/Src/stm32f4xx_hal_gpio.o
 .debug_ranges  0x0000000000000498       0x78 ./Drivers/STM32F4xx_HAL_Driver/Src/stm32f4xx_hal_rcc.o
 .debug_ranges  0x0000000000000510      0x398 ./Drivers/STM32F4xx_HAL_Driver/Src/stm32f4xx_hal_tim.o
 .debug_ranges  0x00000000000008a8      0x140 ./Drivers/STM32F4xx_HAL_Driver/Src/stm32f4xx_hal_tim_ex.o
 .debug_ranges  0x00000000000009e8      0x1c0 ./Drivers/STM32F4xx_HAL_Driver/Src/stm32f4xx_hal_uart.o

.debug_macro    0x0000000000000000    0x232ab
 .debug_macro   0x0000000000000000      0x3c2 ./Core/Front_Layer/Commands.o
 .debug_macro   0x00000000000003c2      0xa78 ./Core/Front_Layer/Commands.o
 .debug_macro   0x0000000000000e3a      0x294 ./Core/Front_Layer/Commands.o
 .debug_macro   0x00000000000010ce       0x2e ./Core/Front_Layer/Commands.o
 .debug_macro   0x00000000000010fc       0x2f ./Core/Front_Layer/Commands.o
 .debug_macro   0x000000000000112b       0x22 ./Core/Front_Layer/Commands.o
 .debug_macro   0x000000000000114d       0x8e ./Core/Front_Layer/Commands.o
 .debug_macro   0x00000000000011db       0x51 ./Core/Front_Layer/Commands.o
 .debug_macro   0x000000000000122c      0x103 ./Core/Front_Layer/Commands.o
 .debug_macro   0x000000000000132f       0x6a ./Core/Front_Layer/Commands.o
 .debug_macro   0x0000000000001399      0x1df ./Core/Front_Layer/Commands.o
 .debug_macro   0x0000000000001578       0x1c ./Core/Front_Layer/Commands.o
 .debug_macro   0x0000000000001594       0x22 ./Core/Front_Layer/Commands.o
 .debug_macro   0x00000000000015b6       0xd9 ./Core/Front_Layer/Commands.o
 .debug_macro   0x000000000000168f     0x102d ./Core/Front_Layer/Commands.o
 .debug_macro   0x00000000000026bc      0x11f ./Core/Front_Layer/Commands.o
 .debug_macro   0x00000000000027db    0x15e3c ./Core/Front_Layer/Commands.o
 .debug_macro   0x0000000000018617       0x43 ./Core/Front_Layer/Commands.o
 .debug_macro   0x000000000001865a     0x3659 ./Core/Front_Layer/Commands.o
 .debug_macro   0x000000000001bcb3      0x174 ./Core/Front_Layer/Commands.o
 .debug_macro   0x000000000001be27       0x5a ./Core/Front_Layer/Commands.o
 .debug_macro   0x000000000001be81      0x96b ./Core/Front_Layer/Commands.o
 .debug_macro   0x000000000001c7ec      0x9fe ./Core/Front_Layer/Commands.o
 .debug_macro   0x000000000001d1ea      0x117 ./Core/Front_Layer/Commands.o
 .debug_macro   0x000000000001d301      0x13e ./Core/Front_Layer/Commands.o
 .debug_macro   0x000000000001d43f       0x27 ./Core/Front_Layer/Commands.o
 .debug_macro   0x000000000001d466      0x174 ./Core/Front_Layer/Commands.o
 .debug_macro   0x000000000001d5da      0x287 ./Core/Front_Layer/Commands.o
 .debug_macro   0x000000000001d861       0x5f ./Core/Front_Layer/Commands.o
 .debug_macro   0x000000000001d8c0      0x236 ./Core/Front_Layer/Commands.o
 .debug_macro   0x000000000001daf6      0x12c ./Core/Front_Layer/Commands.o
 .debug_macro   0x000000000001dc22      0x21e ./Core/Front_Layer/Commands.o
 .debug_macro   0x000000000001de40       0x2e ./Core/Front_Layer/Commands.o
 .debug_macro   0x000000000001de6e      0x11a ./Core/Front_Layer/Commands.o
 .debug_macro   0x000000000001df88       0x7e ./Core/Front_Layer/Commands.o
 .debug_macro   0x000000000001e006       0x89 ./Core/Front_Layer/Commands.o
 .debug_macro   0x000000000001e08f      0x8a0 ./Core/Front_Layer/Commands.o
 .debug_macro   0x000000000001e92f       0x47 ./Core/Front_Layer/Commands.o
 .debug_macro   0x000000000001e976      0x287 ./Core/Front_Layer/Commands.o
 .debug_macro   0x000000000001ebfd      0x12d ./Core/Front_Layer/Commands.o
 .debug_macro   0x000000000001ed2a       0x52 ./Core/Front_Layer/Commands.o
 .debug_macro   0x000000000001ed7c       0x1e ./Core/Front_Layer/Commands.o
 .debug_macro   0x000000000001ed9a       0x3c ./Core/Front_Layer/Commands.o
 .debug_macro   0x000000000001edd6       0x34 ./Core/Front_Layer/Commands.o
 .debug_macro   0x000000000001ee0a       0x16 ./Core/Front_Layer/Commands.o
 .debug_macro   0x000000000001ee20       0x35 ./Core/Front_Layer/Commands.o
 .debug_macro   0x000000000001ee55      0x341 ./Core/Front_Layer/Commands.o
 .debug_macro   0x000000000001f196       0x10 ./Core/Front_Layer/Commands.o
 .debug_macro   0x000000000001f1a6       0x16 ./Core/Front_Layer/Commands.o
 .debug_macro   0x000000000001f1bc       0x43 ./Core/Front_Layer/Commands.o
 .debug_macro   0x000000000001f1ff       0x34 ./Core/Front_Layer/Commands.o
 .debug_macro   0x000000000001f233       0x10 ./Core/Front_Layer/Commands.o
 .debug_macro   0x000000000001f243       0x58 ./Core/Front_Layer/Commands.o
 .debug_macro   0x000000000001f29b       0x71 ./Core/Front_Layer/Commands.o
 .debug_macro   0x000000000001f30c       0x1c ./Core/Front_Layer/Commands.o
 .debug_macro   0x000000000001f328      0x12a ./Core/Front_Layer/Commands.o
 .debug_macro   0x000000000001f452       0x10 ./Core/Front_Layer/Commands.o
 .debug_macro   0x000000000001f462       0x1c ./Core/Front_Layer/Commands.o
 .debug_macro   0x000000000001f47e       0x52 ./Core/Front_Layer/Commands.o
 .debug_macro   0x000000000001f4d0       0x22 ./Core/Front_Layer/Commands.o
 .debug_macro   0x000000000001f4f2       0x10 ./Core/Front_Layer/Commands.o
 .debug_macro   0x000000000001f502       0x52 ./Core/Front_Layer/Commands.o
 .debug_macro   0x000000000001f554       0xd5 ./Core/Front_Layer/Commands.o
 .debug_macro   0x000000000001f629       0x1c ./Core/Front_Layer/Commands.o
 .debug_macro   0x000000000001f645       0x3d ./Core/Front_Layer/Commands.o
 .debug_macro   0x000000000001f682       0x16 ./Core/Front_Layer/Commands.o
 .debug_macro   0x000000000001f698      0x145 ./Core/Front_Layer/Commands.o
 .debug_macro   0x000000000001f7dd       0x16 ./Core/Front_Layer/Commands.o
 .debug_macro   0x000000000001f7f3       0x20 ./Core/Front_Layer/Commands.o
 .debug_macro   0x000000000001f813       0x16 ./Core/Front_Layer/Commands.o
 .debug_macro   0x000000000001f829       0x16 ./Core/Front_Layer/Commands.o
 .debug_macro   0x000000000001f83f       0x29 ./Core/Front_Layer/Commands.o
 .debug_macro   0x000000000001f868       0xd0 ./Core/Front_Layer/Commands.o
 .debug_macro   0x000000000001f938       0xa0 ./Core/Front_Layer/Commands.o
 .debug_macro   0x000000000001f9d8       0x10 ./Core/Front_Layer/Commands.o
 .debug_macro   0x000000000001f9e8      0x3df ./Core/Front_Layer/Parser.o
 .debug_macro   0x000000000001fdc7       0x10 ./Core/Front_Layer/Parser.o
 .debug_macro   0x000000000001fdd7      0x3bd ./Core/Src/dma.o
 .debug_macro   0x0000000000020194      0x3bd ./Core/Src/gpio.o
 .debug_macro   0x0000000000020551      0x3f9 ./Core/Src/main.o
 .debug_macro   0x000000000002094a       0x16 ./Core/Src/main.o
 .debug_macro   0x0000000000020960      0x3b3 ./Core/Src/stm32f4xx_hal_msp.o
 .debug_macro   0x0000000000020d13      0x3bd ./Core/Src/stm32f4xx_it.o
 .debug_macro   0x00000000000210d0      0x1d4 ./Core/Src/system_stm32f4xx.o
 .debug_macro   0x00000000000212a4      0x3bd ./Core/Src/tim.o
 .debug_macro   0x0000000000021661      0x3bd ./Core/Src/usart.o
 .debug_macro   0x0000000000021a1e      0x3d9 ./Core/ub_lib/drawshapes.o
 .debug_macro   0x0000000000021df7       0x34 ./Core/ub_lib/drawshapes.o
 .debug_macro   0x0000000000021e2b      0x19b ./Core/ub_lib/drawshapes.o
 .debug_macro   0x0000000000021fc6      0x3b3 ./Core/ub_lib/stm32_ub_vga_screen.o
 .debug_macro   0x0000000000022379      0x22e ./Drivers/STM32F4xx_HAL_Driver/Src/stm32f4xx_hal.o
 .debug_macro   0x00000000000225a7      0x1ce ./Drivers/STM32F4xx_HAL_Driver/Src/stm32f4xx_hal_cortex.o
 .debug_macro   0x0000000000022775      0x1d4 ./Drivers/STM32F4xx_HAL_Driver/Src/stm32f4xx_hal_dma.o
 .debug_macro   0x0000000000022949      0x204 ./Drivers/STM32F4xx_HAL_Driver/Src/stm32f4xx_hal_gpio.o
 .debug_macro   0x0000000000022b4d      0x1f2 ./Drivers/STM32F4xx_HAL_Driver/Src/stm32f4xx_hal_rcc.o
 .debug_macro   0x0000000000022d3f      0x1cf ./Drivers/STM32F4xx_HAL_Driver/Src/stm32f4xx_hal_tim.o
 .debug_macro   0x0000000000022f0e      0x1ce ./Drivers/STM32F4xx_HAL_Driver/Src/stm32f4xx_hal_tim_ex.o
 .debug_macro   0x00000000000230dc      0x1cf ./Drivers/STM32F4xx_HAL_Driver/Src/stm32f4xx_hal_uart.o

.debug_line     0x0000000000000000    0x10f5a
 .debug_line    0x0000000000000000      0x9f3 ./Core/Front_Layer/Commands.o
 .debug_line    0x00000000000009f3      0xb1d ./Core/Front_Layer/Parser.o
 .debug_line    0x0000000000001510      0x9ab ./Core/Src/dma.o
 .debug_line    0x0000000000001ebb      0x9cd ./Core/Src/gpio.o
 .debug_line    0x0000000000002888      0xb8e ./Core/Src/main.o
 .debug_line    0x0000000000003416      0x9b0 ./Core/Src/stm32f4xx_hal_msp.o
 .debug_line    0x0000000000003dc6      0xb6d ./Core/Src/stm32f4xx_it.o
 .debug_line    0x0000000000004933      0x777 ./Core/Src/system_stm32f4xx.o
 .debug_line    0x00000000000050aa      0xb12 ./Core/Src/tim.o
 .debug_line    0x0000000000005bbc      0xa1a ./Core/Src/usart.o
 .debug_line    0x00000000000065d6       0x85 ./Core/Startup/startup_stm32f407vgtx.o
 .debug_line    0x000000000000665b      0xcfd ./Core/ub_lib/drawshapes.o
 .debug_line    0x0000000000007358      0xa54 ./Core/ub_lib/stm32_ub_vga_screen.o
 .debug_line    0x0000000000007dac      0x9d7 ./Drivers/STM32F4xx_HAL_Driver/Src/stm32f4xx_hal.o
 .debug_line    0x0000000000008783      0xc86 ./Drivers/STM32F4xx_HAL_Driver/Src/stm32f4xx_hal_cortex.o
 .debug_line    0x0000000000009409      0xf42 ./Drivers/STM32F4xx_HAL_Driver/Src/stm32f4xx_hal_dma.o
 .debug_line    0x000000000000a34b      0xb5f ./Drivers/STM32F4xx_HAL_Driver/Src/stm32f4xx_hal_gpio.o
 .debug_line    0x000000000000aeaa      0xd3c ./Drivers/STM32F4xx_HAL_Driver/Src/stm32f4xx_hal_rcc.o
 .debug_line    0x000000000000bbe6     0x29bd ./Drivers/STM32F4xx_HAL_Driver/Src/stm32f4xx_hal_tim.o
 .debug_line    0x000000000000e5a3     0x11c8 ./Drivers/STM32F4xx_HAL_Driver/Src/stm32f4xx_hal_tim_ex.o
 .debug_line    0x000000000000f76b     0x17ef ./Drivers/STM32F4xx_HAL_Driver/Src/stm32f4xx_hal_uart.o

.debug_str      0x0000000000000000    0xcaac1
 .debug_str     0x0000000000000000    0xc64f4 ./Core/Front_Layer/Commands.o
                                      0xc677f (size before relaxing)
 .debug_str     0x00000000000c64f4      0x5bb ./Core/Front_Layer/Parser.o
                                      0xc6d6c (size before relaxing)
 .debug_str     0x00000000000c6aaf      0x628 ./Core/Src/dma.o
                                      0xc6ca2 (size before relaxing)
 .debug_str     0x00000000000c70d7       0xdc ./Core/Src/gpio.o
                                      0xc6850 (size before relaxing)
 .debug_str     0x00000000000c71b3      0x316 ./Core/Src/main.o
                                      0xc6fe5 (size before relaxing)
 .debug_str     0x00000000000c74c9       0x2c ./Core/Src/stm32f4xx_hal_msp.o
                                      0xc6787 (size before relaxing)
 .debug_str     0x00000000000c74f5      0x31f ./Core/Src/stm32f4xx_it.o
                                      0xc6e7f (size before relaxing)
 .debug_str     0x00000000000c7814       0xf0 ./Core/Src/system_stm32f4xx.o
                                      0xc23bf (size before relaxing)
 .debug_str     0x00000000000c7904      0x252 ./Core/Src/tim.o
                                      0xc7416 (size before relaxing)
 .debug_str     0x00000000000c7b56       0x56 ./Core/Src/usart.o
                                      0xc71f4 (size before relaxing)
 .debug_str     0x00000000000c7bac       0x36 ./Core/Startup/startup_stm32f407vgtx.o
                                         0x96 (size before relaxing)
 .debug_str     0x00000000000c7be2      0x919 ./Core/ub_lib/drawshapes.o
                                      0xc6fa8 (size before relaxing)
 .debug_str     0x00000000000c84fb       0x70 ./Core/ub_lib/stm32_ub_vga_screen.o
                                      0xc6c07 (size before relaxing)
 .debug_str     0x00000000000c856b      0x617 ./Drivers/STM32F4xx_HAL_Driver/Src/stm32f4xx_hal.o
                                      0xc2f2e (size before relaxing)
 .debug_str     0x00000000000c8b82      0x326 ./Drivers/STM32F4xx_HAL_Driver/Src/stm32f4xx_hal_cortex.o
                                      0xc2c61 (size before relaxing)
 .debug_str     0x00000000000c8ea8      0x2e3 ./Drivers/STM32F4xx_HAL_Driver/Src/stm32f4xx_hal_dma.o
                                      0xc27c4 (size before relaxing)
 .debug_str     0x00000000000c918b      0x1c9 ./Drivers/STM32F4xx_HAL_Driver/Src/stm32f4xx_hal_gpio.o
                                      0xc25d2 (size before relaxing)
 .debug_str     0x00000000000c9354      0x233 ./Drivers/STM32F4xx_HAL_Driver/Src/stm32f4xx_hal_rcc.o
                                      0xc27de (size before relaxing)
 .debug_str     0x00000000000c9587      0xc1f ./Drivers/STM32F4xx_HAL_Driver/Src/stm32f4xx_hal_tim.o
                                      0xc3516 (size before relaxing)
 .debug_str     0x00000000000ca1a6      0x447 ./Drivers/STM32F4xx_HAL_Driver/Src/stm32f4xx_hal_tim_ex.o
                                      0xc2d5f (size before relaxing)
 .debug_str     0x00000000000ca5ed      0x4d4 ./Drivers/STM32F4xx_HAL_Driver/Src/stm32f4xx_hal_uart.o
                                      0xc2c56 (size before relaxing)

.comment        0x0000000000000000       0x50
 .comment       0x0000000000000000       0x50 ./Core/Front_Layer/Commands.o
                                         0x51 (size before relaxing)
 .comment       0x0000000000000050       0x51 ./Core/Front_Layer/Parser.o
 .comment       0x0000000000000050       0x51 ./Core/Src/dma.o
 .comment       0x0000000000000050       0x51 ./Core/Src/gpio.o
 .comment       0x0000000000000050       0x51 ./Core/Src/main.o
 .comment       0x0000000000000050       0x51 ./Core/Src/stm32f4xx_hal_msp.o
 .comment       0x0000000000000050       0x51 ./Core/Src/stm32f4xx_it.o
 .comment       0x0000000000000050       0x51 ./Core/Src/system_stm32f4xx.o
 .comment       0x0000000000000050       0x51 ./Core/Src/tim.o
 .comment       0x0000000000000050       0x51 ./Core/Src/usart.o
 .comment       0x0000000000000050       0x51 ./Core/ub_lib/drawshapes.o
 .comment       0x0000000000000050       0x51 ./Core/ub_lib/stm32_ub_vga_screen.o
 .comment       0x0000000000000050       0x51 ./Drivers/STM32F4xx_HAL_Driver/Src/stm32f4xx_hal.o
 .comment       0x0000000000000050       0x51 ./Drivers/STM32F4xx_HAL_Driver/Src/stm32f4xx_hal_cortex.o
 .comment       0x0000000000000050       0x51 ./Drivers/STM32F4xx_HAL_Driver/Src/stm32f4xx_hal_dma.o
 .comment       0x0000000000000050       0x51 ./Drivers/STM32F4xx_HAL_Driver/Src/stm32f4xx_hal_gpio.o
 .comment       0x0000000000000050       0x51 ./Drivers/STM32F4xx_HAL_Driver/Src/stm32f4xx_hal_rcc.o
 .comment       0x0000000000000050       0x51 ./Drivers/STM32F4xx_HAL_Driver/Src/stm32f4xx_hal_tim.o
 .comment       0x0000000000000050       0x51 ./Drivers/STM32F4xx_HAL_Driver/Src/stm32f4xx_hal_tim_ex.o
 .comment       0x0000000000000050       0x51 ./Drivers/STM32F4xx_HAL_Driver/Src/stm32f4xx_hal_uart.o

.debug_frame    0x0000000000000000     0x3694
 .debug_frame   0x0000000000000000       0x74 ./Core/Front_Layer/Commands.o
 .debug_frame   0x0000000000000074       0xfc ./Core/Front_Layer/Parser.o
 .debug_frame   0x0000000000000170       0x34 ./Core/Src/dma.o
 .debug_frame   0x00000000000001a4       0x34 ./Core/Src/gpio.o
 .debug_frame   0x00000000000001d8       0x9c ./Core/Src/main.o
 .debug_frame   0x0000000000000274       0x38 ./Core/Src/stm32f4xx_hal_msp.o
 .debug_frame   0x00000000000002ac      0x168 ./Core/Src/stm32f4xx_it.o
 .debug_frame   0x0000000000000414       0x58 ./Core/Src/system_stm32f4xx.o
 .debug_frame   0x000000000000046c      0x10c ./Core/Src/tim.o
 .debug_frame   0x0000000000000578       0x74 ./Core/Src/usart.o
 .debug_frame   0x00000000000005ec       0xac ./Core/ub_lib/drawshapes.o
 .debug_frame   0x0000000000000698       0x78 ./Core/ub_lib/stm32_ub_vga_screen.o
 .debug_frame   0x0000000000000710      0x374 ./Drivers/STM32F4xx_HAL_Driver/Src/stm32f4xx_hal.o
 .debug_frame   0x0000000000000a84      0x498 ./Drivers/STM32F4xx_HAL_Driver/Src/stm32f4xx_hal_cortex.o
 .debug_frame   0x0000000000000f1c      0x250 ./Drivers/STM32F4xx_HAL_Driver/Src/stm32f4xx_hal_dma.o
 .debug_frame   0x000000000000116c      0x14c ./Drivers/STM32F4xx_HAL_Driver/Src/stm32f4xx_hal_gpio.o
 .debug_frame   0x00000000000012b8      0x1f4 ./Drivers/STM32F4xx_HAL_Driver/Src/stm32f4xx_hal_rcc.o
 .debug_frame   0x00000000000014ac     0x10f0 ./Drivers/STM32F4xx_HAL_Driver/Src/stm32f4xx_hal_tim.o
 .debug_frame   0x000000000000259c      0x5c0 ./Drivers/STM32F4xx_HAL_Driver/Src/stm32f4xx_hal_tim_ex.o
 .debug_frame   0x0000000000002b5c      0x844 ./Drivers/STM32F4xx_HAL_Driver/Src/stm32f4xx_hal_uart.o
 .debug_frame   0x00000000000033a0       0x30 /Applications/STM32CubeIDE.app/Contents/Eclipse/plugins/com.st.stm32cube.ide.mcu.externaltools.gnu-tools-for-stm32.10.3-2021.10.macos64_1.0.200.202301161003/tools/bin/../lib/gcc/arm-none-eabi/10.3.1/../../../../arm-none-eabi/lib/thumb/v7e-m+fp/hard/libc_nano.a(lib_a-atoi.o)
 .debug_frame   0x00000000000033d0       0x20 /Applications/STM32CubeIDE.app/Contents/Eclipse/plugins/com.st.stm32cube.ide.mcu.externaltools.gnu-tools-for-stm32.10.3-2021.10.macos64_1.0.200.202301161003/tools/bin/../lib/gcc/arm-none-eabi/10.3.1/../../../../arm-none-eabi/lib/thumb/v7e-m+fp/hard/libc_nano.a(lib_a-errno.o)
 .debug_frame   0x00000000000033f0       0x2c /Applications/STM32CubeIDE.app/Contents/Eclipse/plugins/com.st.stm32cube.ide.mcu.externaltools.gnu-tools-for-stm32.10.3-2021.10.macos64_1.0.200.202301161003/tools/bin/../lib/gcc/arm-none-eabi/10.3.1/../../../../arm-none-eabi/lib/thumb/v7e-m+fp/hard/libc_nano.a(lib_a-init.o)
 .debug_frame   0x000000000000341c       0x28 /Applications/STM32CubeIDE.app/Contents/Eclipse/plugins/com.st.stm32cube.ide.mcu.externaltools.gnu-tools-for-stm32.10.3-2021.10.macos64_1.0.200.202301161003/tools/bin/../lib/gcc/arm-none-eabi/10.3.1/../../../../arm-none-eabi/lib/thumb/v7e-m+fp/hard/libc_nano.a(lib_a-memcpy-stub.o)
 .debug_frame   0x0000000000003444       0x20 /Applications/STM32CubeIDE.app/Contents/Eclipse/plugins/com.st.stm32cube.ide.mcu.externaltools.gnu-tools-for-stm32.10.3-2021.10.macos64_1.0.200.202301161003/tools/bin/../lib/gcc/arm-none-eabi/10.3.1/../../../../arm-none-eabi/lib/thumb/v7e-m+fp/hard/libc_nano.a(lib_a-memset.o)
 .debug_frame   0x0000000000003464       0x20 /Applications/STM32CubeIDE.app/Contents/Eclipse/plugins/com.st.stm32cube.ide.mcu.externaltools.gnu-tools-for-stm32.10.3-2021.10.macos64_1.0.200.202301161003/tools/bin/../lib/gcc/arm-none-eabi/10.3.1/../../../../arm-none-eabi/lib/thumb/v7e-m+fp/hard/libc_nano.a(lib_a-strcmp.o)
 .debug_frame   0x0000000000003484       0x64 /Applications/STM32CubeIDE.app/Contents/Eclipse/plugins/com.st.stm32cube.ide.mcu.externaltools.gnu-tools-for-stm32.10.3-2021.10.macos64_1.0.200.202301161003/tools/bin/../lib/gcc/arm-none-eabi/10.3.1/../../../../arm-none-eabi/lib/thumb/v7e-m+fp/hard/libc_nano.a(lib_a-strtol.o)
 .debug_frame   0x00000000000034e8      0x14c /Applications/STM32CubeIDE.app/Contents/Eclipse/plugins/com.st.stm32cube.ide.mcu.externaltools.gnu-tools-for-stm32.10.3-2021.10.macos64_1.0.200.202301161003/tools/bin/../lib/gcc/arm-none-eabi/10.3.1/../../../../arm-none-eabi/lib/thumb/v7e-m+fp/hard/libc_nano.a(lib_a-findfp.o)
 .debug_frame   0x0000000000003634       0x2c /Applications/STM32CubeIDE.app/Contents/Eclipse/plugins/com.st.stm32cube.ide.mcu.externaltools.gnu-tools-for-stm32.10.3-2021.10.macos64_1.0.200.202301161003/tools/bin/../lib/gcc/arm-none-eabi/10.3.1/thumb/v7e-m+fp/hard/libgcc.a(_aeabi_uldivmod.o)
 .debug_frame   0x0000000000003660       0x34 /Applications/STM32CubeIDE.app/Contents/Eclipse/plugins/com.st.stm32cube.ide.mcu.externaltools.gnu-tools-for-stm32.10.3-2021.10.macos64_1.0.200.202301161003/tools/bin/../lib/gcc/arm-none-eabi/10.3.1/thumb/v7e-m+fp/hard/libgcc.a(_udivmoddi4.o)
